Archive member included to satisfy reference by file (symbol)

app/libapp.a(pyd1598.c.obj)   (--whole-archive)
app/libapp.a(main.cpp.obj)    (--whole-archive)
zephyr/libzephyr.a(cbprintf_packaged.c.obj)
                              (--whole-archive)
zephyr/libzephyr.a(dec.c.obj)
                              (--whole-archive)
zephyr/libzephyr.a(fdtable.c.obj)
                              (--whole-archive)
zephyr/libzephyr.a(hex.c.obj)
                              (--whole-archive)
zephyr/libzephyr.a(printk.c.obj)
                              (--whole-archive)
zephyr/libzephyr.a(rb.c.obj)  (--whole-archive)
zephyr/libzephyr.a(sem.c.obj)
                              (--whole-archive)
zephyr/libzephyr.a(thread_entry.c.obj)
                              (--whole-archive)
zephyr/libzephyr.a(timeutil.c.obj)
                              (--whole-archive)
zephyr/libzephyr.a(heap.c.obj)
                              (--whole-archive)
zephyr/libzephyr.a(heap-validate.c.obj)
                              (--whole-archive)
zephyr/libzephyr.a(bitarray.c.obj)
                              (--whole-archive)
zephyr/libzephyr.a(multi_heap.c.obj)
                              (--whole-archive)
zephyr/libzephyr.a(onoff.c.obj)
                              (--whole-archive)
zephyr/libzephyr.a(notify.c.obj)
                              (--whole-archive)
zephyr/libzephyr.a(cbprintf_complete.c.obj)
                              (--whole-archive)
zephyr/libzephyr.a(assert.c.obj)
                              (--whole-archive)
zephyr/libzephyr.a(configs.c.obj)
                              (--whole-archive)
zephyr/libzephyr.a(soc.c.obj)
                              (--whole-archive)
zephyr/libzephyr.a(soc_nrf_common.S.obj)
                              (--whole-archive)
zephyr/libzephyr.a(soc_secure.c.obj)
                              (--whole-archive)
zephyr/libzephyr.a(validate_base_addresses.c.obj)
                              (--whole-archive)
zephyr/libzephyr.a(validate_enabled_instances.c.obj)
                              (--whole-archive)
zephyr/libzephyr.a(log_minimal.c.obj)
                              (--whole-archive)
zephyr/libzephyr.a(tracing_none.c.obj)
                              (--whole-archive)
zephyr/libzephyr.a(flash_map_partition_manager.c.obj)
                              (--whole-archive)
zephyr/arch/common/libarch__common.a(sw_isr_common.c.obj)
                              (--whole-archive)
zephyr/arch/arch/arm/core/aarch32/libarch__arm__core__aarch32.a(cpu_idle.S.obj)
                              (--whole-archive)
zephyr/arch/arch/arm/core/aarch32/libarch__arm__core__aarch32.a(fatal.c.obj)
                              (--whole-archive)
zephyr/arch/arch/arm/core/aarch32/libarch__arm__core__aarch32.a(irq_manage.c.obj)
                              (--whole-archive)
zephyr/arch/arch/arm/core/aarch32/libarch__arm__core__aarch32.a(nmi.c.obj)
                              (--whole-archive)
zephyr/arch/arch/arm/core/aarch32/libarch__arm__core__aarch32.a(nmi_on_reset.S.obj)
                              (--whole-archive)
zephyr/arch/arch/arm/core/aarch32/libarch__arm__core__aarch32.a(prep_c.c.obj)
                              (--whole-archive)
zephyr/arch/arch/arm/core/aarch32/libarch__arm__core__aarch32.a(swap.c.obj)
                              (--whole-archive)
zephyr/arch/arch/arm/core/aarch32/libarch__arm__core__aarch32.a(swap_helper.S.obj)
                              (--whole-archive)
zephyr/arch/arch/arm/core/aarch32/libarch__arm__core__aarch32.a(thread.c.obj)
                              (--whole-archive)
zephyr/arch/arch/arm/core/aarch32/libarch__arm__core__aarch32.a(isr_wrapper.S.obj)
                              (--whole-archive)
zephyr/arch/arch/arm/core/aarch32/libarch__arm__core__aarch32.a(tls.c.obj)
                              (--whole-archive)
zephyr/arch/arch/arm/core/aarch32/cortex_m/libarch__arm__core__aarch32__cortex_m.a(exc_exit.S.obj)
                              (--whole-archive)
zephyr/arch/arch/arm/core/aarch32/cortex_m/libarch__arm__core__aarch32__cortex_m.a(fault.c.obj)
                              (--whole-archive)
zephyr/arch/arch/arm/core/aarch32/cortex_m/libarch__arm__core__aarch32__cortex_m.a(fault_s.S.obj)
                              (--whole-archive)
zephyr/arch/arch/arm/core/aarch32/cortex_m/libarch__arm__core__aarch32__cortex_m.a(fpu.c.obj)
                              (--whole-archive)
zephyr/arch/arch/arm/core/aarch32/cortex_m/libarch__arm__core__aarch32__cortex_m.a(irq_init.c.obj)
                              (--whole-archive)
zephyr/arch/arch/arm/core/aarch32/cortex_m/libarch__arm__core__aarch32__cortex_m.a(reset.S.obj)
                              (--whole-archive)
zephyr/arch/arch/arm/core/aarch32/cortex_m/libarch__arm__core__aarch32__cortex_m.a(scb.c.obj)
                              (--whole-archive)
zephyr/arch/arch/arm/core/aarch32/cortex_m/libarch__arm__core__aarch32__cortex_m.a(thread_abort.c.obj)
[...]
Memory Configuration

Name             Origin             Length             Attributes
FLASH            0x0000000000008000 0x00000000000f8000 xr
RAM              0x000000002000c568 0x0000000000033a98 xw
IDT_LIST         0x00000000fffff7ff 0x0000000000000800 xw
*default*        0x0000000000000000 0xffffffffffffffff

Linker script and memory map

                0x00000000000121f0                vfprintf = __d_vfprintf
                0x0000000000000000                vfscanf = __d_vfscanf
LOAD zephyr/CMakeFiles/zephyr_pre0.dir/misc/empty_file.c.obj
LOAD zephyr/CMakeFiles/offsets.dir/./arch/arm/core/offsets/offsets.c.obj
LOAD tfm/secure_fw/s_veneers.o
LOAD app/libapp.a
LOAD zephyr/libzephyr.a
LOAD zephyr/arch/common/libarch__common.a
LOAD zephyr/arch/arch/arm/core/aarch32/libarch__arm__core__aarch32.a
LOAD zephyr/arch/arch/arm/core/aarch32/cortex_m/libarch__arm__core__aarch32__cortex_m.a
LOAD zephyr/arch/arch/arm/core/aarch32/cortex_m/cmse/libarch__arm__core__aarch32__cortex_m__cmse.a
LOAD zephyr/arch/arch/arm/core/aarch32/mpu/libarch__arm__core__aarch32__mpu.a
LOAD zephyr/lib/libc/picolibc/liblib__libc__picolibc.a
LOAD zephyr/lib/libc/common/liblib__libc__common.a
LOAD zephyr/soc/soc/arm/common/cortex_m/libsoc__arm__common__cortex_m.a
LOAD zephyr/boards/arm/nrf9160dk_nrf9160/libboards__arm__nrf9160dk_nrf9160.a
LOAD zephyr/subsys/random/libsubsys__random.a
LOAD zephyr/drivers/clock_control/libdrivers__clock_control.a
LOAD zephyr/drivers/console/libdrivers__console.a
LOAD zephyr/drivers/entropy/libdrivers__entropy.a
LOAD zephyr/drivers/gpio/libdrivers__gpio.a
LOAD zephyr/drivers/pinctrl/libdrivers__pinctrl.a
LOAD zephyr/drivers/serial/libdrivers__serial.a
LOAD zephyr/drivers/timer/libdrivers__timer.a
LOAD modules/nrf/lib/nrf_modem_lib/lib..__nrf__lib__nrf_modem_lib.a
LOAD modules/nrf/lib/modem_antenna/lib..__nrf__lib__modem_antenna.a
LOAD modules/nrf/subsys/nrf_security/src/zephyr/libmbedtls_zephyr.a
LOAD modules/nrf/modules/tfm/zephyr/libtfm_api_nrf.a
LOAD modules/trusted-firmware-m/libtfm_api.a
LOAD modules/hal_nordic/nrfx/libmodules__hal_nordic__nrfx.a
LOAD /home/casper/golioth-ncs-workspace/nrfxlib/nrf_modem/lib/nRF9160/soft-float/libmodem.a
LOAD zephyr/kernel/libkernel.a
LOAD /home/casper/zephyr-sdk-0.16.4/arm-zephyr-eabi/bin/../lib/gcc/arm-zephyr-eabi/12.2.0/thumb/v8-m.main/nofp/libgcc.a
LOAD zephyr/arch/common/libisr_tables.a
LOAD modules/nrf/subsys/nrf_security/src/libmbedcrypto.a
LOAD /home/casper/golioth-ncs-workspace/nrfxlib/crypto/nrf_oberon/lib/cortex-m33/soft-float/liboberon_mbedtls_3.0.13.a
LOAD modules/nrf/subsys/nrf_security/src/libmbedcrypto_base.a
LOAD /home/casper/golioth-ncs-workspace/nrfxlib/crypto/nrf_oberon/lib/cortex-m33/soft-float/liboberon_3.0.13.a
LOAD /home/casper/zephyr-sdk-0.16.4/arm-zephyr-eabi/bin/../lib/gcc/../../picolibc/arm-zephyr-eabi/lib/thumb/v8-m.main/nofp/libc.a
LOAD /home/casper/zephyr-sdk-0.16.4/arm-zephyr-eabi/bin/../lib/gcc/arm-zephyr-eabi/12.2.0/thumb/v8-m.main/nofp/libgcc.a
                0x0000000000000020                _region_min_align = 0x20

.rel.plt        0x0000000000008000        0x0
 *(SORT_BY_ALIGNMENT(.rel.plt))
                [!provide]                        PROVIDE (__rel_iplt_start = .)
 *(SORT_BY_ALIGNMENT(.rel.iplt))
 .rel.iplt      0x0000000000008000        0x0 app/libapp.a(pyd1598.c.obj)
                [!provide]                        PROVIDE (__rel_iplt_end = .)

.rela.plt       0x0000000000000000        0x0
 *(SORT_BY_ALIGNMENT(.rela.plt))
                [!provide]                        PROVIDE (__rela_iplt_start = .)
 *(SORT_BY_ALIGNMENT(.rela.iplt))
                [!provide]                        PROVIDE (__rela_iplt_end = .)

.rel.dyn
 *(SORT_BY_ALIGNMENT(.rel.*))

.rela.dyn
 *(SORT_BY_ALIGNMENT(.rela.*))

/DISCARD/
 *(SORT_BY_ALIGNMENT(.plt))

/DISCARD/
 *(SORT_BY_ALIGNMENT(.iplt))
                0x0000000000008000                __rom_region_start = 0x8000

rom_start       0x0000000000008000      0x144
                0x0000000000008000                __rom_start_address = .
                0x0000000000008000                . = (. + (0x0 - (. - __rom_start_address)))
                0x0000000000008000                . = ALIGN (0x4)
                0x0000000000008000                . = ALIGN (0x80)
                0x0000000000008000                . = ALIGN (0x200)
                0x0000000000008000                _vector_start = .
 *(SORT_BY_ALIGNMENT(.exc_vector_table))
 *(SORT_BY_ALIGNMENT(.exc_vector_table.*))
 .exc_vector_table._vector_table_section
                0x0000000000008000       0x40 zephyr/arch/arch/arm/core/aarch32/cortex_m/libarch__arm__core__aarch32__cortex_m.a(vector_table.S.obj)
                0x0000000000008000                _vector_table
 *(SORT_BY_ALIGNMENT(.vectors))
                0x0000000000008144                _vector_end = .
                0x0000000000008040                . = ALIGN (0x4)
 *(SORT_BY_ALIGNMENT(.gnu.linkonce.irq_vector_table*))
 .gnu.linkonce.irq_vector_table
                0x0000000000008040      0x104 zephyr/arch/common/libisr_tables.a(isr_tables.c.obj)
                0x0000000000008040                _irq_vector_table
                0x0000000000008144                _vector_end = .

text            0x0000000000008148     0xbc0c
                0x0000000000008148                __text_region_start = .
 *(SORT_BY_ALIGNMENT(.text))
 .text          0x0000000000008148      0x378 /home/casper/zephyr-sdk-0.16.4/arm-zephyr-eabi/bin/../lib/gcc/arm-zephyr-eabi/12.2.0/thumb/v8-m.main/nofp/libgcc.a(_arm_addsubdf3.o)
                0x0000000000008148                __aeabi_drsub
                0x0000000000008150                __aeabi_dsub
                0x0000000000008150                __subdf3
                0x0000000000008154                __adddf3
                0x0000000000008154                __aeabi_dadd
                0x00000000000083cc                __aeabi_ui2d
                0x00000000000083cc                __floatunsidf
                0x00000000000083ec                __floatsidf
                0x00000000000083ec                __aeabi_i2d
                0x0000000000008410                __extendsfdf2
                0x0000000000008410                __aeabi_f2d
                0x0000000000008454                __aeabi_ul2d
                0x0000000000008454                __floatundidf
                0x0000000000008464                __floatdidf
                0x0000000000008464                __aeabi_l2d
 .text          0x00000000000084c0      0x424 /home/casper/zephyr-sdk-0.16.4/arm-zephyr-eabi/bin/../lib/gcc/arm-zephyr-eabi/12.2.0/thumb/v8-m.main/nofp/libgcc.a(_arm_muldivdf3.o)
                0x00000000000084c0                __aeabi_dmul
                0x00000000000084c0                __muldf3
                0x0000000000008714                __aeabi_ddiv
                0x0000000000008714                __divdf3
 .text          0x00000000000088e4       0xa0 /home/casper/zephyr-sdk-0.16.4/arm-zephyr-eabi/bin/../lib/gcc/arm-zephyr-eabi/12.2.0/thumb/v8-m.main/nofp/libgcc.a(_arm_truncdfsf2.o)
                0x00000000000088e4                __aeabi_d2f
                0x00000000000088e4                __truncdfsf2
 .text          0x0000000000008984       0x30 /home/casper/zephyr-sdk-0.16.4/arm-zephyr-eabi/bin/../lib/gcc/arm-zephyr-eabi/12.2.0/thumb/v8-m.main/nofp/libgcc.a(_aeabi_uldivmod.o)
                0x0000000000008984                __aeabi_uldivmod
 .text          0x00000000000089b4        0x4 /home/casper/zephyr-sdk-0.16.4/arm-zephyr-eabi/bin/../lib/gcc/arm-zephyr-eabi/12.2.0/thumb/v8-m.main/nofp/libgcc.a(_dvmd_tls.o)
                0x00000000000089b4                __aeabi_ldiv0
                0x00000000000089b4                __aeabi_idiv0
 .text          0x00000000000089b8      0x29c /home/casper/zephyr-sdk-0.16.4/arm-zephyr-eabi/bin/../lib/gcc/arm-zephyr-eabi/12.2.0/thumb/v8-m.main/nofp/libgcc.a(_udivmoddi4.o)
                0x00000000000089b8                __udivmoddi4
 .text          0x0000000000008c54       0x10 /home/casper/zephyr-sdk-0.16.4/arm-zephyr-eabi/bin/../lib/gcc/../../picolibc/arm-zephyr-eabi/lib/thumb/v8-m.main/nofp/libc.a(strlen.S.o)
                0x0000000000008c54                strlen
 *(SORT_BY_ALIGNMENT(.text.*))
 *fill*         0x0000000000008c64        0x4 
 .text.main     0x0000000000008c68      0x100 app/libapp.a(main.cpp.obj)
                0x0000000000008c68                main
 .text._OffsetAbsSyms
                0x0000000000008d68        0x4 zephyr/CMakeFiles/offsets.dir/./arch/arm/core/offsets/offsets.c.obj
                0x0000000000008d68                _OffsetAbsSyms
 .text.z_impl_gpio_pin_configure
                0x0000000000008d6c      0x188 app/libapp.a(pyd1598.c.obj)
 .text.pyd1598_init
                0x0000000000008ef4       0x98 app/libapp.a(pyd1598.c.obj)
 .text.pyd1598_push
                0x0000000000008f8c      0x1fc app/libapp.a(pyd1598.c.obj)
                0x0000000000008f8c                pyd1598_push
 .text.pyd1598_fetch
                0x0000000000009188      0x1f8 app/libapp.a(pyd1598.c.obj)
                0x0000000000009188                pyd1598_fetch
 .text.pyd1598_set_operation_mode
                0x0000000000009380       0x1c app/libapp.a(pyd1598.c.obj)
                0x0000000000009380                pyd1598_set_operation_mode
 .text.pyd1598_set_default_config
                0x000000000000939c       0x94 app/libapp.a(pyd1598.c.obj)
                0x000000000000939c                pyd1598_set_default_config
 .text.arch_printk_char_out
                0x0000000000009430        0x4 zephyr/libzephyr.a(printk.c.obj)
                0x0000000000009430                arch_printk_char_out
 .text.char_out
                0x0000000000009434        0xc zephyr/libzephyr.a(printk.c.obj)
 .text.__printk_hook_install
                0x0000000000009440        0xc zephyr/libzephyr.a(printk.c.obj)
                0x0000000000009440                __printk_hook_install
 .text.vprintk  0x000000000000944c       0x30 zephyr/libzephyr.a(printk.c.obj)
                0x000000000000944c                vprintk
 .text.z_thread_entry
                0x000000000000947c       0x2c zephyr/libzephyr.a(thread_entry.c.obj)
                0x000000000000947c                z_thread_entry
 .text.free_list_remove_bidx
                0x00000000000094a8       0x70 zephyr/libzephyr.a(heap.c.obj)
 .text.split_chunks
                0x0000000000009518       0x74 zephyr/libzephyr.a(heap.c.obj)
 .text.merge_chunks
                0x000000000000958c       0x5c zephyr/libzephyr.a(heap.c.obj)
 .text.free_list_remove
                0x00000000000095e8       0x30 zephyr/libzephyr.a(heap.c.obj)
 .text.free_list_add
                0x0000000000009618       0xa8 zephyr/libzephyr.a(heap.c.obj)
 .text.free_chunk
                0x00000000000096c0       0xc8 zephyr/libzephyr.a(heap.c.obj)
 .text.alloc_chunk
                0x0000000000009788       0x8c zephyr/libzephyr.a(heap.c.obj)
 .text.sys_heap_free
                0x0000000000009814       0xc8 zephyr/libzephyr.a(heap.c.obj)
                0x0000000000009814                sys_heap_free
 .text.sys_heap_alloc
                0x00000000000098dc       0x8c zephyr/libzephyr.a(heap.c.obj)
                0x00000000000098dc                sys_heap_alloc
 .text.sys_heap_aligned_alloc
                0x0000000000009968      0x174 zephyr/libzephyr.a(heap.c.obj)
                0x0000000000009968                sys_heap_aligned_alloc
 .text.sys_heap_init
                0x0000000000009adc      0x170 zephyr/libzephyr.a(heap.c.obj)
                0x0000000000009adc                sys_heap_init
 .text.process_event
                0x0000000000009c4c      0x408 zephyr/libzephyr.a(onoff.c.obj)
 .text.transition_complete
                0x000000000000a054       0x64 zephyr/libzephyr.a(onoff.c.obj)
 .text.onoff_manager_init
                0x000000000000a0b8       0x2c zephyr/libzephyr.a(onoff.c.obj)
                0x000000000000a0b8                onoff_manager_init
 .text.onoff_request
                0x000000000000a0e4      0x174 zephyr/libzephyr.a(onoff.c.obj)
                0x000000000000a0e4                onoff_request
 .text.sys_notify_validate
                0x000000000000a258       0x28 zephyr/libzephyr.a(notify.c.obj)
                0x000000000000a258                sys_notify_validate
 .text.sys_notify_finalize
                0x000000000000a280       0x44 zephyr/libzephyr.a(notify.c.obj)
                0x000000000000a280                sys_notify_finalize
 .text.assert_post_action
                0x000000000000a2c4       0x10 zephyr/libzephyr.a(assert.c.obj)
                0x000000000000a2c4                assert_post_action
 .text.assert_print
                0x000000000000a2d4       0x1c zephyr/libzephyr.a(assert.c.obj)
                0x000000000000a2d4                assert_print
 .text._ConfigAbsSyms
                0x000000000000a2f0        0x4 zephyr/libzephyr.a(configs.c.obj)
                0x000000000000a2f0                _ConfigAbsSyms
 .text.nordicsemi_nrf91_init
                0x000000000000a2f4       0x10 zephyr/libzephyr.a(soc.c.obj)
 .text.arch_busy_wait
                0x000000000000a304       0x14 zephyr/libzephyr.a(soc.c.obj)
                0x000000000000a304                arch_busy_wait
 .text.z_arm_platform_init
                0x000000000000a318        0x4 zephyr/libzephyr.a(soc_nrf_common.S.obj)
                0x000000000000a318                z_arm_platform_init
 .text.z_log_minimal_printk
                0x000000000000a31c       0x1c zephyr/libzephyr.a(log_minimal.c.obj)
                0x000000000000a31c                z_log_minimal_printk
 .text.z_arm_cpu_idle_init
                0x000000000000a338        0xc zephyr/arch/arch/arm/core/aarch32/libarch__arm__core__aarch32.a(cpu_idle.S.obj)
                0x000000000000a338                z_arm_cpu_idle_init
 .text.arch_cpu_idle
                0x000000000000a344       0x1c zephyr/arch/arch/arm/core/aarch32/libarch__arm__core__aarch32.a(cpu_idle.S.obj)
                0x000000000000a344                arch_cpu_idle
 .text.arch_cpu_atomic_idle
                0x000000000000a360       0x18 zephyr/arch/arch/arm/core/aarch32/libarch__arm__core__aarch32.a(cpu_idle.S.obj)
                0x000000000000a360                arch_cpu_atomic_idle
 .text.esf_dump
                0x000000000000a378       0x50 zephyr/arch/arch/arm/core/aarch32/libarch__arm__core__aarch32.a(fatal.c.obj)
 .text.z_arm_fatal_error
                0x000000000000a3c8       0x1c zephyr/arch/arch/arm/core/aarch32/libarch__arm__core__aarch32.a(fatal.c.obj)
                0x000000000000a3c8                z_arm_fatal_error
 .text.z_do_kernel_oops
                0x000000000000a3e4       0x18 zephyr/arch/arch/arm/core/aarch32/libarch__arm__core__aarch32.a(fatal.c.obj)
                0x000000000000a3e4                z_do_kernel_oops
 .text.arch_irq_enable
                0x000000000000a3fc       0x1c zephyr/arch/arch/arm/core/aarch32/libarch__arm__core__aarch32.a(irq_manage.c.obj)
                0x000000000000a3fc                arch_irq_enable
 .text.arch_irq_is_enabled
                0x000000000000a418       0x1c zephyr/arch/arch/arm/core/aarch32/libarch__arm__core__aarch32.a(irq_manage.c.obj)
                0x000000000000a418                arch_irq_is_enabled
 .text.z_arm_irq_priority_set
                0x000000000000a434       0x64 zephyr/arch/arch/arm/core/aarch32/libarch__arm__core__aarch32.a(irq_manage.c.obj)
                0x000000000000a434                z_arm_irq_priority_set
 .text.z_irq_spurious
                0x000000000000a498        0x8 zephyr/arch/arch/arm/core/aarch32/libarch__arm__core__aarch32.a(irq_manage.c.obj)
                0x000000000000a498                z_irq_spurious
 .text.z_arm_nmi
                0x000000000000a4a0       0x10 zephyr/arch/arch/arm/core/aarch32/libarch__arm__core__aarch32.a(nmi.c.obj)
                0x000000000000a4a0                z_arm_nmi
 .text.z_SysNmiOnReset
                0x000000000000a4b0        0x8 zephyr/arch/arch/arm/core/aarch32/libarch__arm__core__aarch32.a(nmi_on_reset.S.obj)
                0x000000000000a4b0                z_SysNmiOnReset
 .text.z_arm_prep_c
                0x000000000000a4b8       0x38 zephyr/arch/arch/arm/core/aarch32/libarch__arm__core__aarch32.a(prep_c.c.obj)
                0x000000000000a4b8                z_arm_prep_c
 .text.arch_swap
                0x000000000000a4f0       0x40 zephyr/arch/arch/arm/core/aarch32/libarch__arm__core__aarch32.a(swap.c.obj)
                0x000000000000a4f0                arch_swap
 .text.z_arm_pendsv
                0x000000000000a530       0x74 zephyr/arch/arch/arm/core/aarch32/libarch__arm__core__aarch32.a(swap_helper.S.obj)
                0x000000000000a530                z_arm_pendsv
 .text.z_arm_svc
                0x000000000000a5a4       0x20 zephyr/arch/arch/arm/core/aarch32/libarch__arm__core__aarch32.a(swap_helper.S.obj)
                0x000000000000a5a4                z_arm_svc
 .text.arch_new_thread
                0x000000000000a5c4       0x44 zephyr/arch/arch/arm/core/aarch32/libarch__arm__core__aarch32.a(thread.c.obj)
                0x000000000000a5c4                arch_new_thread
 .text.configure_builtin_stack_guard
                0x000000000000a608        0xc zephyr/arch/arch/arm/core/aarch32/libarch__arm__core__aarch32.a(thread.c.obj)
                0x000000000000a608                configure_builtin_stack_guard
 .text.arch_switch_to_main_thread
                0x000000000000a614       0x38 zephyr/arch/arch/arm/core/aarch32/libarch__arm__core__aarch32.a(thread.c.obj)
                0x000000000000a614                arch_switch_to_main_thread
 .text._isr_wrapper
                0x000000000000a64c       0x28 zephyr/arch/arch/arm/core/aarch32/libarch__arm__core__aarch32.a(isr_wrapper.S.obj)
                0x000000000000a64c                _isr_wrapper
 .text.arch_tls_stack_setup
                0x000000000000a674       0x64 zephyr/arch/arch/arm/core/aarch32/libarch__arm__core__aarch32.a(tls.c.obj)
                0x000000000000a674                arch_tls_stack_setup
 .text._HandlerModeExit
                0x000000000000a6d8       0x1c zephyr/arch/arch/arm/core/aarch32/cortex_m/libarch__arm__core__aarch32__cortex_m.a(exc_exit.S.obj)
                0x000000000000a6d8                z_arm_exc_exit
                0x000000000000a6d8                z_arm_int_exit
 .text.usage_fault.constprop.0
                0x000000000000a6f4       0xf0 zephyr/arch/arch/arm/core/aarch32/cortex_m/libarch__arm__core__aarch32__cortex_m.a(fault.c.obj)
 .text.bus_fault.constprop.0
                0x000000000000a7e4       0xdc zephyr/arch/arch/arm/core/aarch32/cortex_m/libarch__arm__core__aarch32__cortex_m.a(fault.c.obj)
 .text.mem_manage_fault.constprop.0
                0x000000000000a8c0      0x128 zephyr/arch/arch/arm/core/aarch32/cortex_m/libarch__arm__core__aarch32__cortex_m.a(fault.c.obj)
 .text.z_arm_fault
                0x000000000000a9e8      0x25c zephyr/arch/arch/arm/core/aarch32/cortex_m/libarch__arm__core__aarch32__cortex_m.a(fault.c.obj)
                0x000000000000a9e8                z_arm_fault
 .text.z_arm_fault_init
                0x000000000000ac44       0x18 zephyr/arch/arch/arm/core/aarch32/cortex_m/libarch__arm__core__aarch32__cortex_m.a(fault.c.obj)
                0x000000000000ac44                z_arm_fault_init
 .text.__fault  0x000000000000ac5c       0x14 zephyr/arch/arch/arm/core/aarch32/cortex_m/libarch__arm__core__aarch32__cortex_m.a(fault_s.S.obj)
                0x000000000000ac5c                z_arm_bus_fault
                0x000000000000ac5c                z_arm_usage_fault
                0x000000000000ac5c                z_arm_mpu_fault
                0x000000000000ac5c                z_arm_exc_spurious
                0x000000000000ac5c                z_arm_debug_monitor
                0x000000000000ac5c                z_arm_hard_fault
 .text.z_arm_save_fp_context
                0x000000000000ac70        0x4 zephyr/arch/arch/arm/core/aarch32/cortex_m/libarch__arm__core__aarch32__cortex_m.a(fpu.c.obj)
                0x000000000000ac70                z_arm_save_fp_context
 .text.z_arm_restore_fp_context
                0x000000000000ac74        0x4 zephyr/arch/arch/arm/core/aarch32/cortex_m/libarch__arm__core__aarch32__cortex_m.a(fpu.c.obj)
                0x000000000000ac74                z_arm_restore_fp_context
 .text.z_arm_interrupt_init
                0x000000000000ac78       0x18 zephyr/arch/arch/arm/core/aarch32/cortex_m/libarch__arm__core__aarch32__cortex_m.a(irq_init.c.obj)
                0x000000000000ac78                z_arm_interrupt_init
 .text._reset_section
                0x000000000000ac90       0x60 zephyr/arch/arch/arm/core/aarch32/cortex_m/libarch__arm__core__aarch32__cortex_m.a(reset.S.obj)
                0x000000000000ac90                z_arm_reset
                0x000000000000ac90                __start
 .text.z_arm_init_arch_hw_at_boot
                0x000000000000acf0       0x68 zephyr/arch/arch/arm/core/aarch32/cortex_m/libarch__arm__core__aarch32__cortex_m.a(scb.c.obj)
                0x000000000000acf0                z_arm_init_arch_hw_at_boot
 .text.z_impl_k_thread_abort
                0x000000000000ad58       0x34 zephyr/arch/arch/arm/core/aarch32/cortex_m/libarch__arm__core__aarch32__cortex_m.a(thread_abort.c.obj)
                0x000000000000ad58                z_impl_k_thread_abort
 .text.arm_cmse_mpu_region_get
                0x000000000000ad8c       0x14 zephyr/arch/arch/arm/core/aarch32/cortex_m/cmse/libarch__arm__core__aarch32__cortex_m__cmse.a(arm_core_cmse.c.obj)
                0x000000000000ad8c                arm_cmse_mpu_region_get
 .text.z_arm_configure_static_mpu_regions
                0x000000000000ada0       0x3c zephyr/arch/arch/arm/core/aarch32/mpu/libarch__arm__core__aarch32__mpu.a(arm_core_mpu.c.obj)
                0x000000000000ada0                z_arm_configure_static_mpu_regions
 .text.mpu_configure_region
                0x000000000000addc       0x58 zephyr/arch/arch/arm/core/aarch32/mpu/libarch__arm__core__aarch32__mpu.a(arm_mpu.c.obj)
 .text.mpu_configure_regions_and_partition.constprop.0
                0x000000000000ae34      0x180 zephyr/arch/arch/arm/core/aarch32/mpu/libarch__arm__core__aarch32__mpu.a(arm_mpu.c.obj)
 .text.arm_core_mpu_configure_static_mpu_regions
                0x000000000000afb4       0x48 zephyr/arch/arch/arm/core/aarch32/mpu/libarch__arm__core__aarch32__mpu.a(arm_mpu.c.obj)
                0x000000000000afb4                arm_core_mpu_configure_static_mpu_regions
 .text.arm_core_mpu_mark_areas_for_dynamic_regions
                0x000000000000affc       0xe4 zephyr/arch/arch/arm/core/aarch32/mpu/libarch__arm__core__aarch32__mpu.a(arm_mpu.c.obj)
                0x000000000000affc                arm_core_mpu_mark_areas_for_dynamic_regions
 .text.z_arm_mpu_init
                0x000000000000b0e0       0xe4 zephyr/arch/arch/arm/core/aarch32/mpu/libarch__arm__core__aarch32__mpu.a(arm_mpu.c.obj)
                0x000000000000b0e0                z_arm_mpu_init
 .text.picolibc_put
                0x000000000000b1c4       0x10 zephyr/lib/libc/picolibc/liblib__libc__picolibc.a(libc-hooks.c.obj)
 .text.__stdout_hook_install
                0x000000000000b1d4       0x18 zephyr/lib/libc/picolibc/liblib__libc__picolibc.a(libc-hooks.c.obj)
                0x000000000000b1d4                __stdout_hook_install
 .text.malloc_prepare
                0x000000000000b1ec       0x24 zephyr/lib/libc/common/liblib__libc__common.a(malloc.c.obj)
 .text.async_start
                0x000000000000b210       0x64 zephyr/drivers/clock_control/libdrivers__clock_control.a(clock_control_nrf.c.obj)
 .text.onoff_started_callback
                0x000000000000b274       0x10 zephyr/drivers/clock_control/libdrivers__clock_control.a(clock_control_nrf.c.obj)
 .text.onoff_start
                0x000000000000b284       0x3c zephyr/drivers/clock_control/libdrivers__clock_control.a(clock_control_nrf.c.obj)
 .text.lfclk_start
                0x000000000000b2c0        0x8 zephyr/drivers/clock_control/libdrivers__clock_control.a(clock_control_nrf.c.obj)
 .text.generic_hfclk_stop
                0x000000000000b2c8       0x40 zephyr/drivers/clock_control/libdrivers__clock_control.a(clock_control_nrf.c.obj)
 .text.lfclk_stop
                0x000000000000b308        0x8 zephyr/drivers/clock_control/libdrivers__clock_control.a(clock_control_nrf.c.obj)
 .text.blocking_start_callback
                0x000000000000b310        0x8 zephyr/drivers/clock_control/libdrivers__clock_control.a(clock_control_nrf.c.obj)
 .text.api_blocking_start
                0x000000000000b318       0x34 zephyr/drivers/clock_control/libdrivers__clock_control.a(clock_control_nrf.c.obj)
 .text.get_status
                0x000000000000b34c       0x3c zephyr/drivers/clock_control/libdrivers__clock_control.a(clock_control_nrf.c.obj)
 .text.stop.part.0
                0x000000000000b388       0x28 zephyr/drivers/clock_control/libdrivers__clock_control.a(clock_control_nrf.c.obj)
 .text.onoff_stop
                0x000000000000b3b0       0x74 zephyr/drivers/clock_control/libdrivers__clock_control.a(clock_control_nrf.c.obj)
 .text.clk_init
                0x000000000000b424       0x58 zephyr/drivers/clock_control/libdrivers__clock_control.a(clock_control_nrf.c.obj)
 .text.api_stop
                0x000000000000b47c       0x58 zephyr/drivers/clock_control/libdrivers__clock_control.a(clock_control_nrf.c.obj)
 .text.clkstarted_handle.constprop.0
                0x000000000000b4d4       0x50 zephyr/drivers/clock_control/libdrivers__clock_control.a(clock_control_nrf.c.obj)
 .text.clock_event_handler
                0x000000000000b524       0x64 zephyr/drivers/clock_control/libdrivers__clock_control.a(clock_control_nrf.c.obj)
 .text.generic_hfclk_start
                0x000000000000b588       0x7c zephyr/drivers/clock_control/libdrivers__clock_control.a(clock_control_nrf.c.obj)
 .text.api_start
                0x000000000000b604       0x64 zephyr/drivers/clock_control/libdrivers__clock_control.a(clock_control_nrf.c.obj)
 .text.z_nrf_clock_control_lf_on
                0x000000000000b668      0x148 zephyr/drivers/clock_control/libdrivers__clock_control.a(clock_control_nrf.c.obj)
                0x000000000000b668                z_nrf_clock_control_lf_on
 .text.console_out
                0x000000000000b7b0       0x2c zephyr/drivers/console/libdrivers__console.a(uart_console.c.obj)
 .text.uart_console_init
                0x000000000000b7dc       0x28 zephyr/drivers/console/libdrivers__console.a(uart_console.c.obj)
 .text.entropy_psa_crypto_rng_get_entropy
                0x000000000000b804       0x14 zephyr/drivers/entropy/libdrivers__entropy.a(entropy_psa_crypto.c.obj)
 .text.entropy_psa_crypto_rng_init
                0x000000000000b818       0x10 zephyr/drivers/entropy/libdrivers__entropy.a(entropy_psa_crypto.c.obj)
 .text.gpio_nrfx_port_get_raw
                0x000000000000b828       0x10 zephyr/drivers/gpio/libdrivers__gpio.a(gpio_nrfx.c.obj)
 .text.gpio_nrfx_port_set_masked_raw
                0x000000000000b838       0x1c zephyr/drivers/gpio/libdrivers__gpio.a(gpio_nrfx.c.obj)
 .text.gpio_nrfx_port_set_bits_raw
                0x000000000000b854        0xc zephyr/drivers/gpio/libdrivers__gpio.a(gpio_nrfx.c.obj)
 .text.gpio_nrfx_port_clear_bits_raw
                0x000000000000b860        0xc zephyr/drivers/gpio/libdrivers__gpio.a(gpio_nrfx.c.obj)
 .text.gpio_nrfx_port_toggle_bits
                0x000000000000b86c       0x1c zephyr/drivers/gpio/libdrivers__gpio.a(gpio_nrfx.c.obj)
 .text.gpio_nrfx_manage_callback
                0x000000000000b888       0xb0 zephyr/drivers/gpio/libdrivers__gpio.a(gpio_nrfx.c.obj)
 .text.gpio_nrfx_pin_interrupt_configure
                0x000000000000b938       0xfc zephyr/drivers/gpio/libdrivers__gpio.a(gpio_nrfx.c.obj)
 .text.gpio_nrfx_pin_configure
                0x000000000000ba34      0x174 zephyr/drivers/gpio/libdrivers__gpio.a(gpio_nrfx.c.obj)
 .text.gpio_nrfx_init
                0x000000000000bba8       0x3c zephyr/drivers/gpio/libdrivers__gpio.a(gpio_nrfx.c.obj)
 .text.nrfx_gpio_handler
                0x000000000000bbe4       0x60 zephyr/drivers/gpio/libdrivers__gpio.a(gpio_nrfx.c.obj)
 .text.pinctrl_lookup_state
                0x000000000000bc44       0x54 zephyr/drivers/pinctrl/libdrivers__pinctrl.a(common.c.obj)
                0x000000000000bc44                pinctrl_lookup_state
 .text.pinctrl_configure_pins
                0x000000000000bc98      0x278 zephyr/drivers/pinctrl/libdrivers__pinctrl.a(pinctrl_nrf.c.obj)
                0x000000000000bc98                pinctrl_configure_pins
 .text.uarte_nrfx_config_get
                0x000000000000bf10       0x14 zephyr/drivers/serial/libdrivers__serial.a(uart_nrfx_uarte.c.obj)
 .text.uarte_nrfx_err_check
                0x000000000000bf24       0x10 zephyr/drivers/serial/libdrivers__serial.a(uart_nrfx_uarte.c.obj)
 .text.tx_start
                0x000000000000bf34       0x54 zephyr/drivers/serial/libdrivers__serial.a(uart_nrfx_uarte.c.obj)
 .text.uarte_nrfx_rx_buf_rsp
                0x000000000000bf88       0x54 zephyr/drivers/serial/libdrivers__serial.a(uart_nrfx_uarte.c.obj)
 .text.uarte_nrfx_callback_set
                0x000000000000bfdc       0x18 zephyr/drivers/serial/libdrivers__serial.a(uart_nrfx_uarte.c.obj)
 .text.uarte_nrfx_poll_in
                0x000000000000bff4       0x34 zephyr/drivers/serial/libdrivers__serial.a(uart_nrfx_uarte.c.obj)
 .text.uarte_nrfx_rx_disable
                0x000000000000c028       0x4c zephyr/drivers/serial/libdrivers__serial.a(uart_nrfx_uarte.c.obj)
 .text.uarte_nrfx_tx_abort
                0x000000000000c074       0x2c zephyr/drivers/serial/libdrivers__serial.a(uart_nrfx_uarte.c.obj)
 .text.setup_tx_cache
                0x000000000000c0a0       0x30 zephyr/drivers/serial/libdrivers__serial.a(uart_nrfx_uarte.c.obj)
 .text.async_uart_release
                0x000000000000c0d0       0xa8 zephyr/drivers/serial/libdrivers__serial.a(uart_nrfx_uarte.c.obj)
 .text.uarte_nrfx_configure
                0x000000000000c178      0x190 zephyr/drivers/serial/libdrivers__serial.a(uart_nrfx_uarte.c.obj)
 .text.uarte_0_init
                0x000000000000c308      0x18c zephyr/drivers/serial/libdrivers__serial.a(uart_nrfx_uarte.c.obj)
 .text.tx_timeout
                0x000000000000c494       0x28 zephyr/drivers/serial/libdrivers__serial.a(uart_nrfx_uarte.c.obj)
 .text.uarte_nrfx_tx
                0x000000000000c4bc       0xf8 zephyr/drivers/serial/libdrivers__serial.a(uart_nrfx_uarte.c.obj)
 .text.start_tx_locked
                0x000000000000c5b4       0x44 zephyr/drivers/serial/libdrivers__serial.a(uart_nrfx_uarte.c.obj)
 .text.uarte_nrfx_poll_out
                0x000000000000c5f8      0x108 zephyr/drivers/serial/libdrivers__serial.a(uart_nrfx_uarte.c.obj)
 .text.notify_uart_rx_rdy
                0x000000000000c700       0x38 zephyr/drivers/serial/libdrivers__serial.a(uart_nrfx_uarte.c.obj)
 .text.rx_timeout
                0x000000000000c738       0xb0 zephyr/drivers/serial/libdrivers__serial.a(uart_nrfx_uarte.c.obj)
 .text.rx_buf_release
                0x000000000000c7e8       0x34 zephyr/drivers/serial/libdrivers__serial.a(uart_nrfx_uarte.c.obj)
 .text.uarte_nrfx_rx_enable
                0x000000000000c81c      0x178 zephyr/drivers/serial/libdrivers__serial.a(uart_nrfx_uarte.c.obj)
 .text.uarte_nrfx_isr_async
                0x000000000000c994      0x420 zephyr/drivers/serial/libdrivers__serial.a(uart_nrfx_uarte.c.obj)
 .text.sys_clock_timeout_handler
                0x000000000000cdb4       0x4c zephyr/drivers/timer/libdrivers__timer.a(nrf_rtc_timer.c.obj)
 .text.compare_set_nolocks.constprop.0.isra.0
                0x000000000000ce00      0x130 zephyr/drivers/timer/libdrivers__timer.a(nrf_rtc_timer.c.obj)
 .text.sys_clock_driver_init
                0x000000000000cf30       0xd8 zephyr/drivers/timer/libdrivers__timer.a(nrf_rtc_timer.c.obj)
 .text.rtc_nrf_isr
                0x000000000000d008      0x11c zephyr/drivers/timer/libdrivers__timer.a(nrf_rtc_timer.c.obj)
                0x000000000000d008                rtc_nrf_isr
 .text.sys_clock_set_timeout
                0x000000000000d124       0xe8 zephyr/drivers/timer/libdrivers__timer.a(nrf_rtc_timer.c.obj)
                0x000000000000d124                sys_clock_set_timeout
 .text.sys_clock_elapsed
                0x000000000000d20c       0x54 zephyr/drivers/timer/libdrivers__timer.a(nrf_rtc_timer.c.obj)
                0x000000000000d20c                sys_clock_elapsed
 .text.thread_monitor_entry_get
                0x000000000000d260       0x50 modules/nrf/lib/nrf_modem_lib/lib..__nrf__lib__nrf_modem_lib.a(nrf_modem_os.c.obj)
 .text.on_init  0x000000000000d2b0       0x28 modules/nrf/lib/nrf_modem_lib/lib..__nrf__lib__nrf_modem_lib.a(nrf_modem_os.c.obj)
 .text.nrf_modem_os_busywait
                0x000000000000d2d8        0x4 modules/nrf/lib/nrf_modem_lib/lib..__nrf__lib__nrf_modem_lib.a(nrf_modem_os.c.obj)
                0x000000000000d2d8                nrf_modem_os_busywait
 .text.nrf_modem_os_timedwait
                0x000000000000d2dc      0x208 modules/nrf/lib/nrf_modem_lib/lib..__nrf__lib__nrf_modem_lib.a(nrf_modem_os.c.obj)
                0x000000000000d2dc                nrf_modem_os_timedwait
 .text.nrf_modem_os_errno_set
                0x000000000000d4e4       0x40 modules/nrf/lib/nrf_modem_lib/lib..__nrf__lib__nrf_modem_lib.a(nrf_modem_os.c.obj)
                0x000000000000d4e4                nrf_modem_os_errno_set
 .text.nrf_modem_os_is_in_isr
                0x000000000000d524        0x4 modules/nrf/lib/nrf_modem_lib/lib..__nrf__lib__nrf_modem_lib.a(nrf_modem_os.c.obj)
                0x000000000000d524                nrf_modem_os_is_in_isr
 .text.nrf_modem_os_sem_init
                0x000000000000d528       0x74 modules/nrf/lib/nrf_modem_lib/lib..__nrf__lib__nrf_modem_lib.a(nrf_modem_os.c.obj)
                0x000000000000d528                nrf_modem_os_sem_init
 .text.nrf_modem_os_sem_give
                0x000000000000d59c       0x48 modules/nrf/lib/nrf_modem_lib/lib..__nrf__lib__nrf_modem_lib.a(nrf_modem_os.c.obj)
                0x000000000000d59c                nrf_modem_os_sem_give
 .text.nrf_modem_os_sem_take
                0x000000000000d5e4       0x90 modules/nrf/lib/nrf_modem_lib/lib..__nrf__lib__nrf_modem_lib.a(nrf_modem_os.c.obj)
                0x000000000000d5e4                nrf_modem_os_sem_take
 .text.nrf_modem_os_event_notify
                0x000000000000d674       0x38 modules/nrf/lib/nrf_modem_lib/lib..__nrf__lib__nrf_modem_lib.a(nrf_modem_os.c.obj)
                0x000000000000d674                nrf_modem_os_event_notify
 .text.nrf_modem_os_alloc
                0x000000000000d6ac       0x10 modules/nrf/lib/nrf_modem_lib/lib..__nrf__lib__nrf_modem_lib.a(nrf_modem_os.c.obj)
                0x000000000000d6ac                nrf_modem_os_alloc
 .text.nrf_modem_os_free
                0x000000000000d6bc        0xc modules/nrf/lib/nrf_modem_lib/lib..__nrf__lib__nrf_modem_lib.a(nrf_modem_os.c.obj)
                0x000000000000d6bc                nrf_modem_os_free
 .text.nrf_modem_os_shm_tx_alloc
                0x000000000000d6c8       0x10 modules/nrf/lib/nrf_modem_lib/lib..__nrf__lib__nrf_modem_lib.a(nrf_modem_os.c.obj)
                0x000000000000d6c8                nrf_modem_os_shm_tx_alloc
 .text.nrf_modem_os_shm_tx_free
                0x000000000000d6d8        0xc modules/nrf/lib/nrf_modem_lib/lib..__nrf__lib__nrf_modem_lib.a(nrf_modem_os.c.obj)
                0x000000000000d6d8                nrf_modem_os_shm_tx_free
 .text.on_modem_lib_init
                0x000000000000d6e4       0x54 modules/nrf/lib/modem_antenna/lib..__nrf__lib__modem_antenna.a(modem_antenna.c.obj)
 .text.ns_interface_init
                0x000000000000d738        0x4 modules/trusted-firmware-m/libtfm_api.a(interface.c.obj)
 .text.tfm_ns_interface_dispatch
                0x000000000000d73c       0x7c modules/trusted-firmware-m/libtfm_api.a(interface.c.obj)
                0x000000000000d73c                tfm_ns_interface_dispatch
 .text.psa_crypto_init
                0x000000000000d7b8        0x4 modules/trusted-firmware-m/libtfm_api.a(tfm_crypto_api.c.obj)
                0x000000000000d7b8                psa_crypto_init
 .text.psa_generate_random
                0x000000000000d7bc       0x40 modules/trusted-firmware-m/libtfm_api.a(tfm_crypto_api.c.obj)
                0x000000000000d7bc                psa_generate_random
 .text.psa_call
                0x000000000000d7fc       0x3c modules/trusted-firmware-m/libtfm_api.a(tfm_psa_ns_api.c.obj)
                0x000000000000d7fc                psa_call
 .text.SystemInit
                0x000000000000d838        0x4 modules/hal_nordic/nrfx/libmodules__hal_nordic__nrfx.a(system_nrf91.c.obj)
                0x000000000000d838                SystemInit
 .text.nrfx_isr
                0x000000000000d83c        0x4 modules/hal_nordic/nrfx/libmodules__hal_nordic__nrfx.a(nrfx_glue.c.obj)
                0x000000000000d83c                nrfx_isr
 .text.nrfx_busy_wait
                0x000000000000d840        0x4 modules/hal_nordic/nrfx/libmodules__hal_nordic__nrfx.a(nrfx_glue.c.obj)
                0x000000000000d840                nrfx_busy_wait
 .text.nrfx_flag32_alloc
                0x000000000000d844       0x40 modules/hal_nordic/nrfx/libmodules__hal_nordic__nrfx.a(nrfx_flag32_allocator.c.obj)
                0x000000000000d844                nrfx_flag32_alloc
 .text.nrfx_flag32_free
                0x000000000000d884       0x54 modules/hal_nordic/nrfx/libmodules__hal_nordic__nrfx.a(nrfx_flag32_allocator.c.obj)
                0x000000000000d884                nrfx_flag32_free
 .text.nrfx_gppi_event_endpoint_setup.part.0
                0x000000000000d8d8       0x24 modules/hal_nordic/nrfx/libmodules__hal_nordic__nrfx.a(nrfx_gppi_dppi.c.obj)
 .text.nrfx_gppi_task_endpoint_setup.part.0
                0x000000000000d8fc       0x24 modules/hal_nordic/nrfx/libmodules__hal_nordic__nrfx.a(nrfx_gppi_dppi.c.obj)
 .text.nrfx_gppi_channels_enable
                0x000000000000d920        0xc modules/hal_nordic/nrfx/libmodules__hal_nordic__nrfx.a(nrfx_gppi_dppi.c.obj)
                0x000000000000d920                nrfx_gppi_channels_enable
 .text.nrfx_gppi_channel_endpoints_setup
                0x000000000000d92c       0x1c modules/hal_nordic/nrfx/libmodules__hal_nordic__nrfx.a(nrfx_gppi_dppi.c.obj)
                0x000000000000d92c                nrfx_gppi_channel_endpoints_setup
 .text.clock_stop
                0x000000000000d948      0x100 modules/hal_nordic/nrfx/libmodules__hal_nordic__nrfx.a(nrfx_clock.c.obj)
 .text.nrfx_clock_init
                0x000000000000da48       0x4c modules/hal_nordic/nrfx/libmodules__hal_nordic__nrfx.a(nrfx_clock.c.obj)
                0x000000000000da48                nrfx_clock_init
 .text.nrfx_clock_enable
                0x000000000000da94       0x58 modules/hal_nordic/nrfx/libmodules__hal_nordic__nrfx.a(nrfx_clock.c.obj)
                0x000000000000da94                nrfx_clock_enable
 .text.nrfx_clock_start
                0x000000000000daec       0xcc modules/hal_nordic/nrfx/libmodules__hal_nordic__nrfx.a(nrfx_clock.c.obj)
                0x000000000000daec                nrfx_clock_start
 .text.nrfx_clock_stop
                0x000000000000dbb8       0x38 modules/hal_nordic/nrfx/libmodules__hal_nordic__nrfx.a(nrfx_clock.c.obj)
                0x000000000000dbb8                nrfx_clock_stop
 .text.nrfx_power_clock_irq_handler
                0x000000000000dbf0       0x64 modules/hal_nordic/nrfx/libmodules__hal_nordic__nrfx.a(nrfx_clock.c.obj)
                0x000000000000dbf0                nrfx_power_clock_irq_handler
 .text.nrfx_dppi_channel_alloc
                0x000000000000dc54        0xc modules/hal_nordic/nrfx/libmodules__hal_nordic__nrfx.a(nrfx_dppi.c.obj)
                0x000000000000dc54                nrfx_dppi_channel_alloc
 .text.call_handler
                0x000000000000dc60       0x3c modules/hal_nordic/nrfx/libmodules__hal_nordic__nrfx.a(nrfx_gpiote.c.obj)
 .text.release_handler
                0x000000000000dc9c       0x80 modules/hal_nordic/nrfx/libmodules__hal_nordic__nrfx.a(nrfx_gpiote.c.obj)
 .text.nrfx_gpiote_input_configure
                0x000000000000dd1c      0x188 modules/hal_nordic/nrfx/libmodules__hal_nordic__nrfx.a(nrfx_gpiote.c.obj)
                0x000000000000dd1c                nrfx_gpiote_input_configure
 .text.nrfx_gpiote_output_configure
                0x000000000000dea4      0x120 modules/hal_nordic/nrfx/libmodules__hal_nordic__nrfx.a(nrfx_gpiote.c.obj)
                0x000000000000dea4                nrfx_gpiote_output_configure
 .text.nrfx_gpiote_global_callback_set
                0x000000000000dfc4        0xc modules/hal_nordic/nrfx/libmodules__hal_nordic__nrfx.a(nrfx_gpiote.c.obj)
                0x000000000000dfc4                nrfx_gpiote_global_callback_set
 .text.nrfx_gpiote_channel_get
                0x000000000000dfd0       0x4c modules/hal_nordic/nrfx/libmodules__hal_nordic__nrfx.a(nrfx_gpiote.c.obj)
                0x000000000000dfd0                nrfx_gpiote_channel_get
 .text.nrfx_gpiote_init
                0x000000000000e01c       0x50 modules/hal_nordic/nrfx/libmodules__hal_nordic__nrfx.a(nrfx_gpiote.c.obj)
                0x000000000000e01c                nrfx_gpiote_init
 .text.nrfx_gpiote_is_init
                0x000000000000e06c       0x14 modules/hal_nordic/nrfx/libmodules__hal_nordic__nrfx.a(nrfx_gpiote.c.obj)
                0x000000000000e06c                nrfx_gpiote_is_init
 .text.nrfx_gpiote_channel_free
                0x000000000000e080        0xc modules/hal_nordic/nrfx/libmodules__hal_nordic__nrfx.a(nrfx_gpiote.c.obj)
                0x000000000000e080                nrfx_gpiote_channel_free
 .text.nrfx_gpiote_channel_alloc
                0x000000000000e08c        0xc modules/hal_nordic/nrfx/libmodules__hal_nordic__nrfx.a(nrfx_gpiote.c.obj)
                0x000000000000e08c                nrfx_gpiote_channel_alloc
 .text.nrfx_gpiote_trigger_enable
                0x000000000000e098      0x118 modules/hal_nordic/nrfx/libmodules__hal_nordic__nrfx.a(nrfx_gpiote.c.obj)
                0x000000000000e098                nrfx_gpiote_trigger_enable
 .text.nrfx_gpiote_trigger_disable
                0x000000000000e1b0       0x8c modules/hal_nordic/nrfx/libmodules__hal_nordic__nrfx.a(nrfx_gpiote.c.obj)
                0x000000000000e1b0                nrfx_gpiote_trigger_disable
 .text.nrfx_gpiote_pin_uninit
                0x000000000000e23c       0xa4 modules/hal_nordic/nrfx/libmodules__hal_nordic__nrfx.a(nrfx_gpiote.c.obj)
                0x000000000000e23c                nrfx_gpiote_pin_uninit
 .text.nrfx_gpiote_irq_handler
                0x000000000000e2e0      0x1c4 modules/hal_nordic/nrfx/libmodules__hal_nordic__nrfx.a(nrfx_gpiote.c.obj)
                0x000000000000e2e0                nrfx_gpiote_irq_handler
 .text.nrfx_ipc_init
                0x000000000000e4a4       0x50 modules/hal_nordic/nrfx/libmodules__hal_nordic__nrfx.a(nrfx_ipc.c.obj)
                0x000000000000e4a4                nrfx_ipc_init
 .text.nrfx_ipc_config_load
                0x000000000000e4f4       0x88 modules/hal_nordic/nrfx/libmodules__hal_nordic__nrfx.a(nrfx_ipc.c.obj)
                0x000000000000e4f4                nrfx_ipc_config_load
 .text.nrfx_ipc_uninit
                0x000000000000e57c       0x84 modules/hal_nordic/nrfx/libmodules__hal_nordic__nrfx.a(nrfx_ipc.c.obj)
                0x000000000000e57c                nrfx_ipc_uninit
 .text.nrfx_ipc_receive_event_enable
                0x000000000000e600       0x3c modules/hal_nordic/nrfx/libmodules__hal_nordic__nrfx.a(nrfx_ipc.c.obj)
                0x000000000000e600                nrfx_ipc_receive_event_enable
 .text.nrfx_ipc_receive_event_disable
                0x000000000000e63c       0x3c modules/hal_nordic/nrfx/libmodules__hal_nordic__nrfx.a(nrfx_ipc.c.obj)
                0x000000000000e63c                nrfx_ipc_receive_event_disable
 .text.nrfx_ipc_irq_handler
                0x000000000000e678       0x88 modules/hal_nordic/nrfx/libmodules__hal_nordic__nrfx.a(nrfx_ipc.c.obj)
                0x000000000000e678                nrfx_ipc_irq_handler
 .text.rpc_handle_data_message
                0x000000000000e700       0x38 /home/casper/golioth-ncs-workspace/nrfxlib/nrf_modem/lib/nRF9160/soft-float/libmodem.a(rpc_framework.c.obj)
                0x000000000000e700                rpc_handle_data_message
 .text.rpc_transport_msg_alloc
                0x000000000000e738        0xc /home/casper/golioth-ncs-workspace/nrfxlib/nrf_modem/lib/nRF9160/soft-float/libmodem.a(rpc_transport.c.obj)
                0x000000000000e738                rpc_transport_msg_alloc
 .text.rpc_transport_msg_rx_free
                0x000000000000e744        0xc /home/casper/golioth-ncs-workspace/nrfxlib/nrf_modem/lib/nRF9160/soft-float/libmodem.a(rpc_transport.c.obj)
                0x000000000000e744                rpc_transport_msg_rx_free
 .text.rpc_transport_msg_data_rx_free
                0x000000000000e750        0xc /home/casper/golioth-ncs-workspace/nrfxlib/nrf_modem/lib/nRF9160/soft-float/libmodem.a(rpc_transport.c.obj)
                0x000000000000e750                rpc_transport_msg_data_rx_free
 .text.rpc_transport_msg_send
                0x000000000000e75c        0xc /home/casper/golioth-ncs-workspace/nrfxlib/nrf_modem/lib/nRF9160/soft-float/libmodem.a(rpc_transport.c.obj)
                0x000000000000e75c                rpc_transport_msg_send
 .text.rpc_transport_ipc_msg_data_tx_size
                0x000000000000e768        0xc /home/casper/golioth-ncs-workspace/nrfxlib/nrf_modem/lib/nRF9160/soft-float/libmodem.a(rpc_transport_ipc.c.obj)
 .text.rpc_transport_ipc_msg_rx_free
                0x000000000000e774       0x4c /home/casper/golioth-ncs-workspace/nrfxlib/nrf_modem/lib/nRF9160/soft-float/libmodem.a(rpc_transport_ipc.c.obj)
 .text.rpc_transport_ipc_msg_tx_free
                0x000000000000e7c0       0x38 /home/casper/golioth-ncs-workspace/nrfxlib/nrf_modem/lib/nRF9160/soft-float/libmodem.a(rpc_transport_ipc.c.obj)
 .text.handle_modem_rpc_msg
                0x000000000000e7f8       0x78 /home/casper/golioth-ncs-workspace/nrfxlib/nrf_modem/lib/nRF9160/soft-float/libmodem.a(rpc_transport_ipc.c.obj)
 .text.rpc_message_handler
                0x000000000000e870       0x24 /home/casper/golioth-ncs-workspace/nrfxlib/nrf_modem/lib/nRF9160/soft-float/libmodem.a(rpc_transport_ipc.c.obj)
 .text.ipc_irq_handler
                0x000000000000e894       0xfc /home/casper/golioth-ncs-workspace/nrfxlib/nrf_modem/lib/nRF9160/soft-float/libmodem.a(rpc_transport_ipc.c.obj)
                0x000000000000e894                ipc_irq_handler
 .text.rpc_transport_ipc_data_msg_send
                0x000000000000e990       0x6c /home/casper/golioth-ncs-workspace/nrfxlib/nrf_modem/lib/nRF9160/soft-float/libmodem.a(rpc_transport_ipc.c.obj)
 .text.rpc_transport_ipc_ctrl_msg_alloc
                0x000000000000e9fc       0x44 /home/casper/golioth-ncs-workspace/nrfxlib/nrf_modem/lib/nRF9160/soft-float/libmodem.a(rpc_transport_ipc.c.obj)
 .text.rpc_transport_ipc_data_msg_alloc
                0x000000000000ea40       0x24 /home/casper/golioth-ncs-workspace/nrfxlib/nrf_modem/lib/nRF9160/soft-float/libmodem.a(rpc_transport_ipc.c.obj)
 .text.rpc_transport_ipc_init
                0x000000000000ea64      0x1cc /home/casper/golioth-ncs-workspace/nrfxlib/nrf_modem/lib/nRF9160/soft-float/libmodem.a(rpc_transport_ipc.c.obj)
 .text.rpc_transport_ipc_ctrl_msg_send
                0x000000000000ec30       0x6c /home/casper/golioth-ncs-workspace/nrfxlib/nrf_modem/lib/nRF9160/soft-float/libmodem.a(rpc_transport_ipc.c.obj)
 .text.rpc_transport_ipc_request_shutdown
                0x000000000000ec9c       0x38 /home/casper/golioth-ncs-workspace/nrfxlib/nrf_modem/lib/nRF9160/soft-float/libmodem.a(rpc_transport_ipc.c.obj)
 .text.rpc_transport_ipc_msg_data_rx_free
                0x000000000000ecd4       0x30 /home/casper/golioth-ncs-workspace/nrfxlib/nrf_modem/lib/nRF9160/soft-float/libmodem.a(rpc_transport_ipc.c.obj)
 .text.at_cmd_send
                0x000000000000ed04       0x74 /home/casper/golioth-ncs-workspace/nrfxlib/nrf_modem/lib/nRF9160/soft-float/libmodem.a(nrf_modem_at.c.obj)
 .text.at_response_match
                0x000000000000ed78       0x48 /home/casper/golioth-ncs-workspace/nrfxlib/nrf_modem/lib/nRF9160/soft-float/libmodem.a(nrf_modem_at.c.obj)
 .text.at_cmd_vsprintf
                0x000000000000edc0       0x50 /home/casper/golioth-ncs-workspace/nrfxlib/nrf_modem/lib/nRF9160/soft-float/libmodem.a(nrf_modem_at.c.obj)
 .text.nrf_modem_at_printf
                0x000000000000ee10       0x8c /home/casper/golioth-ncs-workspace/nrfxlib/nrf_modem/lib/nRF9160/soft-float/libmodem.a(nrf_modem_at.c.obj)
                0x000000000000ee10                nrf_modem_at_printf
 .text.rpc_at_event_handler
                0x000000000000ee9c       0x8c /home/casper/golioth-ncs-workspace/nrfxlib/nrf_modem/lib/nRF9160/soft-float/libmodem.a(nrf_modem_at.c.obj)
                0x000000000000ee9c                rpc_at_event_handler
 .text.sock_find
                0x000000000000ef28       0x24 /home/casper/golioth-ncs-workspace/nrfxlib/nrf_modem/lib/nRF9160/soft-float/libmodem.a(sock.c.obj)
                0x000000000000ef28                sock_find
 .text.sock_rpc_flow_control_set
                0x000000000000ef4c       0x54 /home/casper/golioth-ncs-workspace/nrfxlib/nrf_modem/lib/nRF9160/soft-float/libmodem.a(sock.c.obj)
                0x000000000000ef4c                sock_rpc_flow_control_set
 .text.sock_apn_rate_control_set
                0x000000000000efa0       0x28 /home/casper/golioth-ncs-workspace/nrfxlib/nrf_modem/lib/nRF9160/soft-float/libmodem.a(sock.c.obj)
                0x000000000000efa0                sock_apn_rate_control_set
 .text.on_getaddrinfo_res
                0x000000000000efc8       0x18 /home/casper/golioth-ncs-workspace/nrfxlib/nrf_modem/lib/nRF9160/soft-float/libmodem.a(dns.c.obj)
                0x000000000000efc8                on_getaddrinfo_res
 .text.on_tls_attach_res
                0x000000000000efe0       0x28 /home/casper/golioth-ncs-workspace/nrfxlib/nrf_modem/lib/nRF9160/soft-float/libmodem.a(tls.c.obj)
                0x000000000000efe0                on_tls_attach_res
 .text.on_tls_handshake_ntf
                0x000000000000f008       0x34 /home/casper/golioth-ncs-workspace/nrfxlib/nrf_modem/lib/nRF9160/soft-float/libmodem.a(tls.c.obj)
                0x000000000000f008                on_tls_handshake_ntf
 .text.tls_attach
                0x000000000000f03c       0xf0 /home/casper/golioth-ncs-workspace/nrfxlib/nrf_modem/lib/nRF9160/soft-float/libmodem.a(tls.c.obj)
                0x000000000000f03c                tls_attach
 .text.rpc_error_to_nrf_errno
                0x000000000000f12c       0x18 /home/casper/golioth-ncs-workspace/nrfxlib/nrf_modem/lib/nRF9160/soft-float/libmodem.a(tables.c.obj)
                0x000000000000f12c                rpc_error_to_nrf_errno
 .text.rpc_gnss_event_handler
                0x000000000000f144      0x134 /home/casper/golioth-ncs-workspace/nrfxlib/nrf_modem/lib/nRF9160/soft-float/libmodem.a(nrf_modem_gnss.c.obj)
                0x000000000000f144                rpc_gnss_event_handler
 .text.rpc_softsim_event_handler
                0x000000000000f278       0x20 /home/casper/golioth-ncs-workspace/nrfxlib/nrf_modem/lib/nRF9160/soft-float/libmodem.a(nrf_modem_softsim.c.obj)
                0x000000000000f278                rpc_softsim_event_handler
 .text.nrf_modem_fault_handler_internal
                0x000000000000f298       0x18 /home/casper/golioth-ncs-workspace/nrfxlib/nrf_modem/lib/nRF9160/soft-float/libmodem.a(nrf_modem_fault.c.obj)
                0x000000000000f298                nrf_modem_fault_handler_internal
 .text.nrf_modem_state_set
                0x000000000000f2b0        0xc /home/casper/golioth-ncs-workspace/nrfxlib/nrf_modem/lib/nRF9160/soft-float/libmodem.a(nrf_modem_state.c.obj)
                0x000000000000f2b0                nrf_modem_state_set
 .text.nrf_modem_state_is_initialized
                0x000000000000f2bc       0x10 /home/casper/golioth-ncs-workspace/nrfxlib/nrf_modem/lib/nRF9160/soft-float/libmodem.a(nrf_modem_state.c.obj)
                0x000000000000f2bc                nrf_modem_state_is_initialized
 .text.ipc_trace_init
                0x000000000000f2cc       0x38 /home/casper/golioth-ncs-workspace/nrfxlib/nrf_modem/lib/nRF9160/soft-float/libmodem.a(ipc_trace.c.obj)
                0x000000000000f2cc                ipc_trace_init
 .text.ipc_trace_handler
                0x000000000000f304       0xc8 /home/casper/golioth-ncs-workspace/nrfxlib/nrf_modem/lib/nRF9160/soft-float/libmodem.a(ipc_trace.c.obj)
                0x000000000000f304                ipc_trace_handler
 .text.z_impl_k_busy_wait
                0x000000000000f3cc        0x8 zephyr/kernel/libkernel.a(busy_wait.c.obj)
                0x000000000000f3cc                z_impl_k_busy_wait
 .text.z_device_state_init
                0x000000000000f3d4       0x48 zephyr/kernel/libkernel.a(device.c.obj)
                0x000000000000f3d4                z_device_state_init
 .text.z_device_is_ready
                0x000000000000f41c       0x18 zephyr/kernel/libkernel.a(device.c.obj)
                0x000000000000f41c                z_device_is_ready
 .text.arch_system_halt
                0x000000000000f434       0x14 zephyr/kernel/libkernel.a(fatal.c.obj)
                0x000000000000f434                arch_system_halt
 .text.k_sys_fatal_error_handler
                0x000000000000f448       0x18 zephyr/kernel/libkernel.a(fatal.c.obj)
                0x000000000000f448                k_sys_fatal_error_handler
 .text.z_fatal_error
                0x000000000000f460      0x120 zephyr/kernel/libkernel.a(fatal.c.obj)
                0x000000000000f460                z_fatal_error
 .text.z_sys_init_run_level
                0x000000000000f580       0x54 zephyr/kernel/libkernel.a(init.c.obj)
 .text.bg_thread_main
                0x000000000000f5d4       0x34 zephyr/kernel/libkernel.a(init.c.obj)
 .text.z_early_memset
                0x000000000000f608        0x4 zephyr/kernel/libkernel.a(init.c.obj)
                0x000000000000f608                z_early_memset
 .text.z_early_memcpy
                0x000000000000f60c        0x4 zephyr/kernel/libkernel.a(init.c.obj)
                0x000000000000f60c                z_early_memcpy
 .text.z_bss_zero
                0x000000000000f610       0x18 zephyr/kernel/libkernel.a(init.c.obj)
                0x000000000000f610                z_bss_zero
 .text.z_init_cpu
                0x000000000000f628       0x84 zephyr/kernel/libkernel.a(init.c.obj)
                0x000000000000f628                z_init_cpu
 .text.z_cstart
                0x000000000000f6ac       0xe8 zephyr/kernel/libkernel.a(init.c.obj)
                0x000000000000f6ac                z_cstart
 .text.statics_init
                0x000000000000f794       0x5c zephyr/kernel/libkernel.a(kheap.c.obj)
 .text.k_heap_aligned_alloc
                0x000000000000f7f0      0x138 zephyr/kernel/libkernel.a(kheap.c.obj)
                0x000000000000f7f0                k_heap_aligned_alloc
 .text.k_heap_alloc
                0x000000000000f928       0x1c zephyr/kernel/libkernel.a(kheap.c.obj)
                0x000000000000f928                k_heap_alloc
 .text.k_heap_free
                0x000000000000f944       0xa8 zephyr/kernel/libkernel.a(kheap.c.obj)
                0x000000000000f944                k_heap_free
 .text.k_is_in_isr
                0x000000000000f9ec        0xc zephyr/kernel/libkernel.a(thread.c.obj)
                0x000000000000f9ec                k_is_in_isr
 .text.k_thread_name_get
                0x000000000000f9f8        0x4 zephyr/kernel/libkernel.a(thread.c.obj)
                0x000000000000f9f8                k_thread_name_get
 .text.z_setup_new_thread
                0x000000000000f9fc       0xfc zephyr/kernel/libkernel.a(thread.c.obj)
                0x000000000000f9fc                z_setup_new_thread
 .text.z_init_static_threads
                0x000000000000faf8      0x104 zephyr/kernel/libkernel.a(thread.c.obj)
                0x000000000000faf8                z_init_static_threads
 .text.z_spin_lock_valid
                0x000000000000fbfc       0x1c zephyr/kernel/libkernel.a(thread.c.obj)
                0x000000000000fbfc                z_spin_lock_valid
 .text.z_spin_unlock_valid
                0x000000000000fc18       0x20 zephyr/kernel/libkernel.a(thread.c.obj)
                0x000000000000fc18                z_spin_unlock_valid
 .text.z_spin_lock_set_owner
                0x000000000000fc38       0x10 zephyr/kernel/libkernel.a(thread.c.obj)
                0x000000000000fc38                z_spin_lock_set_owner
 .text.idle     0x000000000000fc48       0x48 zephyr/kernel/libkernel.a(idle.c.obj)
                0x000000000000fc48                idle
 .text.z_impl_k_mutex_lock
                0x000000000000fc90      0x1bc zephyr/kernel/libkernel.a(mutex.c.obj)
                0x000000000000fc90                z_impl_k_mutex_lock
 .text.z_impl_k_mutex_unlock
                0x000000000000fe4c      0x13c zephyr/kernel/libkernel.a(mutex.c.obj)
                0x000000000000fe4c                z_impl_k_mutex_unlock
 .text.z_impl_k_sem_init
                0x000000000000ff88       0x1c zephyr/kernel/libkernel.a(sem.c.obj)
                0x000000000000ff88                z_impl_k_sem_init
 .text.z_impl_k_sem_give
                0x000000000000ffa4       0xb4 zephyr/kernel/libkernel.a(sem.c.obj)
                0x000000000000ffa4                z_impl_k_sem_give
 .text.z_impl_k_sem_take
                0x0000000000010058       0xf8 zephyr/kernel/libkernel.a(sem.c.obj)
                0x0000000000010058                z_impl_k_sem_take
 .text.slice_timeout
                0x0000000000010150       0x64 zephyr/kernel/libkernel.a(sched.c.obj)
 .text.z_priq_dumb_remove.part.0
                0x00000000000101b4       0x28 zephyr/kernel/libkernel.a(sched.c.obj)
 .text.z_reset_time_slice
                0x00000000000101dc       0x70 zephyr/kernel/libkernel.a(sched.c.obj)
                0x00000000000101dc                z_reset_time_slice
 .text.update_cache
                0x000000000001024c       0x6c zephyr/kernel/libkernel.a(sched.c.obj)
 .text.move_thread_to_end_of_prio_q
                0x00000000000102b8       0xb8 zephyr/kernel/libkernel.a(sched.c.obj)
 .text.ready_thread
                0x0000000000010370       0x94 zephyr/kernel/libkernel.a(sched.c.obj)
 .text.add_to_waitq_locked
                0x0000000000010404       0xd4 zephyr/kernel/libkernel.a(sched.c.obj)
 .text.z_time_slice
                0x00000000000104d8       0xf0 zephyr/kernel/libkernel.a(sched.c.obj)
                0x00000000000104d8                z_time_slice
 .text.z_ready_thread
                0x00000000000105c8       0x90 zephyr/kernel/libkernel.a(sched.c.obj)
                0x00000000000105c8                z_ready_thread
 .text.z_impl_k_thread_suspend
                0x0000000000010658      0x10c zephyr/kernel/libkernel.a(sched.c.obj)
                0x0000000000010658                z_impl_k_thread_suspend
 .text.z_unpend_thread_no_timeout
                0x0000000000010764       0xb8 zephyr/kernel/libkernel.a(sched.c.obj)
                0x0000000000010764                z_unpend_thread_no_timeout
 .text.z_sched_wake_thread
                0x000000000001081c       0xd0 zephyr/kernel/libkernel.a(sched.c.obj)
                0x000000000001081c                z_sched_wake_thread
 .text.z_thread_timeout
                0x00000000000108ec        0x8 zephyr/kernel/libkernel.a(sched.c.obj)
                0x00000000000108ec                z_thread_timeout
 .text.z_pend_curr
                0x00000000000108f4      0x118 zephyr/kernel/libkernel.a(sched.c.obj)
                0x00000000000108f4                z_pend_curr
 .text.z_unpend1_no_timeout
                0x0000000000010a0c       0xe8 zephyr/kernel/libkernel.a(sched.c.obj)
                0x0000000000010a0c                z_unpend1_no_timeout
 .text.z_unpend_first_thread
                0x0000000000010af4       0xf8 zephyr/kernel/libkernel.a(sched.c.obj)
                0x0000000000010af4                z_unpend_first_thread
 .text.z_unpend_thread
                0x0000000000010bec       0xc0 zephyr/kernel/libkernel.a(sched.c.obj)
                0x0000000000010bec                z_unpend_thread
 .text.z_set_prio
                0x0000000000010cac      0x128 zephyr/kernel/libkernel.a(sched.c.obj)
                0x0000000000010cac                z_set_prio
 .text.z_reschedule
                0x0000000000010dd4       0x8c zephyr/kernel/libkernel.a(sched.c.obj)
                0x0000000000010dd4                z_reschedule
 .text.z_sched_start
                0x0000000000010e60       0xa8 zephyr/kernel/libkernel.a(sched.c.obj)
                0x0000000000010e60                z_sched_start
 .text.z_reschedule_irqlock
                0x0000000000010f08       0x18 zephyr/kernel/libkernel.a(sched.c.obj)
                0x0000000000010f08                z_reschedule_irqlock
 .text.k_sched_lock
                0x0000000000010f20       0xe4 zephyr/kernel/libkernel.a(sched.c.obj)
                0x0000000000010f20                k_sched_lock
 .text.k_sched_unlock
                0x0000000000011004      0x118 zephyr/kernel/libkernel.a(sched.c.obj)
                0x0000000000011004                k_sched_unlock
 .text.z_unpend_all
                0x000000000001111c       0x28 zephyr/kernel/libkernel.a(sched.c.obj)
                0x000000000001111c                z_unpend_all
 .text.z_sched_init
                0x0000000000011144       0x10 zephyr/kernel/libkernel.a(sched.c.obj)
                0x0000000000011144                z_sched_init
 .text.z_impl_k_yield
                0x0000000000011154      0x16c zephyr/kernel/libkernel.a(sched.c.obj)
                0x0000000000011154                z_impl_k_yield
 .text.z_tick_sleep
                0x00000000000112c0      0x194 zephyr/kernel/libkernel.a(sched.c.obj)
 .text.z_impl_k_sleep
                0x0000000000011454       0x68 zephyr/kernel/libkernel.a(sched.c.obj)
                0x0000000000011454                z_impl_k_sleep
 .text.z_impl_z_current_get
                0x00000000000114bc        0xc zephyr/kernel/libkernel.a(sched.c.obj)
                0x00000000000114bc                z_impl_z_current_get
 .text.z_thread_abort
                0x00000000000114c8      0x248 zephyr/kernel/libkernel.a(sched.c.obj)
                0x00000000000114c8                z_thread_abort
 .text.z_data_copy
                0x0000000000011710       0x34 zephyr/kernel/libkernel.a(xip.c.obj)
                0x0000000000011710                z_data_copy
 .text.remove_timeout
                0x0000000000011744       0x38 zephyr/kernel/libkernel.a(timeout.c.obj)
 .text.z_add_timeout
                0x000000000001177c      0x1d0 zephyr/kernel/libkernel.a(timeout.c.obj)
                0x000000000001177c                z_add_timeout
 .text.z_abort_timeout
                0x000000000001194c       0x9c zephyr/kernel/libkernel.a(timeout.c.obj)
                0x000000000001194c                z_abort_timeout
 .text.sys_clock_announce
                0x00000000000119e8      0x1e8 zephyr/kernel/libkernel.a(timeout.c.obj)
                0x00000000000119e8                sys_clock_announce
 .text.sys_clock_tick_get
                0x0000000000011bd0       0xb0 zephyr/kernel/libkernel.a(timeout.c.obj)
                0x0000000000011bd0                sys_clock_tick_get
 .text.sys_clock_tick_get_32
                0x0000000000011c80        0x8 zephyr/kernel/libkernel.a(timeout.c.obj)
                0x0000000000011c80                sys_clock_tick_get_32
 .text.z_impl_k_uptime_ticks
                0x0000000000011c88        0x4 zephyr/kernel/libkernel.a(timeout.c.obj)
                0x0000000000011c88                z_impl_k_uptime_ticks
 .text.sys_timepoint_calc
                0x0000000000011c8c       0x64 zephyr/kernel/libkernel.a(timeout.c.obj)
                0x0000000000011c8c                sys_timepoint_calc
 .text.sys_timepoint_timeout
                0x0000000000011cf0       0x50 zephyr/kernel/libkernel.a(timeout.c.obj)
                0x0000000000011cf0                sys_timepoint_timeout
 .text.z_timer_expiration_handler
                0x0000000000011d40      0x174 zephyr/kernel/libkernel.a(timer.c.obj)
                0x0000000000011d40                z_timer_expiration_handler
 .text.k_timer_init
                0x0000000000011eb4       0x20 zephyr/kernel/libkernel.a(timer.c.obj)
                0x0000000000011eb4                k_timer_init
 .text.z_impl_k_timer_start
                0x0000000000011ed4       0x64 zephyr/kernel/libkernel.a(timer.c.obj)
                0x0000000000011ed4                z_impl_k_timer_start
 .text.z_impl_k_timer_stop
                0x0000000000011f38       0x3c zephyr/kernel/libkernel.a(timer.c.obj)
                0x0000000000011f38                z_impl_k_timer_stop
 .text.k_thread_system_pool_assign
                0x0000000000011f74        0xc zephyr/kernel/libkernel.a(mempool.c.obj)
                0x0000000000011f74                k_thread_system_pool_assign
 .text.boot_banner
                0x0000000000011f80        0x4 zephyr/kernel/libkernel.a(banner.c.obj)
                0x0000000000011f80                boot_banner
 .text.snprintf
                0x0000000000011f84       0x58 /home/casper/zephyr-sdk-0.16.4/arm-zephyr-eabi/bin/../lib/gcc/../../picolibc/arm-zephyr-eabi/lib/thumb/v8-m.main/nofp/libc.a(libc_tinystdio_snprintf.c.o)
                0x0000000000011f84                snprintf
 .text.strtol   0x0000000000011fdc       0xe0 /home/casper/zephyr-sdk-0.16.4/arm-zephyr-eabi/bin/../lib/gcc/../../picolibc/arm-zephyr-eabi/lib/thumb/v8-m.main/nofp/libc.a(libc_tinystdio_strtol.c.o)
                0x0000000000011fdc                strtol
 .text.skip_to_arg
                0x00000000000120bc      0x134 /home/casper/zephyr-sdk-0.16.4/arm-zephyr-eabi/bin/../lib/gcc/../../picolibc/arm-zephyr-eabi/lib/thumb/v8-m.main/nofp/libc.a(libc_tinystdio_vfprintf.c.o)
 .text.vfprintf
                0x00000000000121f0      0xb9c /home/casper/zephyr-sdk-0.16.4/arm-zephyr-eabi/bin/../lib/gcc/../../picolibc/arm-zephyr-eabi/lib/thumb/v8-m.main/nofp/libc.a(libc_tinystdio_vfprintf.c.o)
                0x00000000000121f0                __d_vfprintf
 .text.vsnprintf
                0x0000000000012d8c       0x50 /home/casper/zephyr-sdk-0.16.4/arm-zephyr-eabi/bin/../lib/gcc/../../picolibc/arm-zephyr-eabi/lib/thumb/v8-m.main/nofp/libc.a(libc_tinystdio_vsnprintf.c.o)
                0x0000000000012d8c                vsnprintf
 .text.div10    0x0000000000012ddc       0x28 /home/casper/zephyr-sdk-0.16.4/arm-zephyr-eabi/bin/../lib/gcc/../../picolibc/arm-zephyr-eabi/lib/thumb/v8-m.main/nofp/libc.a(libc_tinystdio_dtoa_ryu.c.o)
 .text.__dtoa_engine
                0x0000000000012e04      0x4ac /home/casper/zephyr-sdk-0.16.4/arm-zephyr-eabi/bin/../lib/gcc/../../picolibc/arm-zephyr-eabi/lib/thumb/v8-m.main/nofp/libc.a(libc_tinystdio_dtoa_ryu.c.o)
                0x0000000000012e04                __dtoa_engine
 .text.__pow5Factor
                0x00000000000132b0       0x30 /home/casper/zephyr-sdk-0.16.4/arm-zephyr-eabi/bin/../lib/gcc/../../picolibc/arm-zephyr-eabi/lib/thumb/v8-m.main/nofp/libc.a(libc_tinystdio_ryu_table.c.o)
                0x00000000000132b0                __pow5Factor
 .text.__double_computePow5
                0x00000000000132e0       0xe4 /home/casper/zephyr-sdk-0.16.4/arm-zephyr-eabi/bin/../lib/gcc/../../picolibc/arm-zephyr-eabi/lib/thumb/v8-m.main/nofp/libc.a(libc_tinystdio_ryu_table.c.o)
                0x00000000000132e0                __double_computePow5
 .text.__double_computeInvPow5
                0x00000000000133c4       0xf8 /home/casper/zephyr-sdk-0.16.4/arm-zephyr-eabi/bin/../lib/gcc/../../picolibc/arm-zephyr-eabi/lib/thumb/v8-m.main/nofp/libc.a(libc_tinystdio_ryu_table.c.o)
                0x00000000000133c4                __double_computeInvPow5
 .text.__log10Pow2
                0x00000000000134bc        0xc /home/casper/zephyr-sdk-0.16.4/arm-zephyr-eabi/bin/../lib/gcc/../../picolibc/arm-zephyr-eabi/lib/thumb/v8-m.main/nofp/libc.a(libc_tinystdio_ryu_log10.c.o)
                0x00000000000134bc                __log10Pow2
 .text.__log10Pow5
                0x00000000000134c8        0xc /home/casper/zephyr-sdk-0.16.4/arm-zephyr-eabi/bin/../lib/gcc/../../picolibc/arm-zephyr-eabi/lib/thumb/v8-m.main/nofp/libc.a(libc_tinystdio_ryu_log10.c.o)
                0x00000000000134c8                __log10Pow5
 .text.__pow5bits
                0x00000000000134d4       0x10 /home/casper/zephyr-sdk-0.16.4/arm-zephyr-eabi/bin/../lib/gcc/../../picolibc/arm-zephyr-eabi/lib/thumb/v8-m.main/nofp/libc.a(libc_tinystdio_ryu_pow5bits.c.o)
                0x00000000000134d4                __pow5bits
 .text.rpc_handle_ctrl_message
                0x00000000000134e4       0x30 /home/casper/golioth-ncs-workspace/nrfxlib/nrf_modem/lib/nRF9160/soft-float/libmodem.a(rpc_framework.c.obj)
                0x00000000000134e4                rpc_handle_ctrl_message
 .text.rpc_list_preambles_init
                0x0000000000013514       0x20 /home/casper/golioth-ncs-workspace/nrfxlib/nrf_modem/lib/nRF9160/soft-float/libmodem.a(rpc_transport_ipc.c.obj)
 .text.rpc_transport_ipc_data_rx_resume
                0x0000000000013534        0x6 /home/casper/golioth-ncs-workspace/nrfxlib/nrf_modem/lib/nRF9160/soft-float/libmodem.a(rpc_transport_ipc.c.obj)
 .text.rpc_transport_ipc_data_rx_suspend
                0x000000000001353a        0x6 /home/casper/golioth-ncs-workspace/nrfxlib/nrf_modem/lib/nRF9160/soft-float/libmodem.a(rpc_transport_ipc.c.obj)
 .text.rpc_transport_ipc_shutdown
                0x0000000000013540        0x4 /home/casper/golioth-ncs-workspace/nrfxlib/nrf_modem/lib/nRF9160/soft-float/libmodem.a(rpc_transport_ipc.c.obj)
 .text.rpc_transport_ipc_msg_alloc
                0x0000000000013544       0x4a /home/casper/golioth-ncs-workspace/nrfxlib/nrf_modem/lib/nRF9160/soft-float/libmodem.a(rpc_transport_ipc.c.obj)
 .text.rpc_client_msg_from_rpc_msg_get
                0x000000000001358e        0x4 /home/casper/golioth-ncs-workspace/nrfxlib/nrf_modem/lib/nRF9160/soft-float/libmodem.a(rpc_client.c.obj)
                0x000000000001358e                rpc_client_msg_from_rpc_msg_get
 .text.rpc_client_msg_alloc
                0x0000000000013592       0x38 /home/casper/golioth-ncs-workspace/nrfxlib/nrf_modem/lib/nRF9160/soft-float/libmodem.a(rpc_client.c.obj)
                0x0000000000013592                rpc_client_msg_alloc
 .text.rpc_client_msg_send
                0x00000000000135ca        0xe /home/casper/golioth-ncs-workspace/nrfxlib/nrf_modem/lib/nRF9160/soft-float/libmodem.a(rpc_client.c.obj)
                0x00000000000135ca                rpc_client_msg_send
 .text.rpc_client_msg_rx_free
                0x00000000000135d8        0x6 /home/casper/golioth-ncs-workspace/nrfxlib/nrf_modem/lib/nRF9160/soft-float/libmodem.a(rpc_client.c.obj)
                0x00000000000135d8                rpc_client_msg_rx_free
 .text.rpc_client_msg_data_rx_free
                0x00000000000135de        0x4 /home/casper/golioth-ncs-workspace/nrfxlib/nrf_modem/lib/nRF9160/soft-float/libmodem.a(rpc_client.c.obj)
                0x00000000000135de                rpc_client_msg_data_rx_free
 .text.rpc_client_msg_data_tx_alloc
                0x00000000000135e2        0x4 /home/casper/golioth-ncs-workspace/nrfxlib/nrf_modem/lib/nRF9160/soft-float/libmodem.a(rpc_client.c.obj)
                0x00000000000135e2                rpc_client_msg_data_tx_alloc
 .text.rpc_client_msg_data_tx_free
                0x00000000000135e6       0x10 /home/casper/golioth-ncs-workspace/nrfxlib/nrf_modem/lib/nRF9160/soft-float/libmodem.a(rpc_client.c.obj)
                0x00000000000135e6                rpc_client_msg_data_tx_free
 .text.sockaddr_init
                0x00000000000135f6       0x68 /home/casper/golioth-ncs-workspace/nrfxlib/nrf_modem/lib/nRF9160/soft-float/libmodem.a(addr.c.obj)
                0x00000000000135f6                sockaddr_init
 .text.sock_pollcb
                0x000000000001365e       0x30 /home/casper/golioth-ncs-workspace/nrfxlib/nrf_modem/lib/nRF9160/soft-float/libmodem.a(sock.c.obj)
                0x000000000001365e                sock_pollcb
 .text.sock_pkt_append
                0x000000000001368e       0x14 /home/casper/golioth-ncs-workspace/nrfxlib/nrf_modem/lib/nRF9160/soft-float/libmodem.a(sock.c.obj)
                0x000000000001368e                sock_pkt_append
 .text.sock_is_stream
                0x00000000000136a2        0xa /home/casper/golioth-ncs-workspace/nrfxlib/nrf_modem/lib/nRF9160/soft-float/libmodem.a(sock.c.obj)
                0x00000000000136a2                sock_is_stream
 .text.sock_is_datagram
                0x00000000000136ac        0xa /home/casper/golioth-ncs-workspace/nrfxlib/nrf_modem/lib/nRF9160/soft-float/libmodem.a(sock.c.obj)
                0x00000000000136ac                sock_is_datagram
 .text.sock_proto_is_secure
                0x00000000000136b6       0x18 /home/casper/golioth-ncs-workspace/nrfxlib/nrf_modem/lib/nRF9160/soft-float/libmodem.a(sock.c.obj)
                0x00000000000136b6                sock_proto_is_secure
 .text.sock_is_attaching
                0x00000000000136ce        0x8 /home/casper/golioth-ncs-workspace/nrfxlib/nrf_modem/lib/nRF9160/soft-float/libmodem.a(sock.c.obj)
                0x00000000000136ce                sock_is_attaching
 .text.sock_is_nonblock
                0x00000000000136d6        0x8 /home/casper/golioth-ncs-workspace/nrfxlib/nrf_modem/lib/nRF9160/soft-float/libmodem.a(sock.c.obj)
                0x00000000000136d6                sock_is_nonblock
 .text.sock_is_local_closed
                0x00000000000136de        0x8 /home/casper/golioth-ncs-workspace/nrfxlib/nrf_modem/lib/nRF9160/soft-float/libmodem.a(sock.c.obj)
                0x00000000000136de                sock_is_local_closed
 .text.sock_is_eof
                0x00000000000136e6       0x16 /home/casper/golioth-ncs-workspace/nrfxlib/nrf_modem/lib/nRF9160/soft-float/libmodem.a(sock.c.obj)
                0x00000000000136e6                sock_is_eof
 .text.sock_has_stream_error
                0x00000000000136fc        0x8 /home/casper/golioth-ncs-workspace/nrfxlib/nrf_modem/lib/nRF9160/soft-float/libmodem.a(sock.c.obj)
                0x00000000000136fc                sock_has_stream_error
 .text.sock_has_error
                0x0000000000013704        0xe /home/casper/golioth-ncs-workspace/nrfxlib/nrf_modem/lib/nRF9160/soft-float/libmodem.a(sock.c.obj)
                0x0000000000013704                sock_has_error
 .text.sock_has_pollcb
                0x0000000000013712        0xa /home/casper/golioth-ncs-workspace/nrfxlib/nrf_modem/lib/nRF9160/soft-float/libmodem.a(sock.c.obj)
                0x0000000000013712                sock_has_pollcb
 .text.sock_can_read
                0x000000000001371c        0xa /home/casper/golioth-ncs-workspace/nrfxlib/nrf_modem/lib/nRF9160/soft-float/libmodem.a(sock.c.obj)
                0x000000000001371c                sock_can_read
 .text.sock_can_accept
                0x0000000000013726        0xa /home/casper/golioth-ncs-workspace/nrfxlib/nrf_modem/lib/nRF9160/soft-float/libmodem.a(sock.c.obj)
                0x0000000000013726                sock_can_accept
 .text.sock_can_send
                0x0000000000013730       0x3c /home/casper/golioth-ncs-workspace/nrfxlib/nrf_modem/lib/nRF9160/soft-float/libmodem.a(sock.c.obj)
                0x0000000000013730                sock_can_send
 .text.on_conf_dnssrv_res
                0x000000000001376c        0x4 /home/casper/golioth-ncs-workspace/nrfxlib/nrf_modem/lib/nRF9160/soft-float/libmodem.a(dns.c.obj)
                0x000000000001376c                on_conf_dnssrv_res
 .text.on_getifaddrs_res
                0x0000000000013770        0x4 /home/casper/golioth-ncs-workspace/nrfxlib/nrf_modem/lib/nRF9160/soft-float/libmodem.a(ifaddrs.c.obj)
                0x0000000000013770                on_getifaddrs_res
 .text.rpc_ip_event_handler
                0x0000000000013774      0x248 /home/casper/golioth-ncs-workspace/nrfxlib/nrf_modem/lib/nRF9160/soft-float/libmodem.a(ip.c.obj)
                0x0000000000013774                rpc_ip_event_handler
 .text.nrf_poll_one
                0x00000000000139bc       0x92 /home/casper/golioth-ncs-workspace/nrfxlib/nrf_modem/lib/nRF9160/soft-float/libmodem.a(poll.c.obj)
                0x00000000000139bc                nrf_poll_one
 .text.res_cookie_get
                0x0000000000013a4e        0x4 /home/casper/golioth-ncs-workspace/nrfxlib/nrf_modem/lib/nRF9160/soft-float/libmodem.a(reqres.c.obj)
                0x0000000000013a4e                res_cookie_get
 .text.res_forward
                0x0000000000013a52        0x8 /home/casper/golioth-ncs-workspace/nrfxlib/nrf_modem/lib/nRF9160/soft-float/libmodem.a(reqres.c.obj)
                0x0000000000013a52                res_forward
 .text.rpc_dfu_event_handler
                0x0000000000013a5a       0x16 /home/casper/golioth-ncs-workspace/nrfxlib/nrf_modem/lib/nRF9160/soft-float/libmodem.a(nrf_modem_delta_dfu.c.obj)
                0x0000000000013a5a                rpc_dfu_event_handler
 .text.nrf_modem_is_initialized
                0x0000000000013a70        0x4 /home/casper/golioth-ncs-workspace/nrfxlib/nrf_modem/lib/nRF9160/soft-float/libmodem.a(nrf_modem.c.obj)
                0x0000000000013a70                nrf_modem_is_initialized
 .text.strncpy  0x0000000000013a74       0x20 /home/casper/zephyr-sdk-0.16.4/arm-zephyr-eabi/bin/../lib/gcc/../../picolibc/arm-zephyr-eabi/lib/thumb/v8-m.main/nofp/libc.a(libc_string_strncpy.c.o)
                0x0000000000013a74                strncpy
 .text.strnlen  0x0000000000013a94       0x18 /home/casper/zephyr-sdk-0.16.4/arm-zephyr-eabi/bin/../lib/gcc/../../picolibc/arm-zephyr-eabi/lib/thumb/v8-m.main/nofp/libc.a(libc_string_strnlen.c.o)
                0x0000000000013a94                strnlen
 .text.strstr   0x0000000000013aac       0x2c /home/casper/zephyr-sdk-0.16.4/arm-zephyr-eabi/bin/../lib/gcc/../../picolibc/arm-zephyr-eabi/lib/thumb/v8-m.main/nofp/libc.a(libc_string_strstr.c.o)
                0x0000000000013aac                strstr
 .text.__ultoa_invert
                0x0000000000013ad8       0x4e /home/casper/zephyr-sdk-0.16.4/arm-zephyr-eabi/bin/../lib/gcc/../../picolibc/arm-zephyr-eabi/lib/thumb/v8-m.main/nofp/libc.a(libc_tinystdio_vfprintf.c.o)
 .text.mulShiftAll64
                0x0000000000013b26      0x174 /home/casper/zephyr-sdk-0.16.4/arm-zephyr-eabi/bin/../lib/gcc/../../picolibc/arm-zephyr-eabi/lib/thumb/v8-m.main/nofp/libc.a(libc_tinystdio_dtoa_ryu.c.o)
 .text.__umul128
                0x0000000000013c9a       0x36 /home/casper/zephyr-sdk-0.16.4/arm-zephyr-eabi/bin/../lib/gcc/../../picolibc/arm-zephyr-eabi/lib/thumb/v8-m.main/nofp/libc.a(libc_tinystdio_ryu_umul128.c.o)
                0x0000000000013c9a                __umul128
 .text.__shiftright128
                0x0000000000013cd0       0x3e /home/casper/zephyr-sdk-0.16.4/arm-zephyr-eabi/bin/../lib/gcc/../../picolibc/arm-zephyr-eabi/lib/thumb/v8-m.main/nofp/libc.a(libc_tinystdio_ryu_umul128.c.o)
                0x0000000000013cd0                __shiftright128
 .text.memcpy   0x0000000000013d0e       0x1a /home/casper/zephyr-sdk-0.16.4/arm-zephyr-eabi/bin/../lib/gcc/../../picolibc/arm-zephyr-eabi/lib/thumb/v8-m.main/nofp/libc.a(memcpy.c.o)
                0x0000000000013d0e                memcpy
                0x0000000000013d0e                __aeabi_memcpy
                0x0000000000013d0e                __aeabi_memcpy4
                0x0000000000013d0e                __aeabi_memcpy8
 .text.memset   0x0000000000013d28       0x10 /home/casper/zephyr-sdk-0.16.4/arm-zephyr-eabi/bin/../lib/gcc/../../picolibc/arm-zephyr-eabi/lib/thumb/v8-m.main/nofp/libc.a(memset.c.o)
                0x0000000000013d28                memset
 .text.__file_str_put
                0x0000000000013d38       0x10 /home/casper/zephyr-sdk-0.16.4/arm-zephyr-eabi/bin/../lib/gcc/../../picolibc/arm-zephyr-eabi/lib/thumb/v8-m.main/nofp/libc.a(libc_tinystdio_filestrput.c.o)
                0x0000000000013d38                __file_str_put
 *(SORT_BY_ALIGNMENT(.TEXT.*))
 .TEXT.__aeabi_read_tp
                0x0000000000013d48        0xc zephyr/arch/arch/arm/core/aarch32/cortex_m/libarch__arm__core__aarch32__cortex_m.a(__aeabi_read_tp.S.obj)
                0x0000000000013d48                __aeabi_read_tp
 *(SORT_BY_ALIGNMENT(.gnu.linkonce.t.*))
 *(SORT_BY_ALIGNMENT(.glue_7t))
 .glue_7t       0x0000000000013d54        0x0 linker stubs
 *(SORT_BY_ALIGNMENT(.glue_7))
 .glue_7        0x0000000000013d54        0x0 linker stubs
 *(SORT_BY_ALIGNMENT(.vfp11_veneer))
 .vfp11_veneer  0x0000000000013d54        0x0 linker stubs
 *(SORT_BY_ALIGNMENT(.v4_bx))
 .v4_bx         0x0000000000013d54        0x0 linker stubs
                0x0000000000013d54                . = ALIGN (0x4)
                0x0000000000013d54                __text_region_end = .

.ARM.exidx      0x0000000000013d54        0x8
                0x0000000000013d54                __exidx_start = .
 *(SORT_BY_ALIGNMENT(.ARM.exidx*) SORT_BY_ALIGNMENT(gnu.linkonce.armexidx.*))
 .ARM.exidx     0x0000000000013d54        0x8 /home/casper/zephyr-sdk-0.16.4/arm-zephyr-eabi/bin/../lib/gcc/arm-zephyr-eabi/12.2.0/thumb/v8-m.main/nofp/libgcc.a(_udivmoddi4.o)
 .ARM.exidx     0x0000000000013d5c        0x0 /home/casper/zephyr-sdk-0.16.4/arm-zephyr-eabi/bin/../lib/gcc/../../picolibc/arm-zephyr-eabi/lib/thumb/v8-m.main/nofp/libc.a(strlen.S.o)
                                          0x8 (size before relaxing)
                0x0000000000013d5c                __exidx_end = .
                0x0000000000013d5c                __rodata_region_start = .

initlevel       0x0000000000013d5c       0x60
                0x0000000000013d5c                __init_start = .
                0x0000000000013d5c                __init_EARLY_start = .
 *(SORT_BY_NAME(SORT_BY_ALIGNMENT(.z_init_EARLY?_*)))
 *(SORT_BY_NAME(SORT_BY_ALIGNMENT(.z_init_EARLY??_*)))
                0x0000000000013d5c                __init_PRE_KERNEL_1_start = .
 *(SORT_BY_NAME(SORT_BY_ALIGNMENT(.z_init_PRE_KERNEL_1?_*)))
 .z_init_PRE_KERNEL_10_0_
                0x0000000000013d5c        0x8 zephyr/libzephyr.a(soc.c.obj)
 *(SORT_BY_NAME(SORT_BY_ALIGNMENT(.z_init_PRE_KERNEL_1??_*)))
 .z_init_PRE_KERNEL_130_00068_
                0x0000000000013d64        0x8 zephyr/drivers/clock_control/libdrivers__clock_control.a(clock_control_nrf.c.obj)
 .z_init_PRE_KERNEL_130_0_
                0x0000000000013d6c        0x8 zephyr/kernel/libkernel.a(kheap.c.obj)
 .z_init_PRE_KERNEL_140_00009_
                0x0000000000013d74        0x8 zephyr/drivers/gpio/libdrivers__gpio.a(gpio_nrfx.c.obj)
 .z_init_PRE_KERNEL_150_00011_
                0x0000000000013d7c        0x8 zephyr/drivers/entropy/libdrivers__entropy.a(entropy_psa_crypto.c.obj)
 .z_init_PRE_KERNEL_155_00094_
                0x0000000000013d84        0x8 zephyr/drivers/serial/libdrivers__serial.a(uart_nrfx_uarte.c.obj)
                0x0000000000013d8c                __init_PRE_KERNEL_2_start = .
 *(SORT_BY_NAME(SORT_BY_ALIGNMENT(.z_init_PRE_KERNEL_2?_*)))
 .z_init_PRE_KERNEL_20_0_
                0x0000000000013d8c        0x8 zephyr/drivers/timer/libdrivers__timer.a(nrf_rtc_timer.c.obj)
 *(SORT_BY_NAME(SORT_BY_ALIGNMENT(.z_init_PRE_KERNEL_2??_*)))
                0x0000000000013d94                __init_POST_KERNEL_start = .
 *(SORT_BY_NAME(SORT_BY_ALIGNMENT(.z_init_POST_KERNEL?_*)))
 .z_init_POST_KERNEL0_0_
                0x0000000000013d94        0x8 modules/nrf/lib/nrf_modem_lib/lib..__nrf__lib__nrf_modem_lib.a(nrf_modem_os.c.obj)
 *(SORT_BY_NAME(SORT_BY_ALIGNMENT(.z_init_POST_KERNEL??_*)))
 .z_init_POST_KERNEL40_0_
                0x0000000000013d9c        0x8 zephyr/lib/libc/common/liblib__libc__common.a(malloc.c.obj)
 .z_init_POST_KERNEL40_0_
                0x0000000000013da4        0x8 modules/trusted-firmware-m/libtfm_api.a(interface.c.obj)
 .z_init_POST_KERNEL60_0_
                0x0000000000013dac        0x8 zephyr/drivers/console/libdrivers__console.a(uart_console.c.obj)
 .z_init_POST_KERNEL90_00059_
                0x0000000000013db4        0x8 app/libapp.a(pyd1598.c.obj)
                0x0000000000013dbc                __init_APPLICATION_start = .
 *(SORT_BY_NAME(SORT_BY_ALIGNMENT(.z_init_APPLICATION?_*)))
 *(SORT_BY_NAME(SORT_BY_ALIGNMENT(.z_init_APPLICATION??_*)))
                0x0000000000013dbc                __init_SMP_start = .
 *(SORT_BY_NAME(SORT_BY_ALIGNMENT(.z_init_SMP?_*)))
 *(SORT_BY_NAME(SORT_BY_ALIGNMENT(.z_init_SMP??_*)))
                0x0000000000013dbc                __init_end = .

device_area     0x0000000000013dbc       0x64
                0x0000000000013dbc                _device_list_start = .
 *(SORT_BY_NAME(SORT_BY_ALIGNMENT(._device.static.*_?_*)))
 *(SORT_BY_NAME(SORT_BY_ALIGNMENT(._device.static.*_??_*)))
 ._device.static.1_30_
                0x0000000000013dbc       0x14 zephyr/drivers/clock_control/libdrivers__clock_control.a(clock_control_nrf.c.obj)
                0x0000000000013dbc                __device_dts_ord_68
 ._device.static.1_40_
                0x0000000000013dd0       0x14 zephyr/drivers/gpio/libdrivers__gpio.a(gpio_nrfx.c.obj)
                0x0000000000013dd0                __device_dts_ord_9
 ._device.static.1_50_
                0x0000000000013de4       0x14 zephyr/drivers/entropy/libdrivers__entropy.a(entropy_psa_crypto.c.obj)
                0x0000000000013de4                __device_dts_ord_11
 ._device.static.1_55_
                0x0000000000013df8       0x14 zephyr/drivers/serial/libdrivers__serial.a(uart_nrfx_uarte.c.obj)
                0x0000000000013df8                __device_dts_ord_94
 ._device.static.3_90_
                0x0000000000013e0c       0x14 app/libapp.a(pyd1598.c.obj)
                0x0000000000013e0c                __device_dts_ord_59
                0x0000000000013e20                _device_list_end = .

sw_isr_table    0x0000000000013e20      0x208
                0x0000000000013e20                . = ALIGN (0x4)
 *(SORT_BY_ALIGNMENT(.gnu.linkonce.sw_isr_table*))
 .gnu.linkonce.sw_isr_table
                0x0000000000013e20      0x208 zephyr/arch/common/libisr_tables.a(isr_tables.c.obj)
                0x0000000000013e20                _sw_isr_table

initlevel_error
                0x0000000000013d5c        0x0
 *(SORT_BY_NAME(SORT_BY_ALIGNMENT(.z_init_[_A-Z0-9]*)))
                0x0000000000000001                ASSERT ((SIZEOF (initlevel_error) == 0x0), Undefined initialization levels used.)

app_shmem_regions
                0x0000000000014028        0x0
                0x0000000000014028                __app_shmem_regions_start = .
 *(SORT_BY_NAME(SORT_BY_ALIGNMENT(.app_regions.*)))
                0x0000000000014028                __app_shmem_regions_end = .

k_p4wq_initparam_area
                0x0000000000014028        0x0
                0x0000000000014028                _k_p4wq_initparam_list_start = .
 *(SORT_BY_NAME(SORT_BY_ALIGNMENT(._k_p4wq_initparam.static.*)))
                0x0000000000014028                _k_p4wq_initparam_list_end = .

_static_thread_data_area
                0x0000000000014028        0x0
                0x0000000000014028                __static_thread_data_list_start = .
 *(SORT_BY_NAME(SORT_BY_ALIGNMENT(.__static_thread_data.static.*)))
                0x0000000000014028                __static_thread_data_list_end = .

device_deps     0x0000000000014028        0x0
                0x0000000000014028                __device_deps_start = .
 *(SORT_BY_NAME(SORT_BY_ALIGNMENT(.__device_deps_pass2*)))
                0x0000000000014028                __device_deps_end = .

ztest           0x0000000000014028        0x0
                0x0000000000014028                _ztest_expected_result_entry_list_start = .
 *(SORT_BY_NAME(SORT_BY_ALIGNMENT(._ztest_expected_result_entry.static.*)))
                0x0000000000014028                _ztest_expected_result_entry_list_end = .
                0x0000000000014028                _ztest_suite_node_list_start = .
 *(SORT_BY_NAME(SORT_BY_ALIGNMENT(._ztest_suite_node.static.*)))
                0x0000000000014028                _ztest_suite_node_list_end = .
                0x0000000000014028                _ztest_unit_test_list_start = .
 *(SORT_BY_NAME(SORT_BY_ALIGNMENT(._ztest_unit_test.static.*)))
                0x0000000000014028                _ztest_unit_test_list_end = .
                0x0000000000014028                _ztest_test_rule_list_start = .
 *(SORT_BY_NAME(SORT_BY_ALIGNMENT(._ztest_test_rule.static.*)))
                0x0000000000014028                _ztest_test_rule_list_end = .

bt_l2cap_fixed_chan_area
                0x0000000000014028        0x0
                0x0000000000014028                _bt_l2cap_fixed_chan_list_start = .
 *(SORT_BY_NAME(SORT_BY_ALIGNMENT(._bt_l2cap_fixed_chan.static.*)))
                0x0000000000014028                _bt_l2cap_fixed_chan_list_end = .

bt_gatt_service_static_area
                0x0000000000014028        0x0
                0x0000000000014028                _bt_gatt_service_static_list_start = .
 *(SORT_BY_NAME(SORT_BY_ALIGNMENT(._bt_gatt_service_static.static.*)))
                0x0000000000014028                _bt_gatt_service_static_list_end = .

log_strings_area
                0x0000000000014028        0x0
                0x0000000000014028                _log_strings_list_start = .
 *(SORT_BY_NAME(SORT_BY_ALIGNMENT(._log_strings.static.*)))
                0x0000000000014028                _log_strings_list_end = .

log_const_area  0x0000000000014028       0x68
                0x0000000000014028                _log_const_list_start = .
 *(SORT_BY_NAME(SORT_BY_ALIGNMENT(._log_const.static.*)))
 ._log_const.static.log_const_NRFX_CLOCK_
                0x0000000000014028        0x8 modules/hal_nordic/nrfx/libmodules__hal_nordic__nrfx.a(nrfx_clock.c.obj)
                0x0000000000014028                log_const_NRFX_CLOCK
 ._log_const.static.log_const_NRFX_DPPI_
                0x0000000000014030        0x8 modules/hal_nordic/nrfx/libmodules__hal_nordic__nrfx.a(nrfx_dppi.c.obj)
                0x0000000000014030                log_const_NRFX_DPPI
 ._log_const.static.log_const_NRFX_GPIOTE_
                0x0000000000014038        0x8 modules/hal_nordic/nrfx/libmodules__hal_nordic__nrfx.a(nrfx_gpiote.c.obj)
                0x0000000000014038                log_const_NRFX_GPIOTE
 ._log_const.static.log_const_PYD1598_
                0x0000000000014040        0x8 app/libapp.a(pyd1598.c.obj)
                0x0000000000014040                log_const_PYD1598
 ._log_const.static.log_const_cbprintf_package_
                0x0000000000014048        0x8 zephyr/libzephyr.a(cbprintf_packaged.c.obj)
                0x0000000000014048                log_const_cbprintf_package
 ._log_const.static.log_const_clock_control_
                0x0000000000014050        0x8 zephyr/drivers/clock_control/libdrivers__clock_control.a(clock_control_nrf.c.obj)
                0x0000000000014050                log_const_clock_control
 ._log_const.static.log_const_main_
                0x0000000000014058        0x8 app/libapp.a(main.cpp.obj)
                0x0000000000014058                log_const_main
 ._log_const.static.log_const_modem_antenna_
                0x0000000000014060        0x8 modules/nrf/lib/modem_antenna/lib..__nrf__lib__modem_antenna.a(modem_antenna.c.obj)
                0x0000000000014060                log_const_modem_antenna
 ._log_const.static.log_const_mpu_
                0x0000000000014068        0x8 zephyr/arch/arch/arm/core/aarch32/mpu/libarch__arm__core__aarch32__mpu.a(arm_core_mpu.c.obj)
                0x0000000000014068                log_const_mpu
 ._log_const.static.log_const_nrf_modem_
                0x0000000000014070        0x8 modules/nrf/lib/nrf_modem_lib/lib..__nrf__lib__nrf_modem_lib.a(nrf_modem_os.c.obj)
                0x0000000000014070                log_const_nrf_modem
 ._log_const.static.log_const_os_
                0x0000000000014078        0x8 zephyr/kernel/libkernel.a(init.c.obj)
                0x0000000000014078                log_const_os
 ._log_const.static.log_const_soc_
                0x0000000000014080        0x8 zephyr/libzephyr.a(soc.c.obj)
                0x0000000000014080                log_const_soc
 ._log_const.static.log_const_uart_nrfx_uarte_
                0x0000000000014088        0x8 zephyr/drivers/serial/libdrivers__serial.a(uart_nrfx_uarte.c.obj)
                0x0000000000014088                log_const_uart_nrfx_uarte
                0x0000000000014090                _log_const_list_end = .

log_backend_area
                0x0000000000014090        0x0
                0x0000000000014090                _log_backend_list_start = .
 *(SORT_BY_NAME(SORT_BY_ALIGNMENT(._log_backend.static.*)))
                0x0000000000014090                _log_backend_list_end = .

log_link_area   0x0000000000014090        0x0
                0x0000000000014090                _log_link_list_start = .
 *(SORT_BY_NAME(SORT_BY_ALIGNMENT(._log_link.static.*)))
                0x0000000000014090                _log_link_list_end = .

tracing_backend_area
                0x0000000000014090        0x0
                0x0000000000014090                _tracing_backend_list_start = .
 *(SORT_BY_NAME(SORT_BY_ALIGNMENT(._tracing_backend.static.*)))
                0x0000000000014090                _tracing_backend_list_end = .

zephyr_dbg_info
 *(SORT_BY_ALIGNMENT(.dbg_thread_info))

symbol_to_keep  0x0000000000014090        0x0
                0x0000000000014090                __symbol_to_keep_start = .
 *(SORT_BY_NAME(SORT_BY_ALIGNMENT(.symbol_to_keep*)))
                0x0000000000014090                __symbol_to_keep_end = .

shell_area      0x0000000000014090        0x0
                0x0000000000014090                _shell_list_start = .
 *(SORT_BY_NAME(SORT_BY_ALIGNMENT(._shell.static.*)))
                0x0000000000014090                _shell_list_end = .

shell_root_cmds_area
                0x0000000000014090        0x0
                0x0000000000014090                _shell_root_cmds_list_start = .
 *(SORT_BY_NAME(SORT_BY_ALIGNMENT(._shell_root_cmds.static.*)))
                0x0000000000014090                _shell_root_cmds_list_end = .
