Archive member included to satisfy reference by file (symbol)

platform/libplatform_s.a(system_nrf91.o)
                              secure_fw/CMakeFiles/tfm_s.dir/__/platform/ext/target/nordic_nrf/common/core/startup.o (SystemInit)
secure_fw/partitions/lib/runtime/libtfm_sprt.a(crt_memset.o)
                              /home/casper/zephyr-sdk-0.16.4/arm-zephyr-eabi/bin/../lib/gcc/arm-zephyr-eabi/12.2.0/../../../../arm-zephyr-eabi/lib/thumb/v8-m.main/nofp/crt0.o (memset)
secure_fw/partitions/lib/runtime/libtfm_sprt.a(psa_api_ipc.o)
                              secure_fw/CMakeFiles/tfm_s.dir/partitions/ns_agent_tz/psa_api_veneers_v80m.o (psa_framework_version)
secure_fw/partitions/lib/runtime/libtfm_sprt.a(sprt_partition_metadata_indicator.o)
                              secure_fw/partitions/lib/runtime/libtfm_sprt.a(psa_api_ipc.o) (p_partition_metadata)
secure_fw/spm/libtfm_spm.a(utilities.o)
                              secure_fw/CMakeFiles/tfm_s.dir/__/platform/ext/target/nordic_nrf/common/core/startup.o (tfm_core_panic)
secure_fw/spm/libtfm_spm.a(main.o)
                              /home/casper/zephyr-sdk-0.16.4/arm-zephyr-eabi/bin/../lib/gcc/arm-zephyr-eabi/12.2.0/../../../../arm-zephyr-eabi/lib/thumb/v8-m.main/nofp/crt0.o (main)
secure_fw/spm/libtfm_spm.a(tfm_core_svcalls_ipc.o)
                              secure_fw/spm/libtfm_spm.a(main.o) (tfm_core_handler_mode)
secure_fw/spm/libtfm_spm.a(tfm_arch_v8m_main.o)
                              secure_fw/spm/libtfm_spm.a(main.o) (tfm_arch_set_secure_exception_priorities)
secure_fw/spm/libtfm_spm.a(ns_agent_tz_v80m.o)
                              secure_fw/CMakeFiles/tfm_s.dir/partitions/ns_agent_tz/load_info_ns_agent_tz.o (ns_agent_tz_main)
secure_fw/spm/libtfm_spm.a(tfm_hal_isolation.o)
                              secure_fw/spm/libtfm_spm.a(main.o) (tfm_hal_set_up_static_boundaries)
secure_fw/spm/libtfm_spm.a(faults.o)
                              secure_fw/CMakeFiles/tfm_s.dir/__/platform/ext/target/nordic_nrf/common/core/startup_nrf91.o (SPU_IRQHandler)
secure_fw/spm/libtfm_spm.a(target_cfg.o)
                              secure_fw/spm/libtfm_spm.a(tfm_hal_isolation.o) (sau_and_idau_cfg)
secure_fw/spm/libtfm_spm.a(tfm_boot_data.o)
                              secure_fw/spm/libtfm_spm.a(main.o) (tfm_core_validate_boot_data)
secure_fw/spm/libtfm_spm.a(tfm_arch.o)
                              secure_fw/spm/libtfm_spm.a(tfm_core_svcalls_ipc.o) (tfm_arch_free_msp_and_exc_ret)
secure_fw/spm/libtfm_spm.a(spm_ipc.o)
                              secure_fw/spm/libtfm_spm.a(tfm_boot_data.o) (tfm_spm_partition_get_running_partition_id)
secure_fw/spm/libtfm_spm.a(spm_cross_call.o)
                              secure_fw/spm/libtfm_spm.a(tfm_arch_v8m_main.o) (cross_call_entering_c)
secure_fw/spm/libtfm_spm.a(rom_loader.o)
                              secure_fw/spm/libtfm_spm.a(spm_ipc.o) (load_a_partition_assuredly)
secure_fw/spm/libtfm_spm.a(psa_api.o)
                              secure_fw/spm/libtfm_spm.a(tfm_core_svcalls_ipc.o) (spm_handle_programmer_errors)
secure_fw/spm/libtfm_spm.a(backend_ipc.o)
                              secure_fw/spm/libtfm_spm.a(psa_api.o) (backend_replying)
secure_fw/spm/libtfm_spm.a(tfm_pools.o)
                              secure_fw/spm/libtfm_spm.a(spm_ipc.o) (tfm_pool_init)
secure_fw/spm/libtfm_spm.a(thread.o)
                              secure_fw/spm/libtfm_spm.a(backend_ipc.o) (thrd_set_query_callback)
secure_fw/spm/libtfm_spm.a(tfm_spm_ns_ctx.o)
                              secure_fw/spm/libtfm_spm.a(spm_ipc.o) (tfm_nspm_get_current_client_id)
secure_fw/spm/libtfm_spm.a(tfm_hal_platform_common.o)
                              secure_fw/spm/libtfm_spm.a(tfm_spm_ns_ctx.o) (tfm_hal_get_ns_VTOR)
secure_fw/partitions/crypto/libtfm_psa_rot_partition_crypto.a(crypto_init.o)
                              secure_fw/CMakeFiles/tfm_s.dir/__/generated/secure_fw/partitions/crypto/auto_generated/load_info_tfm_crypto.o (tfm_crypto_init)
secure_fw/partitions/crypto/libtfm_psa_rot_partition_crypto.a(crypto_alloc.o)
                              secure_fw/partitions/crypto/libtfm_psa_rot_partition_crypto.a(crypto_init.o) (tfm_crypto_init_alloc)
secure_fw/partitions/crypto/libtfm_psa_rot_partition_crypto.a(crypto_cipher.o)
                              secure_fw/partitions/crypto/libtfm_psa_rot_partition_crypto.a(crypto_init.o) (tfm_crypto_cipher_interface)
secure_fw/partitions/crypto/libtfm_psa_rot_partition_crypto.a(crypto_hash.o)
                              secure_fw/partitions/crypto/libtfm_psa_rot_partition_crypto.a(crypto_init.o) (tfm_crypto_hash_interface)
secure_fw/partitions/crypto/libtfm_psa_rot_partition_crypto.a(crypto_mac.o)
                              secure_fw/partitions/crypto/libtfm_psa_rot_partition_crypto.a(crypto_init.o) (tfm_crypto_mac_interface)
secure_fw/partitions/crypto/libtfm_psa_rot_partition_crypto.a(crypto_aead.o)
[...]
Memory Configuration

Name             Origin             Length             Attributes
FLASH            0x0000000000000000 0x0000000000008000 xr
RAM              0x0000000020000000 0x0000000000008000 xrw
*default*        0x0000000000000000 0xffffffffffffffff

Linker script and memory map

LOAD /home/casper/zephyr-sdk-0.16.4/arm-zephyr-eabi/bin/../lib/gcc/arm-zephyr-eabi/12.2.0/thumb/v8-m.main/nofp/crti.o
LOAD /home/casper/zephyr-sdk-0.16.4/arm-zephyr-eabi/bin/../lib/gcc/arm-zephyr-eabi/12.2.0/thumb/v8-m.main/nofp/crtbegin.o
LOAD /home/casper/zephyr-sdk-0.16.4/arm-zephyr-eabi/bin/../lib/gcc/arm-zephyr-eabi/12.2.0/../../../../arm-zephyr-eabi/lib/thumb/v8-m.main/nofp/crt0.o
LOAD secure_fw/CMakeFiles/tfm_s.dir/partitions/ns_agent_tz/psa_api_veneers_v80m.o
LOAD secure_fw/CMakeFiles/tfm_s.dir/__/platform/ext/target/nordic_nrf/common/core/startup.o
LOAD secure_fw/CMakeFiles/tfm_s.dir/__/platform/ext/target/nordic_nrf/common/core/startup_nrf91.o
LOAD secure_fw/CMakeFiles/tfm_s.dir/__/platform/ext/common/faults.o
LOAD secure_fw/CMakeFiles/tfm_s.dir/__/generated/secure_fw/partitions/crypto/auto_generated/load_info_tfm_crypto.o
LOAD secure_fw/CMakeFiles/tfm_s.dir/__/generated/secure_fw/partitions/platform/auto_generated/load_info_tfm_platform.o
LOAD secure_fw/CMakeFiles/tfm_s.dir/partitions/ns_agent_tz/load_info_ns_agent_tz.o
LOAD secure_fw/CMakeFiles/tfm_s.dir/__/platform/ext/common/syscalls_stub.o
LOAD platform/libplatform_s.a
LOAD secure_fw/partitions/lib/runtime/libtfm_sprt.a
LOAD secure_fw/spm/libtfm_spm.a
LOAD secure_fw/partitions/crypto/libtfm_psa_rot_partition_crypto.a
LOAD platform/libplatform_crypto_keys.a
LOAD secure_fw/partitions/crypto/mbedcrypto/nrf_security_src/libcrypto_service_mbedcrypto.a
LOAD secure_fw/partitions/platform/libtfm_psa_rot_partition_platform.a
LOAD platform/libplatform_s.a
LOAD secure_fw/partitions/lib/runtime/libtfm_sprt.a
LOAD secure_fw/spm/libtfm_spm.a
LOAD secure_fw/partitions/crypto/libtfm_psa_rot_partition_crypto.a
LOAD platform/libplatform_crypto_keys.a
LOAD secure_fw/partitions/crypto/mbedcrypto/nrf_security_src/libcrypto_service_mbedcrypto.a
LOAD secure_fw/partitions/platform/libtfm_psa_rot_partition_platform.a
LOAD platform/libplatform_s.a
LOAD secure_fw/partitions/lib/runtime/libtfm_sprt.a
LOAD secure_fw/spm/libtfm_spm.a
LOAD secure_fw/partitions/crypto/libtfm_psa_rot_partition_crypto.a
LOAD platform/libplatform_crypto_keys.a
LOAD secure_fw/partitions/crypto/mbedcrypto/nrf_security_src/libcrypto_service_mbedcrypto.a
LOAD secure_fw/partitions/platform/libtfm_psa_rot_partition_platform.a
LOAD /home/casper/golioth-ncs-workspace/nrfxlib/crypto/nrf_cc310_platform/lib/cortex-m33/soft-float/no-interrupts/libnrf_cc310_platform_0.9.18.a
LOAD /home/casper/golioth-ncs-workspace/nrfxlib/crypto/nrf_oberon/lib/cortex-m33/soft-float/liboberon_mbedtls_3.0.13.a
LOAD secure_fw/partitions/crypto/mbedcrypto/nrf_security_src/libmbedcrypto_base.a
LOAD /home/casper/golioth-ncs-workspace/nrfxlib/crypto/nrf_oberon/lib/cortex-m33/soft-float/liboberon_3.0.13.a
START GROUP
LOAD /home/casper/zephyr-sdk-0.16.4/arm-zephyr-eabi/bin/../lib/gcc/arm-zephyr-eabi/12.2.0/thumb/v8-m.main/nofp/libgcc.a
LOAD /home/casper/zephyr-sdk-0.16.4/arm-zephyr-eabi/bin/../lib/gcc/arm-zephyr-eabi/12.2.0/../../../../arm-zephyr-eabi/lib/thumb/v8-m.main/nofp/libg_nano.a
LOAD /home/casper/zephyr-sdk-0.16.4/arm-zephyr-eabi/bin/../lib/gcc/arm-zephyr-eabi/12.2.0/../../../../arm-zephyr-eabi/lib/thumb/v8-m.main/nofp/libc_nano.a
END GROUP
START GROUP
LOAD /home/casper/zephyr-sdk-0.16.4/arm-zephyr-eabi/bin/../lib/gcc/arm-zephyr-eabi/12.2.0/thumb/v8-m.main/nofp/libgcc.a
LOAD /home/casper/zephyr-sdk-0.16.4/arm-zephyr-eabi/bin/../lib/gcc/arm-zephyr-eabi/12.2.0/../../../../arm-zephyr-eabi/lib/thumb/v8-m.main/nofp/libc_nano.a
END GROUP
LOAD /home/casper/zephyr-sdk-0.16.4/arm-zephyr-eabi/bin/../lib/gcc/arm-zephyr-eabi/12.2.0/thumb/v8-m.main/nofp/crtend.o
LOAD /home/casper/zephyr-sdk-0.16.4/arm-zephyr-eabi/bin/../lib/gcc/arm-zephyr-eabi/12.2.0/thumb/v8-m.main/nofp/crtn.o
                0x0000000000000800                __msp_stack_size__ = 0x800
START GROUP
LOAD /home/casper/zephyr-sdk-0.16.4/arm-zephyr-eabi/bin/../lib/gcc/arm-zephyr-eabi/12.2.0/thumb/v8-m.main/nofp/libgcc.a
LOAD /home/casper/zephyr-sdk-0.16.4/arm-zephyr-eabi/bin/../lib/gcc/arm-zephyr-eabi/12.2.0/../../../../arm-zephyr-eabi/lib/thumb/v8-m.main/nofp/libc.a
LOAD /home/casper/zephyr-sdk-0.16.4/arm-zephyr-eabi/bin/../lib/gcc/arm-zephyr-eabi/12.2.0/../../../../arm-zephyr-eabi/lib/thumb/v8-m.main/nofp/libm.a
LOAD /home/casper/zephyr-sdk-0.16.4/arm-zephyr-eabi/bin/../lib/gcc/arm-zephyr-eabi/12.2.0/../../../../arm-zephyr-eabi/lib/thumb/v8-m.main/nofp/libnosys.a
LOAD /home/casper/zephyr-sdk-0.16.4/arm-zephyr-eabi/bin/../lib/gcc/arm-zephyr-eabi/12.2.0/../../../../arm-zephyr-eabi/lib/thumb/v8-m.main/nofp/libc_nano.a
END GROUP

.TFM_VECTORS    0x0000000000000000      0x144
                0x0000000000000000                __vectors_start__ = .
 *(.vectors)
 .vectors       0x0000000000000000      0x144 secure_fw/CMakeFiles/tfm_s.dir/__/platform/ext/target/nordic_nrf/common/core/startup_nrf91.o
                0x0000000000000000                __Vectors
                0x0000000000000144                . = ALIGN (0x4)
                0x0000000000000144                __vectors_end__ = .
                0x0000000000000001                ASSERT ((. <= (ADDR (.TFM_VECTORS) + 0x144)), .TFM_VECTORS section size overflow.)
                0x0000000000000144                . = (ADDR (.TFM_VECTORS) + 0x144)

.copy.table     0x0000000000000144       0x24
                0x0000000000000144                __copy_table_start__ = .
                0x0000000000000144        0x4 LONG 0x7c40 LOADADDR (.TFM_DATA)
                0x0000000000000148        0x4 LONG 0x20002e20 ADDR (.TFM_DATA)
                0x000000000000014c        0x4 LONG 0x3e (SIZEOF (.TFM_DATA) / 0x4)
                0x0000000000000150        0x4 LONG 0x27a0 LOADADDR (.TFM_PSA_ROT_LINKER_DATA)
                0x0000000000000154        0x4 LONG 0x20001c40 ADDR (.TFM_PSA_ROT_LINKER_DATA)
                0x0000000000000158        0x4 LONG 0x0 (SIZEOF (.TFM_PSA_ROT_LINKER_DATA) / 0x4)
                0x000000000000015c        0x4 LONG 0x27a0 LOADADDR (.TFM_APP_ROT_LINKER_DATA)
                0x0000000000000160        0x4 LONG 0x20001c20 ADDR (.TFM_APP_ROT_LINKER_DATA)
                0x0000000000000164        0x4 LONG 0x0 (SIZEOF (.TFM_APP_ROT_LINKER_DATA) / 0x4)
                0x0000000000000168                __copy_table_end__ = .

.zero.table     0x0000000000000168       0x20
                0x0000000000000168                __zero_table_start__ = .
                0x0000000000000168        0x4 LONG 0x20002f20 ADDR (.TFM_BSS)
                0x000000000000016c        0x4 LONG 0x69c (SIZEOF (.TFM_BSS) / 0x4)
                0x0000000000000170        0x4 LONG 0x20001c40 ADDR (.TFM_PSA_ROT_LINKER_BSS)
                0x0000000000000174        0x4 LONG 0x478 (SIZEOF (.TFM_PSA_ROT_LINKER_BSS) / 0x4)
                0x0000000000000178        0x4 LONG 0x20001c20 ADDR (.TFM_APP_ROT_LINKER_BSS)
                0x000000000000017c        0x4 LONG 0x8 (SIZEOF (.TFM_APP_ROT_LINKER_BSS) / 0x4)
                0x0000000000000180        0x4 LONG 0x20001c00 ADDR (.TFM_SP_META_PTR)
                0x0000000000000184        0x4 LONG 0x8 (SIZEOF (.TFM_SP_META_PTR) / 0x4)
                0x0000000000000188                __zero_table_end__ = .

.TFM_SP_LOAD_LIST
                0x0000000000000188       0xc4
 *(.part_load_priority_lowest)
 .part_load_priority_lowest
                0x0000000000000188       0x30 secure_fw/CMakeFiles/tfm_s.dir/partitions/ns_agent_tz/load_info_ns_agent_tz.o
                0x0000000000000188                tfm_sp_ns_agent_tz_load
 *(.part_load_priority_low)
 *(.part_load_priority_normal)
 .part_load_priority_normal
                0x00000000000001b8       0x4c secure_fw/CMakeFiles/tfm_s.dir/__/generated/secure_fw/partitions/crypto/auto_generated/load_info_tfm_crypto.o
                0x00000000000001b8                tfm_sp_crypto_load
 .part_load_priority_normal
                0x0000000000000204       0x48 secure_fw/CMakeFiles/tfm_s.dir/__/generated/secure_fw/partitions/platform/auto_generated/load_info_tfm_platform.o
                0x0000000000000204                tfm_sp_platform_load
 *(.part_load_priority_high)
                0x0000000000000188                Image$$TFM_SP_LOAD_LIST$$RO$$Base = ADDR (.TFM_SP_LOAD_LIST)
                0x000000000000024c                Image$$TFM_SP_LOAD_LIST$$RO$$Limit = (ADDR (.TFM_SP_LOAD_LIST) + SIZEOF (.TFM_SP_LOAD_LIST))
                0x0000000000000260                . = ALIGN (0x20)
                0x0000000000000260                Image$$TFM_PSA_CODE_START$$Base = .

.TFM_PSA_ROT_LINKER
                0x0000000000000260      0x580
 *tfm_psa_rot_partition*:*(.text*)
 .text.tfm_crypto_init
                0x0000000000000260       0x20 secure_fw/partitions/crypto/libtfm_psa_rot_partition_crypto.a(crypto_init.o)
                0x0000000000000260                tfm_crypto_init
 .text.tfm_crypto_api_dispatcher
                0x0000000000000280       0xa4 secure_fw/partitions/crypto/libtfm_psa_rot_partition_crypto.a(crypto_init.o)
                0x0000000000000280                tfm_crypto_api_dispatcher
 .text.tfm_crypto_sfn
                0x0000000000000324      0x1f4 secure_fw/partitions/crypto/libtfm_psa_rot_partition_crypto.a(crypto_init.o)
                0x0000000000000324                tfm_crypto_sfn
 .text.tfm_crypto_init_alloc
                0x0000000000000518       0x14 secure_fw/partitions/crypto/libtfm_psa_rot_partition_crypto.a(crypto_alloc.o)
                0x0000000000000518                tfm_crypto_init_alloc
 .text.tfm_crypto_cipher_interface
                0x000000000000052c        0x8 secure_fw/partitions/crypto/libtfm_psa_rot_partition_crypto.a(crypto_cipher.o)
                0x000000000000052c                tfm_crypto_cipher_interface
 .text.tfm_crypto_hash_interface
                0x0000000000000534        0x8 secure_fw/partitions/crypto/libtfm_psa_rot_partition_crypto.a(crypto_hash.o)
                0x0000000000000534                tfm_crypto_hash_interface
 .text.tfm_crypto_mac_interface
                0x000000000000053c        0x8 secure_fw/partitions/crypto/libtfm_psa_rot_partition_crypto.a(crypto_mac.o)
                0x000000000000053c                tfm_crypto_mac_interface
 .text.tfm_crypto_aead_interface
                0x0000000000000544        0x8 secure_fw/partitions/crypto/libtfm_psa_rot_partition_crypto.a(crypto_aead.o)
                0x0000000000000544                tfm_crypto_aead_interface
 .text.tfm_crypto_asymmetric_sign_interface
                0x000000000000054c        0x8 secure_fw/partitions/crypto/libtfm_psa_rot_partition_crypto.a(crypto_asymmetric.o)
                0x000000000000054c                tfm_crypto_asymmetric_sign_interface
 .text.tfm_crypto_asymmetric_encrypt_interface
                0x0000000000000554        0x8 secure_fw/partitions/crypto/libtfm_psa_rot_partition_crypto.a(crypto_asymmetric.o)
                0x0000000000000554                tfm_crypto_asymmetric_encrypt_interface
 .text.tfm_crypto_key_derivation_interface
                0x000000000000055c        0x8 secure_fw/partitions/crypto/libtfm_psa_rot_partition_crypto.a(crypto_key_derivation.o)
                0x000000000000055c                tfm_crypto_key_derivation_interface
 .text.tfm_crypto_key_management_interface
                0x0000000000000564        0x8 secure_fw/partitions/crypto/libtfm_psa_rot_partition_crypto.a(crypto_key_management.o)
                0x0000000000000564                tfm_crypto_key_management_interface
 .text.tfm_crypto_random_interface
                0x000000000000056c        0x8 secure_fw/partitions/crypto/libtfm_psa_rot_partition_crypto.a(crypto_rng.o)
                0x000000000000056c                tfm_crypto_random_interface
 .text.tfm_crypto_library_key_id_init
                0x0000000000000574        0x8 secure_fw/partitions/crypto/libtfm_psa_rot_partition_crypto.a(crypto_library.o)
                0x0000000000000574                tfm_crypto_library_key_id_init
 .text.tfm_crypto_library_get_info
                0x000000000000057c       0x1c secure_fw/partitions/crypto/libtfm_psa_rot_partition_crypto.a(crypto_library.o)
                0x000000000000057c                tfm_crypto_library_get_info
 .text.tfm_crypto_core_library_init
                0x0000000000000598       0x14 secure_fw/partitions/crypto/libtfm_psa_rot_partition_crypto.a(crypto_library.o)
                0x0000000000000598                tfm_crypto_core_library_init
 .text.tfm_platform_service_sfn
                0x00000000000005ac      0x124 secure_fw/partitions/platform/libtfm_psa_rot_partition_platform.a(platform_sp.o)
                0x00000000000005ac                tfm_platform_service_sfn
 .text.platform_sp_init
                0x00000000000006d0        0x4 secure_fw/partitions/platform/libtfm_psa_rot_partition_platform.a(platform_sp.o)
                0x00000000000006d0                platform_sp_init
 .text.tfm_builtin_key_loader_init
                0x00000000000006d4       0xf8 secure_fw/partitions/crypto/libtfm_psa_rot_partition_crypto.a(tfm_builtin_key_loader.o)
                0x00000000000006d4                tfm_builtin_key_loader_init
 *tfm_psa_rot_partition*:*(.rodata*)
 .rodata.tfm_crypto_library_get_info.str1.4
                0x00000000000007cc        0xf secure_fw/partitions/crypto/libtfm_psa_rot_partition_crypto.a(crypto_library.o)
 *(TFM_*_PSA-ROT_ATTR_FN)
                0x00000000000007e0                . = ALIGN (0x20)
 *fill*         0x00000000000007db        0x5 
                0x0000000000000260                Image$$TFM_PSA_ROT_LINKER$$RO$$Base = ADDR (.TFM_PSA_ROT_LINKER)
                0x00000000000007e0                Image$$TFM_PSA_ROT_LINKER$$RO$$Limit = (ADDR (.TFM_PSA_ROT_LINKER) + SIZEOF (.TFM_PSA_ROT_LINKER))
                0x0000000000000260                Image$$TFM_PSA_ROT_LINKER$$Base = ADDR (.TFM_PSA_ROT_LINKER)
                0x00000000000007e0                Image$$TFM_PSA_ROT_LINKER$$Limit = (ADDR (.TFM_PSA_ROT_LINKER) + SIZEOF (.TFM_PSA_ROT_LINKER))
                0x00000000000007e0                Image$$TFM_PSA_CODE_END$$Base = .
                0x00000000000007e0                Image$$TFM_APP_CODE_START$$Base = .

.TFM_APP_ROT_LINKER
                0x00000000000007e0        0x0
 *tfm_app_rot_partition*:*(.text*)
 *tfm_app_rot_partition*:*(.rodata*)
 *(TFM_*_APP-ROT_ATTR_FN)
                0x00000000000007e0                . = ALIGN (0x20)
                0x00000000000007e0                Image$$TFM_APP_ROT_LINKER$$RO$$Base = ADDR (.TFM_APP_ROT_LINKER)
                0x00000000000007e0                Image$$TFM_APP_ROT_LINKER$$RO$$Limit = (ADDR (.TFM_APP_ROT_LINKER) + SIZEOF (.TFM_APP_ROT_LINKER))
                0x00000000000007e0                Image$$TFM_APP_ROT_LINKER$$Base = ADDR (.TFM_APP_ROT_LINKER)
                0x00000000000007e0                Image$$TFM_APP_ROT_LINKER$$Limit = (ADDR (.TFM_APP_ROT_LINKER) + SIZEOF (.TFM_APP_ROT_LINKER))
                0x00000000000007e0                Image$$TFM_APP_CODE_END$$Base = .

.ARM.extab
 *(.ARM.extab* .gnu.linkonce.armextab.*)
                0x00000000000007e0                __exidx_start = .

.ARM.exidx      0x00000000000007e0        0x8
 *(.ARM.exidx* .gnu.linkonce.armexidx.*)
 .ARM.exidx     0x00000000000007e0        0x8 /home/casper/zephyr-sdk-0.16.4/arm-zephyr-eabi/bin/../lib/gcc/arm-zephyr-eabi/12.2.0/../../../../arm-zephyr-eabi/lib/thumb/v8-m.main/nofp/crt0.o
                                         0x10 (size before relaxing)
                0x00000000000007e8                __exidx_end = .

.ER_TFM_CODE    0x00000000000007e8     0x1fb0
 *startup*(.text*)
 .text.default_irq_handler
                0x00000000000007e8        0x4 secure_fw/CMakeFiles/tfm_s.dir/__/platform/ext/target/nordic_nrf/common/core/startup.o
                0x00000000000007e8                default_irq_handler
 *fill*         0x00000000000007ec        0x4 
 .text.Reset_Handler
                0x00000000000007f0       0xd4 secure_fw/CMakeFiles/tfm_s.dir/__/platform/ext/target/nordic_nrf/common/core/startup.o
                0x00000000000007f0                Reset_Handler
 .text.default_tfm_IRQHandler
                0x00000000000008c4        0x8 secure_fw/CMakeFiles/tfm_s.dir/__/platform/ext/target/nordic_nrf/common/core/startup_nrf91.o
                0x00000000000008c4                TIMER2_IRQHandler
                0x00000000000008c4                DebugMon_Handler
                0x00000000000008c4                RTC0_IRQHandler
                0x00000000000008c4                SysTick_Handler
                0x00000000000008c4                PWM1_IRQHandler
                0x00000000000008c4                NMI_Handler
                0x00000000000008c4                PDM_IRQHandler
                0x00000000000008c4                default_tfm_IRQHandler
                0x00000000000008c4                IPC_IRQHandler
                0x00000000000008c4                PWM3_IRQHandler
                0x00000000000008c4                FPU_IRQHandler
                0x00000000000008c4                EGU3_IRQHandler
                0x00000000000008c4                KMU_IRQHandler
                0x00000000000008c4                CRYPTOCELL_IRQHandler
                0x00000000000008c4                I2S_IRQHandler
                0x00000000000008c4                EGU2_IRQHandler
                0x00000000000008c4                TIMER0_IRQHandler
                0x00000000000008c4                EGU4_IRQHandler
                0x00000000000008c4                EGU0_IRQHandler
                0x00000000000008c4                GPIOTE1_IRQHandler
                0x00000000000008c4                TIMER1_IRQHandler
                0x00000000000008c4                PWM2_IRQHandler
                0x00000000000008c4                EGU1_IRQHandler
                0x00000000000008c4                EGU5_IRQHandler
                0x00000000000008c4                UARTE3_SPIM3_SPIS3_TWIM3_TWIS3_IRQHandler
                0x00000000000008c4                SAADC_IRQHandler
                0x00000000000008c4                GPIOTE0_IRQHandler
                0x00000000000008c4                WDT_IRQHandler
                0x00000000000008c4                SPIM0_SPIS0_TWIM0_TWIS0_UARTE0_IRQHandler
                0x00000000000008c4                SPIM2_SPIS2_TWIM2_TWIS2_UARTE2_IRQHandler
                0x00000000000008c4                PWM0_IRQHandler
                0x00000000000008c4                RTC1_IRQHandler
                0x00000000000008c4                SPIM1_SPIS1_TWIM1_TWIS1_UARTE1_IRQHandler
                0x00000000000008c4                CLOCK_POWER_IRQHandler
 *libplatform_s*:*(.text*)
 .text.uicr_HFXOCNT_erased
                0x00000000000008cc       0x6c platform/libplatform_s.a(system_nrf91.o)
 .text.uicr_HFXOSRC_erased
                0x0000000000000938       0x6c platform/libplatform_s.a(system_nrf91.o)
 .text.SystemInit
                0x00000000000009a4      0x204 platform/libplatform_s.a(system_nrf91.o)
                0x00000000000009a4                SystemInit
 .text.mpu_armv8m_enable
                0x0000000000000ba8       0x38 platform/libplatform_s.a(mpu_armv8m_drv.o)
                0x0000000000000ba8                mpu_armv8m_enable
 .text.mpu_armv8m_region_enable
                0x0000000000000be0       0x78 platform/libplatform_s.a(mpu_armv8m_drv.o)
                0x0000000000000be0                mpu_armv8m_region_enable
 .text.mpu_armv8m_clean
                0x0000000000000c58       0x28 platform/libplatform_s.a(mpu_armv8m_drv.o)
                0x0000000000000c58                mpu_armv8m_clean
 .text.spu_enable_interrupts
                0x0000000000000c80       0x10 platform/libplatform_s.a(spu.o)
                0x0000000000000c80                spu_enable_interrupts
 .text.spu_clear_events
                0x0000000000000c90       0x24 platform/libplatform_s.a(spu.o)
                0x0000000000000c90                spu_clear_events
 .text.spu_regions_reset_unlocked_secure
                0x0000000000000cb4       0x30 platform/libplatform_s.a(spu.o)
                0x0000000000000cb4                spu_regions_reset_unlocked_secure
 .text.spu_regions_flash_config
                0x0000000000000ce4       0x38 platform/libplatform_s.a(spu.o)
                0x0000000000000ce4                spu_regions_flash_config
 .text.spu_regions_sram_config
                0x0000000000000d1c       0x40 platform/libplatform_s.a(spu.o)
                0x0000000000000d1c                spu_regions_sram_config
 .text.spu_regions_flash_config_non_secure_callable
                0x0000000000000d5c       0x30 platform/libplatform_s.a(spu.o)
                0x0000000000000d5c                spu_regions_flash_config_non_secure_callable
 .text.spu_regions_flash_get_base_address_in_region
                0x0000000000000d8c        0x4 platform/libplatform_s.a(spu.o)
                0x0000000000000d8c                spu_regions_flash_get_base_address_in_region
 .text.spu_regions_flash_get_last_address_in_region
                0x0000000000000d90        0xc platform/libplatform_s.a(spu.o)
                0x0000000000000d90                spu_regions_flash_get_last_address_in_region
 .text.spu_regions_flash_get_start_id
                0x0000000000000d9c        0x4 platform/libplatform_s.a(spu.o)
                0x0000000000000d9c                spu_regions_flash_get_start_id
 .text.spu_regions_flash_get_last_id
                0x0000000000000da0        0x4 platform/libplatform_s.a(spu.o)
                0x0000000000000da0                spu_regions_flash_get_last_id
 .text.spu_regions_flash_get_region_size
                0x0000000000000da4        0x8 platform/libplatform_s.a(spu.o)
                0x0000000000000da4                spu_regions_flash_get_region_size
 .text.spu_regions_sram_get_base_address_in_region
                0x0000000000000dac        0xc platform/libplatform_s.a(spu.o)
                0x0000000000000dac                spu_regions_sram_get_base_address_in_region
 .text.spu_regions_sram_get_last_address_in_region
                0x0000000000000db8       0x10 platform/libplatform_s.a(spu.o)
                0x0000000000000db8                spu_regions_sram_get_last_address_in_region
 .text.spu_regions_sram_get_start_id
                0x0000000000000dc8        0x4 platform/libplatform_s.a(spu.o)
                0x0000000000000dc8                spu_regions_sram_get_start_id
 .text.spu_regions_sram_get_last_id
                0x0000000000000dcc        0x4 platform/libplatform_s.a(spu.o)
                0x0000000000000dcc                spu_regions_sram_get_last_id
 .text.spu_regions_sram_get_region_size
                0x0000000000000dd0        0x8 platform/libplatform_s.a(spu.o)
                0x0000000000000dd0                spu_regions_sram_get_region_size
 .text.spu_peripheral_config_non_secure
                0x0000000000000dd8       0x18 platform/libplatform_s.a(spu.o)
                0x0000000000000dd8                spu_peripheral_config_non_secure
 .text.tfm_hal_platform_init
                0x0000000000000df0       0x30 platform/libplatform_s.a(tfm_hal_platform.o)
                0x0000000000000df0                tfm_hal_platform_init
 .text.tfm_plat_otp_init
                0x0000000000000e20        0x4 platform/libplatform_s.a(dummy_otp.o)
                0x0000000000000e20                tfm_plat_otp_init
 .text.tfm_plat_provisioning_is_required
                0x0000000000000e24        0x4 platform/libplatform_s.a(dummy_provisioning.o)
                0x0000000000000e24                tfm_plat_provisioning_is_required
 .text.tfm_plat_provisioning_perform
                0x0000000000000e28        0x4 platform/libplatform_s.a(dummy_provisioning.o)
                0x0000000000000e28                tfm_plat_provisioning_perform
 .text.tfm_plat_provisioning_check_for_dummy_keys
                0x0000000000000e2c        0x4 platform/libplatform_s.a(dummy_provisioning.o)
                0x0000000000000e2c                tfm_plat_provisioning_check_for_dummy_keys
 .text.tfm_platform_hal_system_reset
                0x0000000000000e30       0x24 platform/libplatform_s.a(tfm_platform_system.o)
                0x0000000000000e30                tfm_platform_hal_system_reset
 .text.tfm_platform_hal_ioctl
                0x0000000000000e54       0x10 platform/libplatform_s.a(tfm_platform_system.o)
                0x0000000000000e54                tfm_platform_hal_ioctl
 .text.tfm_hal_system_halt
                0x0000000000000e64        0x8 platform/libplatform_s.a(tfm_hal_reset_halt.o)
                0x0000000000000e64                tfm_hal_system_halt
 .text.tfm_platform_hal_read_service
                0x0000000000000e6c       0x88 platform/libplatform_s.a(tfm_platform_hal_ioctl.o)
                0x0000000000000e6c                tfm_platform_hal_read_service
 *libtfm_spm*:*(.text*)
 .text.tfm_core_panic
                0x0000000000000ef4        0x4 secure_fw/spm/libtfm_spm.a(utilities.o)
                0x0000000000000ef4                tfm_core_panic
 .text.startup.main
                0x0000000000000ef8       0x50 secure_fw/spm/libtfm_spm.a(main.o)
                0x0000000000000ef8                main
 .text.tfm_core_svc_handler
                0x0000000000000f48       0x84 secure_fw/spm/libtfm_spm.a(tfm_core_svcalls_ipc.o)
                0x0000000000000f48                tfm_core_svc_handler
 .text.tfm_core_handler_mode
                0x0000000000000fcc        0x4 secure_fw/spm/libtfm_spm.a(tfm_core_svcalls_ipc.o)
                0x0000000000000fcc                tfm_core_handler_mode
 .text.arch_non_preempt_call
                0x0000000000000fd0       0x64 secure_fw/spm/libtfm_spm.a(tfm_arch_v8m_main.o)
                0x0000000000000fd0                arch_non_preempt_call
 .text.PendSV_Handler
                0x0000000000001034       0x54 secure_fw/spm/libtfm_spm.a(tfm_arch_v8m_main.o)
                0x0000000000001034                PendSV_Handler
 .text.SVC_Handler
                0x0000000000001088       0x68 secure_fw/spm/libtfm_spm.a(tfm_arch_v8m_main.o)
                0x0000000000001088                SVC_Handler
 .text.tfm_arch_set_secure_exception_priorities
                0x00000000000010f0       0x28 secure_fw/spm/libtfm_spm.a(tfm_arch_v8m_main.o)
                0x00000000000010f0                tfm_arch_set_secure_exception_priorities
 .text.tfm_arch_config_extensions
                0x0000000000001118        0x4 secure_fw/spm/libtfm_spm.a(tfm_arch_v8m_main.o)
                0x0000000000001118                tfm_arch_config_extensions
 .text.ns_agent_tz_main
                0x000000000000111c       0x30 secure_fw/spm/libtfm_spm.a(ns_agent_tz_v80m.o)
                0x000000000000111c                ns_agent_tz_main
 .text.tfm_hal_bind_boundary
                0x000000000000114c       0x54 secure_fw/spm/libtfm_spm.a(tfm_hal_isolation.o)
                0x000000000000114c                tfm_hal_bind_boundary
 .text.tfm_hal_activate_boundary
                0x00000000000011a0       0x1c secure_fw/spm/libtfm_spm.a(tfm_hal_isolation.o)
                0x00000000000011a0                tfm_hal_activate_boundary
 .text.tfm_hal_memory_check
                0x00000000000011bc      0x164 secure_fw/spm/libtfm_spm.a(tfm_hal_isolation.o)
                0x00000000000011bc                tfm_hal_memory_check
 .text.mpu_init_cfg
                0x0000000000001320      0x11c secure_fw/spm/libtfm_spm.a(tfm_hal_isolation.o)
                0x0000000000001320                mpu_init_cfg
 .text.tfm_hal_set_up_static_boundaries
                0x000000000000143c       0x28 secure_fw/spm/libtfm_spm.a(tfm_hal_isolation.o)
                0x000000000000143c                tfm_hal_set_up_static_boundaries
 .text.tfm_hal_boundary_need_switch
                0x0000000000001464       0x1c secure_fw/spm/libtfm_spm.a(tfm_hal_isolation.o)
                0x0000000000001464                tfm_hal_boundary_need_switch
 .text.SPU_Handler
                0x0000000000001480       0x2c secure_fw/spm/libtfm_spm.a(faults.o)
                0x0000000000001480                SPU_Handler
 .text.SPU_IRQHandler
                0x00000000000014ac        0x8 secure_fw/spm/libtfm_spm.a(faults.o)
                0x00000000000014ac                SPU_IRQHandler
 .text.enable_fault_handlers
                0x00000000000014b4       0x14 secure_fw/spm/libtfm_spm.a(target_cfg.o)
                0x00000000000014b4                enable_fault_handlers
 .text.system_reset_cfg
                0x00000000000014c8       0x18 secure_fw/spm/libtfm_spm.a(target_cfg.o)
                0x00000000000014c8                system_reset_cfg
 .text.init_debug
                0x00000000000014e0        0x4 secure_fw/spm/libtfm_spm.a(target_cfg.o)
                0x00000000000014e0                init_debug
 .text.nvic_interrupt_target_state_cfg
                0x00000000000014e4       0x30 secure_fw/spm/libtfm_spm.a(target_cfg.o)
                0x00000000000014e4                nvic_interrupt_target_state_cfg
 .text.nvic_interrupt_enable
                0x0000000000001514       0x18 secure_fw/spm/libtfm_spm.a(target_cfg.o)
                0x0000000000001514                nvic_interrupt_enable
 .text.sau_and_idau_cfg
                0x000000000000152c       0x20 secure_fw/spm/libtfm_spm.a(target_cfg.o)
                0x000000000000152c                sau_and_idau_cfg
 .text.spu_init_cfg
                0x000000000000154c       0x44 secure_fw/spm/libtfm_spm.a(target_cfg.o)
                0x000000000000154c                spu_init_cfg
 .text.spu_periph_init_cfg
                0x0000000000001590      0x198 secure_fw/spm/libtfm_spm.a(target_cfg.o)
                0x0000000000001590                spu_periph_init_cfg
 .text.tfm_core_validate_boot_data
                0x0000000000001728        0xc secure_fw/spm/libtfm_spm.a(tfm_boot_data.o)
                0x0000000000001728                tfm_core_validate_boot_data
 .text.tfm_core_get_boot_data_handler
                0x0000000000001734       0x3c secure_fw/spm/libtfm_spm.a(tfm_boot_data.o)
                0x0000000000001734                tfm_core_get_boot_data_handler
 .text.tfm_arch_free_msp_and_exc_ret
                0x0000000000001770        0x8 secure_fw/spm/libtfm_spm.a(tfm_arch.o)
                0x0000000000001770                tfm_arch_free_msp_and_exc_ret
 .text.tfm_arch_set_context_ret_code
                0x0000000000001778       0x14 secure_fw/spm/libtfm_spm.a(tfm_arch.o)
                0x0000000000001778                tfm_arch_set_context_ret_code
 .text.tfm_arch_trigger_pendsv
                0x000000000000178c       0x18 secure_fw/spm/libtfm_spm.a(tfm_arch.o)
                0x000000000000178c                tfm_arch_trigger_pendsv
 .text.tfm_arch_init_context
                0x00000000000017a4       0x60 secure_fw/spm/libtfm_spm.a(tfm_arch.o)
                0x00000000000017a4                tfm_arch_init_context
 .text.tfm_arch_refresh_hardware_context
                0x0000000000001804       0x14 secure_fw/spm/libtfm_spm.a(tfm_arch.o)
                0x0000000000001804                tfm_arch_refresh_hardware_context
 .text.connection_to_handle
                0x0000000000001818       0x24 secure_fw/spm/libtfm_spm.a(spm_ipc.o)
                0x0000000000001818                connection_to_handle
 .text.spm_allocate_connection
                0x000000000000183c       0x20 secure_fw/spm/libtfm_spm.a(spm_ipc.o)
                0x000000000000183c                spm_allocate_connection
 .text.spm_free_connection
                0x000000000000185c       0x1c secure_fw/spm/libtfm_spm.a(spm_ipc.o)
                0x000000000000185c                spm_free_connection
 .text.spm_get_handle_by_signal
                0x0000000000001878       0x54 secure_fw/spm/libtfm_spm.a(spm_ipc.o)
                0x0000000000001878                spm_get_handle_by_signal
 .text.tfm_spm_get_service_by_sid
                0x00000000000018cc       0x38 secure_fw/spm/libtfm_spm.a(spm_ipc.o)
                0x00000000000018cc                tfm_spm_get_service_by_sid
 .text.tfm_spm_check_client_version
                0x0000000000001904       0x24 secure_fw/spm/libtfm_spm.a(spm_ipc.o)
                0x0000000000001904                tfm_spm_check_client_version
 .text.tfm_spm_check_authorization
                0x0000000000001928       0x4c secure_fw/spm/libtfm_spm.a(spm_ipc.o)
                0x0000000000001928                tfm_spm_check_authorization
 .text.spm_msg_handle_to_connection
                0x0000000000001974       0x50 secure_fw/spm/libtfm_spm.a(spm_ipc.o)
                0x0000000000001974                spm_msg_handle_to_connection
 .text.spm_fill_message
                0x00000000000019c4       0x30 secure_fw/spm/libtfm_spm.a(spm_ipc.o)
                0x00000000000019c4                spm_fill_message
 .text.tfm_spm_partition_get_running_partition_id
                0x00000000000019f4       0x20 secure_fw/spm/libtfm_spm.a(spm_ipc.o)
                0x00000000000019f4                tfm_spm_partition_get_running_partition_id
 .text.tfm_spm_is_ns_caller
                0x0000000000001a14       0x2c secure_fw/spm/libtfm_spm.a(spm_ipc.o)
                0x0000000000001a14                tfm_spm_is_ns_caller
 .text.tfm_spm_get_client_id
                0x0000000000001a40       0x3c secure_fw/spm/libtfm_spm.a(spm_ipc.o)
                0x0000000000001a40                tfm_spm_get_client_id
 .text.tfm_spm_init
                0x0000000000001a7c       0x78 secure_fw/spm/libtfm_spm.a(spm_ipc.o)
                0x0000000000001a7c                tfm_spm_init
 .text.update_caller_outvec_len
                0x0000000000001af4       0x40 secure_fw/spm/libtfm_spm.a(spm_ipc.o)
                0x0000000000001af4                update_caller_outvec_len
 .text.cross_call_entering_c
                0x0000000000001b34       0x34 secure_fw/spm/libtfm_spm.a(spm_cross_call.o)
                0x0000000000001b34                cross_call_entering_c
 .text.cross_call_exiting_c
                0x0000000000001b68       0x30 secure_fw/spm/libtfm_spm.a(spm_cross_call.o)
                0x0000000000001b68                cross_call_exiting_c
 .text.spm_interface_cross_dispatcher
                0x0000000000001b98       0x48 secure_fw/spm/libtfm_spm.a(spm_cross_call.o)
                0x0000000000001b98                spm_interface_cross_dispatcher
 .text.load_a_partition_assuredly
                0x0000000000001be0       0xec secure_fw/spm/libtfm_spm.a(rom_loader.o)
                0x0000000000001be0                load_a_partition_assuredly
 .text.load_services_assuredly
                0x0000000000001ccc       0xd8 secure_fw/spm/libtfm_spm.a(rom_loader.o)
                0x0000000000001ccc                load_services_assuredly
 .text.load_irqs_assuredly
                0x0000000000001da4        0x4 secure_fw/spm/libtfm_spm.a(rom_loader.o)
                0x0000000000001da4                load_irqs_assuredly
 .text.spm_handle_programmer_errors
                0x0000000000001da8       0x1c secure_fw/spm/libtfm_spm.a(psa_api.o)
                0x0000000000001da8                spm_handle_programmer_errors
 .text.tfm_spm_get_lifecycle_state
                0x0000000000001dc4        0x4 secure_fw/spm/libtfm_spm.a(psa_api.o)
                0x0000000000001dc4                tfm_spm_get_lifecycle_state
 .text.tfm_spm_partition_psa_wait
                0x0000000000001dc8       0x38 secure_fw/spm/libtfm_spm.a(psa_api.o)
                0x0000000000001dc8                tfm_spm_partition_psa_wait
 .text.tfm_spm_partition_psa_get
                0x0000000000001e00       0x74 secure_fw/spm/libtfm_spm.a(psa_api.o)
                0x0000000000001e00                tfm_spm_partition_psa_get
 .text.tfm_spm_partition_psa_reply
                0x0000000000001e74       0xb4 secure_fw/spm/libtfm_spm.a(psa_api.o)
                0x0000000000001e74                tfm_spm_partition_psa_reply
 .text.tfm_spm_partition_psa_panic
                0x0000000000001f28        0x4 secure_fw/spm/libtfm_spm.a(psa_api.o)
                0x0000000000001f28                tfm_spm_partition_psa_panic
 .text.query_state
                0x0000000000001f2c       0x44 secure_fw/spm/libtfm_spm.a(backend_ipc.o)
 .text.backend_messaging
                0x0000000000001f70       0x5c secure_fw/spm/libtfm_spm.a(backend_ipc.o)
                0x0000000000001f70                backend_messaging
 .text.backend_replying
                0x0000000000001fcc       0x1c secure_fw/spm/libtfm_spm.a(backend_ipc.o)
                0x0000000000001fcc                backend_replying
 .text.backend_init_comp_assuredly
                0x0000000000001fe8       0xf8 secure_fw/spm/libtfm_spm.a(backend_ipc.o)
                0x0000000000001fe8                backend_init_comp_assuredly
 .text.backend_system_run
                0x00000000000020e0       0x48 secure_fw/spm/libtfm_spm.a(backend_ipc.o)
                0x00000000000020e0                backend_system_run
 .text.backend_wait_signals
                0x0000000000002128       0x24 secure_fw/spm/libtfm_spm.a(backend_ipc.o)
                0x0000000000002128                backend_wait_signals
 .text.ipc_schedule
                0x000000000000214c       0x88 secure_fw/spm/libtfm_spm.a(backend_ipc.o)
                0x000000000000214c                ipc_schedule
 .text.tfm_pool_init
                0x00000000000021d4       0x68 secure_fw/spm/libtfm_spm.a(tfm_pools.o)
                0x00000000000021d4                tfm_pool_init
 .text.tfm_pool_alloc
                0x000000000000223c       0x18 secure_fw/spm/libtfm_spm.a(tfm_pools.o)
                0x000000000000223c                tfm_pool_alloc
 .text.tfm_pool_free
                0x0000000000002254        0xc secure_fw/spm/libtfm_spm.a(tfm_pools.o)
                0x0000000000002254                tfm_pool_free
 .text.is_valid_chunk_data_in_pool
                0x0000000000002260       0x2c secure_fw/spm/libtfm_spm.a(tfm_pools.o)
                0x0000000000002260                is_valid_chunk_data_in_pool
 .text.thrd_set_query_callback
                0x000000000000228c        0xc secure_fw/spm/libtfm_spm.a(thread.o)
                0x000000000000228c                thrd_set_query_callback
 .text.thrd_next
                0x0000000000002298       0x4c secure_fw/spm/libtfm_spm.a(thread.o)
                0x0000000000002298                thrd_next
 .text.thrd_start
                0x00000000000022e4       0x5c secure_fw/spm/libtfm_spm.a(thread.o)
                0x00000000000022e4                thrd_start
 .text.thrd_start_scheduler
                0x0000000000002340       0x1c secure_fw/spm/libtfm_spm.a(thread.o)
                0x0000000000002340                thrd_start_scheduler
 .text.tfm_nspm_get_current_client_id
                0x000000000000235c        0x8 secure_fw/spm/libtfm_spm.a(tfm_spm_ns_ctx.o)
                0x000000000000235c                tfm_nspm_get_current_client_id
 .text.tfm_nspm_ctx_init
                0x0000000000002364       0x18 secure_fw/spm/libtfm_spm.a(tfm_spm_ns_ctx.o)
                0x0000000000002364                tfm_nspm_ctx_init
 .text.tfm_hal_platform_common_init
                0x000000000000237c       0x2c secure_fw/spm/libtfm_spm.a(tfm_hal_platform_common.o)
                0x000000000000237c                tfm_hal_platform_common_init
 .text.tfm_hal_get_ns_VTOR
                0x00000000000023a8        0xc secure_fw/spm/libtfm_spm.a(tfm_hal_platform_common.o)
                0x00000000000023a8                tfm_hal_get_ns_VTOR
 .text.tfm_hal_get_ns_MSP
                0x00000000000023b4        0xc secure_fw/spm/libtfm_spm.a(tfm_hal_platform_common.o)
                0x00000000000023b4                tfm_hal_get_ns_MSP
 .text.tfm_hal_get_ns_entry_point
                0x00000000000023c0        0xc secure_fw/spm/libtfm_spm.a(tfm_hal_platform_common.o)
                0x00000000000023c0                tfm_hal_get_ns_entry_point
 .text.tfm_spm_client_psa_call
                0x00000000000023cc      0x218 secure_fw/spm/libtfm_spm.a(psa_call_api.o)
                0x00000000000023cc                tfm_spm_client_psa_call
 .text.tfm_spm_client_psa_framework_version
                0x00000000000025e4        0x8 secure_fw/spm/libtfm_spm.a(psa_version_api.o)
                0x00000000000025e4                tfm_spm_client_psa_framework_version
 .text.tfm_spm_client_psa_version
                0x00000000000025ec       0x2c secure_fw/spm/libtfm_spm.a(psa_version_api.o)
                0x00000000000025ec                tfm_spm_client_psa_version
 .text.tfm_spm_partition_psa_read
                0x0000000000002618       0x90 secure_fw/spm/libtfm_spm.a(psa_read_write_skip_api.o)
                0x0000000000002618                tfm_spm_partition_psa_read
 .text.tfm_spm_partition_psa_skip
                0x00000000000026a8       0x4c secure_fw/spm/libtfm_spm.a(psa_read_write_skip_api.o)
                0x00000000000026a8                tfm_spm_partition_psa_skip
 .text.tfm_spm_partition_psa_write
                0x00000000000026f4       0x84 secure_fw/spm/libtfm_spm.a(psa_read_write_skip_api.o)
                0x00000000000026f4                tfm_spm_partition_psa_write
 *libplatform_s*:*(.rodata*)
 *libtfm_spm*:*(.rodata*)
 .rodata.memory_regions
                0x0000000000002778       0x14 secure_fw/spm/libtfm_spm.a(target_cfg.o)
                0x0000000000002778                memory_regions
 .rodata.serv_pool_ea
                0x000000000000278c        0x4 secure_fw/spm/libtfm_spm.a(rom_loader.o)
 .rodata.part_pool_ea
                0x0000000000002790        0x4 secure_fw/spm/libtfm_spm.a(rom_loader.o)
 .rodata.ldinf_ea
                0x0000000000002794        0x4 secure_fw/spm/libtfm_spm.a(rom_loader.o)

.tfm_secure_data_start
                0x0000000020000000        0x0
                0x0000000020000000                . = ABSOLUTE (0x20000000)

.tfm_bl2_shared_data
                0x0000000020000000      0x400
                0x0000000020000400                . = (. + 0x400)
 *fill*         0x0000000020000000      0x400 

.msp_stack      0x0000000020000400      0x7f8
                0x0000000020000bf8                . = (. + (__msp_stack_size__ - 0x8))
 *fill*         0x0000000020000400      0x7f8 
                0x0000000020000400                Image$$ARM_LIB_STACK$$ZI$$Base = ADDR (.msp_stack)
                0x0000000020000bf8                Image$$ARM_LIB_STACK$$ZI$$Limit = (ADDR (.msp_stack) + SIZEOF (.msp_stack))

.msp_stack_seal_res
                0x0000000020000bf8        0x8
                0x0000000020000c00                . = (. + 0x8)
 *fill*         0x0000000020000bf8        0x8 
                0x0000000020000bf8                __StackSeal = ADDR (.msp_stack_seal_res)
                0x0000000000001000                __heap_size__ = 0x1000

.heap           0x0000000020000c00     0x1000
                0x0000000020000c00                __end__ = .
                [!provide]                        PROVIDE (end = .)
                0x0000000020000c00                __HeapBase = .
                0x0000000020001c00                . = (. + __heap_size__)
 *fill*         0x0000000020000c00     0x1000 
                0x0000000020001c00                __HeapLimit = .
                0x0000000020001c00                __heap_limit = .

.TFM_SP_META_PTR
                0x0000000020001c00       0x20
 *(.bss.SP_META_PTR_SPRTL_INST)
 .bss.SP_META_PTR_SPRTL_INST
                0x0000000020001c00        0x4 secure_fw/partitions/lib/runtime/libtfm_sprt.a(sprt_partition_metadata_indicator.o)
                0x0000000020001c00                p_partition_metadata
                0x0000000020001c20                . = ALIGN (0x20)
 *fill*         0x0000000020001c04       0x1c 
                0x0000000020001c00                Image$$TFM_SP_META_PTR$$ZI$$Base = ADDR (.TFM_SP_META_PTR)
                0x0000000020001c20                Image$$TFM_SP_META_PTR$$ZI$$Limit = (ADDR (.TFM_SP_META_PTR) + SIZEOF (.TFM_SP_META_PTR))
                0x0000000020001c20                . = ALIGN (0x20)
                0x0000000020001c20                Image$$TFM_APP_RW_STACK_START$$Base = .

.TFM_APP_ROT_LINKER_DATA
                0x0000000020001c20        0x0 load address 0x00000000000027a0
 *tfm_app_rot_partition*:*(.data*)
 *(TFM_*_APP-ROT_ATTR_RW)
                0x0000000020001c20                . = ALIGN (0x4)
                0x0000000020001c20                Image$$TFM_APP_ROT_LINKER_DATA$$RW$$Base = ADDR (.TFM_APP_ROT_LINKER_DATA)
                0x0000000020001c20                Image$$TFM_APP_ROT_LINKER_DATA$$RW$$Limit = (ADDR (.TFM_APP_ROT_LINKER_DATA) + SIZEOF (.TFM_APP_ROT_LINKER_DATA))

.TFM_APP_ROT_LINKER_BSS
                0x0000000020001c20       0x20
                0x0000000020001c20                start_of_TFM_APP_ROT_LINKER = .
 *tfm_app_rot_partition*:*(.bss*)
 *tfm_app_rot_partition*:*(COMMON)
 *(TFM_*_APP-ROT_ATTR_ZI)
                0x0000000020001c24                . = (. + (. - start_of_TFM_APP_ROT_LINKER)?0x0:0x4)
 *fill*         0x0000000020001c20        0x4 
                0x0000000020001c40                . = ALIGN (0x20)
 *fill*         0x0000000020001c24       0x1c 
                0x0000000020001c20                Image$$TFM_APP_ROT_LINKER_DATA$$ZI$$Base = ADDR (.TFM_APP_ROT_LINKER_BSS)
                0x0000000020001c40                Image$$TFM_APP_ROT_LINKER_DATA$$ZI$$Limit = (ADDR (.TFM_APP_ROT_LINKER_BSS) + SIZEOF (.TFM_APP_ROT_LINKER_BSS))
                0x0000000020001c40                Image$$TFM_APP_RW_STACK_END$$Base = .
                0x0000000020001c40                Image$$TFM_PSA_RW_STACK_START$$Base = .

.TFM_PSA_ROT_LINKER_DATA
                0x0000000020001c40        0x0 load address 0x00000000000027a0
 *tfm_psa_rot_partition*:*(.data*)
 *(TFM_*_PSA-ROT_ATTR_RW)
                0x0000000020001c40                . = ALIGN (0x4)
                0x0000000020001c40                Image$$TFM_PSA_ROT_LINKER_DATA$$RW$$Base = ADDR (.TFM_PSA_ROT_LINKER_DATA)
                0x0000000020001c40                Image$$TFM_PSA_ROT_LINKER_DATA$$RW$$Limit = (ADDR (.TFM_PSA_ROT_LINKER_DATA) + SIZEOF (.TFM_PSA_ROT_LINKER_DATA))

.TFM_PSA_ROT_LINKER_BSS
                0x0000000020001c40     0x11e0
                0x0000000020001c40                start_of_TFM_PSA_ROT_LINKER = .
 *tfm_psa_rot_partition*:*(.bss*)
 .bss.scratch   0x0000000020001c40      0x408 secure_fw/partitions/crypto/libtfm_psa_rot_partition_crypto.a(crypto_init.o)
 .bss.operations
                0x0000000020002048       0x28 secure_fw/partitions/crypto/libtfm_psa_rot_partition_crypto.a(crypto_alloc.o)
 .bss.mbedtls_mem_buf
                0x0000000020002070        0x1 secure_fw/partitions/crypto/libtfm_psa_rot_partition_crypto.a(crypto_library.o)
 *fill*         0x0000000020002071        0x3 
 .bss.mbedtls_version_full
                0x0000000020002074       0x12 secure_fw/partitions/crypto/libtfm_psa_rot_partition_crypto.a(crypto_library.o)
 *fill*         0x0000000020002086        0x2 
 .bss.tfm_sp_crypto_stack
                0x0000000020002088      0x800 secure_fw/partitions/crypto/libtfm_psa_rot_partition_crypto.a(intermedia_tfm_crypto.o)
                0x0000000020002088                tfm_sp_crypto_stack
 .bss.tfm_sp_platform_stack
                0x0000000020002888      0x500 secure_fw/partitions/platform/libtfm_psa_rot_partition_platform.a(intermedia_tfm_platform.o)
                0x0000000020002888                tfm_sp_platform_stack
 .bss.g_builtin_key_slots
                0x0000000020002d88       0x90 secure_fw/partitions/crypto/libtfm_psa_rot_partition_crypto.a(tfm_builtin_key_loader.o)
 *tfm_psa_rot_partition*:*(COMMON)
 *(TFM_*_PSA-ROT_ATTR_ZI)
                0x0000000020002e18                . = (. + (. - start_of_TFM_PSA_ROT_LINKER)?0x0:0x4)
                0x0000000020002e20                . = ALIGN (0x20)
 *fill*         0x0000000020002e18        0x8 
                0x0000000020001c40                Image$$TFM_PSA_ROT_LINKER_DATA$$ZI$$Base = ADDR (.TFM_PSA_ROT_LINKER_BSS)
                0x0000000020002e20                Image$$TFM_PSA_ROT_LINKER_DATA$$ZI$$Limit = (ADDR (.TFM_PSA_ROT_LINKER_BSS) + SIZEOF (.TFM_PSA_ROT_LINKER_BSS))
                0x0000000020002e20                Image$$TFM_PSA_RW_STACK_END$$Base = .

.TFM_UNPRIV_CODE
                0x00000000000027a0     0x3640
 *(SFN)
 SFN            0x00000000000027a0       0x90 secure_fw/CMakeFiles/tfm_s.dir/partitions/ns_agent_tz/psa_api_veneers_v80m.o
                0x00000000000027a0                __acle_se_tfm_psa_framework_version_veneer
                0x00000000000027c0                __acle_se_tfm_psa_version_veneer
                0x00000000000027e0                __acle_se_tfm_psa_call_veneer
                0x0000000000002804                __acle_se_tfm_psa_connect_veneer
                0x0000000000002818                __acle_se_tfm_psa_close_veneer
 *(.text*)
 .text          0x0000000000002830       0x88 /home/casper/zephyr-sdk-0.16.4/arm-zephyr-eabi/bin/../lib/gcc/arm-zephyr-eabi/12.2.0/thumb/v8-m.main/nofp/crtbegin.o
 .text          0x00000000000028b8       0x7c /home/casper/zephyr-sdk-0.16.4/arm-zephyr-eabi/bin/../lib/gcc/arm-zephyr-eabi/12.2.0/../../../../arm-zephyr-eabi/lib/thumb/v8-m.main/nofp/crt0.o
                0x00000000000028b8                _stack_init
                0x00000000000028c0                _mainCRTStartup
                0x00000000000028c0                _start
 .text.clear_caller_context
                0x0000000000002934        0x8 secure_fw/CMakeFiles/tfm_s.dir/partitions/ns_agent_tz/psa_api_veneers_v80m.o
 .text.C_HardFault_Handler
                0x000000000000293c        0x4 secure_fw/CMakeFiles/tfm_s.dir/__/platform/ext/common/faults.o
                0x000000000000293c                C_HardFault_Handler
 .text.HardFault_Handler
                0x0000000000002940        0x8 secure_fw/CMakeFiles/tfm_s.dir/__/platform/ext/common/faults.o
                0x0000000000002940                HardFault_Handler
 .text.C_MemManage_Handler
                0x0000000000002948        0x4 secure_fw/CMakeFiles/tfm_s.dir/__/platform/ext/common/faults.o
                0x0000000000002948                C_MemManage_Handler
 .text.MemManage_Handler
                0x000000000000294c        0x8 secure_fw/CMakeFiles/tfm_s.dir/__/platform/ext/common/faults.o
                0x000000000000294c                MemManage_Handler
 .text.C_BusFault_Handler
                0x0000000000002954        0x4 secure_fw/CMakeFiles/tfm_s.dir/__/platform/ext/common/faults.o
                0x0000000000002954                C_BusFault_Handler
 .text.BusFault_Handler
                0x0000000000002958        0x8 secure_fw/CMakeFiles/tfm_s.dir/__/platform/ext/common/faults.o
                0x0000000000002958                BusFault_Handler
 .text.C_SecureFault_Handler
                0x0000000000002960        0x4 secure_fw/CMakeFiles/tfm_s.dir/__/platform/ext/common/faults.o
                0x0000000000002960                C_SecureFault_Handler
 .text.SecureFault_Handler
                0x0000000000002964        0x8 secure_fw/CMakeFiles/tfm_s.dir/__/platform/ext/common/faults.o
                0x0000000000002964                SecureFault_Handler
 .text.C_UsageFault_Handler
                0x000000000000296c        0x4 secure_fw/CMakeFiles/tfm_s.dir/__/platform/ext/common/faults.o
                0x000000000000296c                C_UsageFault_Handler
 .text.UsageFault_Handler
                0x0000000000002970        0x8 secure_fw/CMakeFiles/tfm_s.dir/__/platform/ext/common/faults.o
                0x0000000000002970                UsageFault_Handler
 .text.memset   0x0000000000002978       0x60 secure_fw/partitions/lib/runtime/libtfm_sprt.a(crt_memset.o)
                0x0000000000002978                memset
 .text.psa_framework_version
                0x00000000000029d8       0x10 secure_fw/partitions/lib/runtime/libtfm_sprt.a(psa_api_ipc.o)
                0x00000000000029d8                psa_framework_version
 .text.psa_version
                0x00000000000029e8       0x10 secure_fw/partitions/lib/runtime/libtfm_sprt.a(psa_api_ipc.o)
                0x00000000000029e8                psa_version
 .text.tfm_psa_call_pack
                0x00000000000029f8       0x14 secure_fw/partitions/lib/runtime/libtfm_sprt.a(psa_api_ipc.o)
                0x00000000000029f8                tfm_psa_call_pack
 .text.psa_wait
                0x0000000000002a0c       0x10 secure_fw/partitions/lib/runtime/libtfm_sprt.a(psa_api_ipc.o)
                0x0000000000002a0c                psa_wait
 .text.psa_get  0x0000000000002a1c       0x10 secure_fw/partitions/lib/runtime/libtfm_sprt.a(psa_api_ipc.o)
                0x0000000000002a1c                psa_get
 .text.psa_read
                0x0000000000002a2c       0x14 secure_fw/partitions/lib/runtime/libtfm_sprt.a(psa_api_ipc.o)
                0x0000000000002a2c                psa_read
 .text.psa_write
                0x0000000000002a40       0x14 secure_fw/partitions/lib/runtime/libtfm_sprt.a(psa_api_ipc.o)
                0x0000000000002a40                psa_write
 .text.psa_reply
                0x0000000000002a54       0x10 secure_fw/partitions/lib/runtime/libtfm_sprt.a(psa_api_ipc.o)
                0x0000000000002a54                psa_reply
 .text.psa_panic
                0x0000000000002a64       0x10 secure_fw/partitions/lib/runtime/libtfm_sprt.a(psa_api_ipc.o)
                0x0000000000002a64                psa_panic
 .text.tfm_plat_builtin_key_get_desc_table_ptr
                0x0000000000002a74        0x4 platform/libplatform_crypto_keys.a(crypto_keys.o)
                0x0000000000002a74                tfm_plat_builtin_key_get_desc_table_ptr
 .text.verify_header
                0x0000000000002a78       0x44 secure_fw/partitions/crypto/mbedcrypto/nrf_security_src/libcrypto_service_mbedcrypto.a(memory_buffer_alloc.o)
 .text.verify_chain
                0x0000000000002abc       0x68 secure_fw/partitions/crypto/mbedcrypto/nrf_security_src/libcrypto_service_mbedcrypto.a(memory_buffer_alloc.o)
 .text.buffer_alloc_free
                0x0000000000002b24       0xe8 secure_fw/partitions/crypto/mbedcrypto/nrf_security_src/libcrypto_service_mbedcrypto.a(memory_buffer_alloc.o)
 .text.buffer_alloc_calloc
                0x0000000000002c0c      0x10c secure_fw/partitions/crypto/mbedcrypto/nrf_security_src/libcrypto_service_mbedcrypto.a(memory_buffer_alloc.o)
 .text.mbedtls_memory_buffer_alloc_init
                0x0000000000002d18       0x64 secure_fw/partitions/crypto/mbedcrypto/nrf_security_src/libcrypto_service_mbedcrypto.a(memory_buffer_alloc.o)
                0x0000000000002d18                mbedtls_memory_buffer_alloc_init
 .text.platform_calloc_uninit
                0x0000000000002d7c        0x4 secure_fw/partitions/crypto/mbedcrypto/nrf_security_src/libcrypto_service_mbedcrypto.a(platform.o)
 .text.platform_free_uninit
                0x0000000000002d80        0x4 secure_fw/partitions/crypto/mbedcrypto/nrf_security_src/libcrypto_service_mbedcrypto.a(platform.o)
 .text.mbedtls_free
                0x0000000000002d84        0xc secure_fw/partitions/crypto/mbedcrypto/nrf_security_src/libcrypto_service_mbedcrypto.a(platform.o)
                0x0000000000002d84                mbedtls_free
 .text.mbedtls_platform_set_calloc_free
                0x0000000000002d90       0x1c secure_fw/partitions/crypto/mbedcrypto/nrf_security_src/libcrypto_service_mbedcrypto.a(platform.o)
                0x0000000000002d90                mbedtls_platform_set_calloc_free
 .text.psa_wipe_key_slot
                0x0000000000002dac       0x34 secure_fw/partitions/crypto/mbedcrypto/nrf_security_src/libcrypto_service_mbedcrypto.a(psa_crypto.o)
                0x0000000000002dac                psa_wipe_key_slot
 .text.mbedcrypto__psa_generate_random
                0x0000000000002de0       0x20 secure_fw/partitions/crypto/mbedcrypto/nrf_security_src/libcrypto_service_mbedcrypto.a(psa_crypto.o)
                0x0000000000002de0                mbedcrypto__psa_generate_random
 .text.mbedcrypto__psa_crypto_init
                0x0000000000002e00       0x58 secure_fw/partitions/crypto/mbedcrypto/nrf_security_src/libcrypto_service_mbedcrypto.a(psa_crypto.o)
                0x0000000000002e00                mbedcrypto__psa_crypto_init
 .text.psa_initialize_key_slots
                0x0000000000002e58       0x18 secure_fw/partitions/crypto/mbedcrypto/nrf_security_src/libcrypto_service_mbedcrypto.a(psa_crypto_slot_management.o)
                0x0000000000002e58                psa_initialize_key_slots
 .text.psa_wipe_all_key_slots
                0x0000000000002e70       0x2c secure_fw/partitions/crypto/mbedcrypto/nrf_security_src/libcrypto_service_mbedcrypto.a(psa_crypto_slot_management.o)
                0x0000000000002e70                psa_wipe_all_key_slots
 .text.psa_driver_wrapper_init
                0x0000000000002e9c        0x4 secure_fw/partitions/crypto/mbedcrypto/nrf_security_src/libcrypto_service_mbedcrypto.a(psa_crypto_driver_wrappers.o)
                0x0000000000002e9c                psa_driver_wrapper_init
 .text.psa_driver_wrapper_free
                0x0000000000002ea0        0x4 secure_fw/partitions/crypto/mbedcrypto/nrf_security_src/libcrypto_service_mbedcrypto.a(psa_crypto_driver_wrappers.o)
                0x0000000000002ea0                psa_driver_wrapper_free
 .text.psa_driver_wrapper_init_random
                0x0000000000002ea4        0x4 secure_fw/partitions/crypto/mbedcrypto/nrf_security_src/libcrypto_service_mbedcrypto.a(psa_crypto_driver_wrappers.o)
                0x0000000000002ea4                psa_driver_wrapper_init_random
 .text.psa_driver_wrapper_get_random
                0x0000000000002ea8       0x24 secure_fw/partitions/crypto/mbedcrypto/nrf_security_src/libcrypto_service_mbedcrypto.a(psa_crypto_driver_wrappers.o)
                0x0000000000002ea8                psa_driver_wrapper_get_random
 .text.psa_driver_wrapper_free_random
                0x0000000000002ecc        0x4 secure_fw/partitions/crypto/mbedcrypto/nrf_security_src/libcrypto_service_mbedcrypto.a(psa_crypto_driver_wrappers.o)
                0x0000000000002ecc                psa_driver_wrapper_free_random
 .text.memcpy   0x0000000000002ed0       0x78 secure_fw/partitions/lib/runtime/libtfm_sprt.a(crt_memcpy.o)
                0x0000000000002ed0                memcpy
 .text.common_sfn_thread
                0x0000000000002f48       0xa8 secure_fw/partitions/lib/runtime/libtfm_sprt.a(sfn_common_thread.o)
                0x0000000000002f48                common_sfn_thread
 .text.nrf_cc3xx_platform_init
                0x0000000000002ff0       0x44 /home/casper/golioth-ncs-workspace/nrfxlib/crypto/nrf_cc310_platform/lib/cortex-m33/soft-float/no-interrupts/libnrf_cc310_platform_0.9.18.a(nrf_cc3xx_platform.c.obj)
                0x0000000000002ff0                nrf_cc3xx_platform_init
 .text.nrf_cc3xx_platform_ctr_drbg_init
                0x0000000000003034       0x60 /home/casper/golioth-ncs-workspace/nrfxlib/crypto/nrf_cc310_platform/lib/cortex-m33/soft-float/no-interrupts/libnrf_cc310_platform_0.9.18.a(nrf_cc3xx_platform_ctr_drbg.c.obj)
                0x0000000000003034                nrf_cc3xx_platform_ctr_drbg_init
 .text.nrf_cc3xx_platform_ctr_drbg_get
                0x0000000000003094       0x44 /home/casper/golioth-ncs-workspace/nrfxlib/crypto/nrf_cc310_platform/lib/cortex-m33/soft-float/no-interrupts/libnrf_cc310_platform_0.9.18.a(nrf_cc3xx_platform_ctr_drbg.c.obj)
                0x0000000000003094                nrf_cc3xx_platform_ctr_drbg_get
 .text.mbedtls_zeroize_internal
                0x00000000000030d8       0x14 /home/casper/golioth-ncs-workspace/nrfxlib/crypto/nrf_cc310_platform/lib/cortex-m33/soft-float/no-interrupts/libnrf_cc310_platform_0.9.18.a(mbedtls_common.c.obj)
                0x00000000000030d8                mbedtls_zeroize_internal
 .text.mbedtls_platform_zeroize
                0x00000000000030ec       0x14 /home/casper/golioth-ncs-workspace/nrfxlib/crypto/nrf_cc310_platform/lib/cortex-m33/soft-float/no-interrupts/libnrf_cc310_platform_0.9.18.a(mbedtls_common.c.obj)
                0x00000000000030ec                mbedtls_platform_zeroize
 .text.block_cipher_df
                0x0000000000003100      0x1cc /home/casper/golioth-ncs-workspace/nrfxlib/crypto/nrf_cc310_platform/lib/cortex-m33/soft-float/no-interrupts/libnrf_cc310_platform_0.9.18.a(ctr_drbg.c.obj)
 .text.ctr_drbg_update_internal
                0x00000000000032cc      0x148 /home/casper/golioth-ncs-workspace/nrfxlib/crypto/nrf_cc310_platform/lib/cortex-m33/soft-float/no-interrupts/libnrf_cc310_platform_0.9.18.a(ctr_drbg.c.obj)
 .text.mbedtls_ctr_drbg_reseed_internal
                0x0000000000003414       0xc4 /home/casper/golioth-ncs-workspace/nrfxlib/crypto/nrf_cc310_platform/lib/cortex-m33/soft-float/no-interrupts/libnrf_cc310_platform_0.9.18.a(ctr_drbg.c.obj)
 .text.cc_mbedtls_ctr_drbg_init
                0x00000000000034d8       0x2c /home/casper/golioth-ncs-workspace/nrfxlib/crypto/nrf_cc310_platform/lib/cortex-m33/soft-float/no-interrupts/libnrf_cc310_platform_0.9.18.a(ctr_drbg.c.obj)
                0x00000000000034d8                cc_mbedtls_ctr_drbg_init
 .text.cc_mbedtls_ctr_drbg_seed
                0x0000000000003504       0x9c /home/casper/golioth-ncs-workspace/nrfxlib/crypto/nrf_cc310_platform/lib/cortex-m33/soft-float/no-interrupts/libnrf_cc310_platform_0.9.18.a(ctr_drbg.c.obj)
                0x0000000000003504                cc_mbedtls_ctr_drbg_seed
 .text.cc_mbedtls_ctr_drbg_random_with_add
                0x00000000000035a0      0x1e4 /home/casper/golioth-ncs-workspace/nrfxlib/crypto/nrf_cc310_platform/lib/cortex-m33/soft-float/no-interrupts/libnrf_cc310_platform_0.9.18.a(ctr_drbg.c.obj)
                0x00000000000035a0                cc_mbedtls_ctr_drbg_random_with_add
 .text.entropy_update
                0x0000000000003784       0x7c /home/casper/golioth-ncs-workspace/nrfxlib/crypto/nrf_cc310_platform/lib/cortex-m33/soft-float/no-interrupts/libnrf_cc310_platform_0.9.18.a(entropy.c.obj)
 .text.entropy_gather_internal.part.0
                0x0000000000003800       0x88 /home/casper/golioth-ncs-workspace/nrfxlib/crypto/nrf_cc310_platform/lib/cortex-m33/soft-float/no-interrupts/libnrf_cc310_platform_0.9.18.a(entropy.c.obj)
 .text.cc_mbedtls_entropy_init
                0x0000000000003888       0x84 /home/casper/golioth-ncs-workspace/nrfxlib/crypto/nrf_cc310_platform/lib/cortex-m33/soft-float/no-interrupts/libnrf_cc310_platform_0.9.18.a(entropy.c.obj)
                0x0000000000003888                cc_mbedtls_entropy_init
 .text.cc_mbedtls_entropy_func
                0x000000000000390c      0x110 /home/casper/golioth-ncs-workspace/nrfxlib/crypto/nrf_cc310_platform/lib/cortex-m33/soft-float/no-interrupts/libnrf_cc310_platform_0.9.18.a(entropy.c.obj)
                0x000000000000390c                cc_mbedtls_entropy_func
 .text.RndStartupTest.constprop.0
                0x0000000000003a1c       0x98 /home/casper/golioth-ncs-workspace/nrfxlib/crypto/nrf_cc310_platform/lib/cortex-m33/soft-float/no-interrupts/libnrf_cc310_platform_0.9.18.a(cc_lib.c.obj)
 .text.CC_LibInit
                0x0000000000003ab4       0xc0 /home/casper/golioth-ncs-workspace/nrfxlib/crypto/nrf_cc310_platform/lib/cortex-m33/soft-float/no-interrupts/libnrf_cc310_platform_0.9.18.a(cc_lib.c.obj)
                0x0000000000003ab4                CC_LibInit
 .text.CC_HalInit
                0x0000000000003b74        0x4 /home/casper/golioth-ncs-workspace/nrfxlib/crypto/nrf_cc310_platform/lib/cortex-m33/soft-float/no-interrupts/libnrf_cc310_platform_0.9.18.a(cc_hal.c.obj)
                0x0000000000003b74                CC_HalInit
 .text.CC_HalTerminate
                0x0000000000003b78        0x4 /home/casper/golioth-ncs-workspace/nrfxlib/crypto/nrf_cc310_platform/lib/cortex-m33/soft-float/no-interrupts/libnrf_cc310_platform_0.9.18.a(cc_hal.c.obj)
                0x0000000000003b78                CC_HalTerminate
 .text.CC_HalClearInterruptBit
                0x0000000000003b7c       0x1c /home/casper/golioth-ncs-workspace/nrfxlib/crypto/nrf_cc310_platform/lib/cortex-m33/soft-float/no-interrupts/libnrf_cc310_platform_0.9.18.a(cc_hal.c.obj)
                0x0000000000003b7c                CC_HalClearInterruptBit
 .text.CC_HalMaskInterrupt
                0x0000000000003b98        0xc /home/casper/golioth-ncs-workspace/nrfxlib/crypto/nrf_cc310_platform/lib/cortex-m33/soft-float/no-interrupts/libnrf_cc310_platform_0.9.18.a(cc_hal.c.obj)
                0x0000000000003b98                CC_HalMaskInterrupt
 .text.CC_HalWaitInterrupt
                0x0000000000003ba4        0xc /home/casper/golioth-ncs-workspace/nrfxlib/crypto/nrf_cc310_platform/lib/cortex-m33/soft-float/no-interrupts/libnrf_cc310_platform_0.9.18.a(cc_hal.c.obj)
                0x0000000000003ba4                CC_HalWaitInterrupt
 .text.CC_HalWaitInterruptRND
                0x0000000000003bb0        0xc /home/casper/golioth-ncs-workspace/nrfxlib/crypto/nrf_cc310_platform/lib/cortex-m33/soft-float/no-interrupts/libnrf_cc310_platform_0.9.18.a(cc_hal.c.obj)
                0x0000000000003bb0                CC_HalWaitInterruptRND
 .text.CC_PalInit
                0x0000000000003bbc       0x5c /home/casper/golioth-ncs-workspace/nrfxlib/crypto/nrf_cc310_platform/lib/cortex-m33/soft-float/no-interrupts/libnrf_cc310_platform_0.9.18.a(cc_pal.c.obj)
                0x0000000000003bbc                CC_PalInit
 .text.CC_PalTerminate
                0x0000000000003c18       0x34 /home/casper/golioth-ncs-workspace/nrfxlib/crypto/nrf_cc310_platform/lib/cortex-m33/soft-float/no-interrupts/libnrf_cc310_platform_0.9.18.a(cc_pal.c.obj)
                0x0000000000003c18                CC_PalTerminate
 .text.CC_PalDmaInit
                0x0000000000003c4c        0x4 /home/casper/golioth-ncs-workspace/nrfxlib/crypto/nrf_cc310_platform/lib/cortex-m33/soft-float/no-interrupts/libnrf_cc310_platform_0.9.18.a(cc_pal_dma.c.obj)
                0x0000000000003c4c                CC_PalDmaInit
 .text.CC_PalDmaTerminate
                0x0000000000003c50        0x4 /home/casper/golioth-ncs-workspace/nrfxlib/crypto/nrf_cc310_platform/lib/cortex-m33/soft-float/no-interrupts/libnrf_cc310_platform_0.9.18.a(cc_pal_dma.c.obj)
                0x0000000000003c50                CC_PalDmaTerminate
 .text.CC_PalWaitInterruptRND
                0x0000000000003c54       0x2c /home/casper/golioth-ncs-workspace/nrfxlib/crypto/nrf_cc310_platform/lib/cortex-m33/soft-float/no-interrupts/libnrf_cc310_platform_0.9.18.a(cc_pal_interrupt_ctrl.c.obj)
                0x0000000000003c54                CC_PalWaitInterruptRND
 .text.CC_PalWaitInterrupt
                0x0000000000003c80       0x18 /home/casper/golioth-ncs-workspace/nrfxlib/crypto/nrf_cc310_platform/lib/cortex-m33/soft-float/no-interrupts/libnrf_cc310_platform_0.9.18.a(cc_pal_interrupt_ctrl.c.obj)
                0x0000000000003c80                CC_PalWaitInterrupt
 .text.CC_PalMemCopyPlat
                0x0000000000003c98        0x4 /home/casper/golioth-ncs-workspace/nrfxlib/crypto/nrf_cc310_platform/lib/cortex-m33/soft-float/no-interrupts/libnrf_cc310_platform_0.9.18.a(cc_pal_mem.c.obj)
                0x0000000000003c98                CC_PalMemCopyPlat
 .text.CC_PalMemSetPlat
                0x0000000000003c9c        0x4 /home/casper/golioth-ncs-workspace/nrfxlib/crypto/nrf_cc310_platform/lib/cortex-m33/soft-float/no-interrupts/libnrf_cc310_platform_0.9.18.a(cc_pal_mem.c.obj)
                0x0000000000003c9c                CC_PalMemSetPlat
 .text.CC_PalMemSetZeroPlat
                0x0000000000003ca0        0x8 /home/casper/golioth-ncs-workspace/nrfxlib/crypto/nrf_cc310_platform/lib/cortex-m33/soft-float/no-interrupts/libnrf_cc310_platform_0.9.18.a(cc_pal_mem.c.obj)
                0x0000000000003ca0                CC_PalMemSetZeroPlat
 .text.CC_PalMutexCreate
                0x0000000000003ca8       0x14 /home/casper/golioth-ncs-workspace/nrfxlib/crypto/nrf_cc310_platform/lib/cortex-m33/soft-float/no-interrupts/libnrf_cc310_platform_0.9.18.a(cc_pal_mutex.c.obj)
                0x0000000000003ca8                CC_PalMutexCreate
 .text.CC_PalMutexDestroy
                0x0000000000003cbc       0x14 /home/casper/golioth-ncs-workspace/nrfxlib/crypto/nrf_cc310_platform/lib/cortex-m33/soft-float/no-interrupts/libnrf_cc310_platform_0.9.18.a(cc_pal_mutex.c.obj)
                0x0000000000003cbc                CC_PalMutexDestroy
 .text.CC_PalMutexLock
                0x0000000000003cd0       0x10 /home/casper/golioth-ncs-workspace/nrfxlib/crypto/nrf_cc310_platform/lib/cortex-m33/soft-float/no-interrupts/libnrf_cc310_platform_0.9.18.a(cc_pal_mutex.c.obj)
                0x0000000000003cd0                CC_PalMutexLock
 .text.CC_PalMutexUnlock
                0x0000000000003ce0       0x14 /home/casper/golioth-ncs-workspace/nrfxlib/crypto/nrf_cc310_platform/lib/cortex-m33/soft-float/no-interrupts/libnrf_cc310_platform_0.9.18.a(cc_pal_mutex.c.obj)
                0x0000000000003ce0                CC_PalMutexUnlock
 .text.CC_PalPowerSaveModeInit
                0x0000000000003cf4       0x3c /home/casper/golioth-ncs-workspace/nrfxlib/crypto/nrf_cc310_platform/lib/cortex-m33/soft-float/no-interrupts/libnrf_cc310_platform_0.9.18.a(cc_pal_pm.c.obj)
                0x0000000000003cf4                CC_PalPowerSaveModeInit
 .text.CC_PalPowerSaveModeSelect
                0x0000000000003d30       0x84 /home/casper/golioth-ncs-workspace/nrfxlib/crypto/nrf_cc310_platform/lib/cortex-m33/soft-float/no-interrupts/libnrf_cc310_platform_0.9.18.a(cc_pal_pm.c.obj)
                0x0000000000003d30                CC_PalPowerSaveModeSelect
 .text.mutex_init
                0x0000000000003db4        0xc /home/casper/golioth-ncs-workspace/nrfxlib/crypto/nrf_cc310_platform/lib/cortex-m33/soft-float/no-interrupts/libnrf_cc310_platform_0.9.18.a(threading_alt.c.obj)
                0x0000000000003db4                mutex_init
 .text.mutex_lock
                0x0000000000003dc0        0xc /home/casper/golioth-ncs-workspace/nrfxlib/crypto/nrf_cc310_platform/lib/cortex-m33/soft-float/no-interrupts/libnrf_cc310_platform_0.9.18.a(threading_alt.c.obj)
                0x0000000000003dc0                mutex_lock
 .text.mutex_unlock
                0x0000000000003dcc        0xc /home/casper/golioth-ncs-workspace/nrfxlib/crypto/nrf_cc310_platform/lib/cortex-m33/soft-float/no-interrupts/libnrf_cc310_platform_0.9.18.a(threading_alt.c.obj)
                0x0000000000003dcc                mutex_unlock
 .text.nrf_cc3xx_platform_abort
                0x0000000000003dd8       0x24 /home/casper/golioth-ncs-workspace/nrfxlib/crypto/nrf_cc310_platform/lib/cortex-m33/soft-float/no-interrupts/libnrf_cc310_platform_0.9.18.a(nrf_cc3xx_platform_abort.c.obj)
 .text.CC_PalAbort
                0x0000000000003dfc       0x34 /home/casper/golioth-ncs-workspace/nrfxlib/crypto/nrf_cc310_platform/lib/cortex-m33/soft-float/no-interrupts/libnrf_cc310_platform_0.9.18.a(nrf_cc3xx_platform_abort.c.obj)
                0x0000000000003dfc                CC_PalAbort
 .text.mutex_free
                0x0000000000003e30       0x34 /home/casper/golioth-ncs-workspace/nrfxlib/crypto/nrf_cc310_platform/lib/cortex-m33/soft-float/no-interrupts/libnrf_cc310_platform_0.9.18.a(nrf_cc3xx_platform_mutex.c.obj)
 .text.mutex_lock
                0x0000000000003e64       0x48 /home/casper/golioth-ncs-workspace/nrfxlib/crypto/nrf_cc310_platform/lib/cortex-m33/soft-float/no-interrupts/libnrf_cc310_platform_0.9.18.a(nrf_cc3xx_platform_mutex.c.obj)
 .text.mutex_unlock
                0x0000000000003eac       0x38 /home/casper/golioth-ncs-workspace/nrfxlib/crypto/nrf_cc310_platform/lib/cortex-m33/soft-float/no-interrupts/libnrf_cc310_platform_0.9.18.a(nrf_cc3xx_platform_mutex.c.obj)
 .text.mutex_init
                0x0000000000003ee4       0x20 /home/casper/golioth-ncs-workspace/nrfxlib/crypto/nrf_cc310_platform/lib/cortex-m33/soft-float/no-interrupts/libnrf_cc310_platform_0.9.18.a(nrf_cc3xx_platform_mutex.c.obj)
 .text.startTrngHW
                0x0000000000003f04      0x140 /home/casper/golioth-ncs-workspace/nrfxlib/crypto/nrf_cc310_platform/lib/cortex-m33/soft-float/no-interrupts/libnrf_cc310_platform_0.9.18.a(llf_rnd_trng90b.c.obj)
 .text.LLF_RND_RepetitionCounterTest
                0x0000000000004044       0x64 /home/casper/golioth-ncs-workspace/nrfxlib/crypto/nrf_cc310_platform/lib/cortex-m33/soft-float/no-interrupts/libnrf_cc310_platform_0.9.18.a(llf_rnd_trng90b.c.obj)
                0x0000000000004044                LLF_RND_RepetitionCounterTest
 .text.LLF_RND_AdaptiveProportionTest
                0x00000000000040a8       0x80 /home/casper/golioth-ncs-workspace/nrfxlib/crypto/nrf_cc310_platform/lib/cortex-m33/soft-float/no-interrupts/libnrf_cc310_platform_0.9.18.a(llf_rnd_trng90b.c.obj)
                0x00000000000040a8                LLF_RND_AdaptiveProportionTest
 .text.getTrngSource
                0x0000000000004128      0x2b4 /home/casper/golioth-ncs-workspace/nrfxlib/crypto/nrf_cc310_platform/lib/cortex-m33/soft-float/no-interrupts/libnrf_cc310_platform_0.9.18.a(llf_rnd_trng90b.c.obj)
 .text.LLF_RND_GetTrngSource
                0x00000000000043dc       0x18 /home/casper/golioth-ncs-workspace/nrfxlib/crypto/nrf_cc310_platform/lib/cortex-m33/soft-float/no-interrupts/libnrf_cc310_platform_0.9.18.a(llf_rnd_trng90b.c.obj)
                0x00000000000043dc                LLF_RND_GetTrngSource
 .text.LLF_RND_RunTrngStartupTest
                0x00000000000043f4       0x1c /home/casper/golioth-ncs-workspace/nrfxlib/crypto/nrf_cc310_platform/lib/cortex-m33/soft-float/no-interrupts/libnrf_cc310_platform_0.9.18.a(llf_rnd_trng90b.c.obj)
                0x00000000000043f4                LLF_RND_RunTrngStartupTest
 .text.mbedtls_hardware_poll
                0x0000000000004410       0xfc /home/casper/golioth-ncs-workspace/nrfxlib/crypto/nrf_cc310_platform/lib/cortex-m33/soft-float/no-interrupts/libnrf_cc310_platform_0.9.18.a(trng_api.c.obj)
                0x0000000000004410                mbedtls_hardware_poll
 .text.cc_mbedtls_aes_init
                0x000000000000450c       0x20 /home/casper/golioth-ncs-workspace/nrfxlib/crypto/nrf_cc310_platform/lib/cortex-m33/soft-float/no-interrupts/libnrf_cc310_platform_0.9.18.a(aes_alt.c.obj)
                0x000000000000450c                cc_mbedtls_aes_init
 .text.cc_mbedtls_aes_free
                0x000000000000452c        0xc /home/casper/golioth-ncs-workspace/nrfxlib/crypto/nrf_cc310_platform/lib/cortex-m33/soft-float/no-interrupts/libnrf_cc310_platform_0.9.18.a(aes_alt.c.obj)
                0x000000000000452c                cc_mbedtls_aes_free
 .text.cc_mbedtls_aes_setkey_enc
                0x0000000000004538       0x34 /home/casper/golioth-ncs-workspace/nrfxlib/crypto/nrf_cc310_platform/lib/cortex-m33/soft-float/no-interrupts/libnrf_cc310_platform_0.9.18.a(aes_alt.c.obj)
                0x0000000000004538                cc_mbedtls_aes_setkey_enc
 .text.cc_mbedtls_aes_crypt_ecb
                0x000000000000456c       0x50 /home/casper/golioth-ncs-workspace/nrfxlib/crypto/nrf_cc310_platform/lib/cortex-m33/soft-float/no-interrupts/libnrf_cc310_platform_0.9.18.a(aes_alt.c.obj)
                0x000000000000456c                cc_mbedtls_aes_crypt_ecb
 .text.cc_mbedtls_sha256_init
                0x00000000000045bc       0x28 /home/casper/golioth-ncs-workspace/nrfxlib/crypto/nrf_cc310_platform/lib/cortex-m33/soft-float/no-interrupts/libnrf_cc310_platform_0.9.18.a(sha256_alt.c.obj)
                0x00000000000045bc                cc_mbedtls_sha256_init
 .text.cc_mbedtls_sha256_free
                0x00000000000045e4        0xc /home/casper/golioth-ncs-workspace/nrfxlib/crypto/nrf_cc310_platform/lib/cortex-m33/soft-float/no-interrupts/libnrf_cc310_platform_0.9.18.a(sha256_alt.c.obj)
                0x00000000000045e4                cc_mbedtls_sha256_free
 .text.cc_mbedtls_sha256_starts
                0x00000000000045f0       0x28 /home/casper/golioth-ncs-workspace/nrfxlib/crypto/nrf_cc310_platform/lib/cortex-m33/soft-float/no-interrupts/libnrf_cc310_platform_0.9.18.a(sha256_alt.c.obj)
                0x00000000000045f0                cc_mbedtls_sha256_starts
 .text.cc_mbedtls_sha256_update
                0x0000000000004618       0x54 /home/casper/golioth-ncs-workspace/nrfxlib/crypto/nrf_cc310_platform/lib/cortex-m33/soft-float/no-interrupts/libnrf_cc310_platform_0.9.18.a(sha256_alt.c.obj)
                0x0000000000004618                cc_mbedtls_sha256_update
 .text.cc_mbedtls_sha256_finish
                0x000000000000466c       0x48 /home/casper/golioth-ncs-workspace/nrfxlib/crypto/nrf_cc310_platform/lib/cortex-m33/soft-float/no-interrupts/libnrf_cc310_platform_0.9.18.a(sha256_alt.c.obj)
                0x000000000000466c                cc_mbedtls_sha256_finish
 .text.mbedtls_sha_starts_internal
                0x00000000000046b4       0x28 /home/casper/golioth-ncs-workspace/nrfxlib/crypto/nrf_cc310_platform/lib/cortex-m33/soft-float/no-interrupts/libnrf_cc310_platform_0.9.18.a(mbedtls_hash_common.c.obj)
                0x00000000000046b4                mbedtls_sha_starts_internal
 .text.mbedtls_sha_finish_internal
                0x00000000000046dc       0x5c /home/casper/golioth-ncs-workspace/nrfxlib/crypto/nrf_cc310_platform/lib/cortex-m33/soft-float/no-interrupts/libnrf_cc310_platform_0.9.18.a(mbedtls_hash_common.c.obj)
                0x00000000000046dc                mbedtls_sha_finish_internal
 .text.mbedtls_sha_update_internal
                0x0000000000004738      0x1ec /home/casper/golioth-ncs-workspace/nrfxlib/crypto/nrf_cc310_platform/lib/cortex-m33/soft-float/no-interrupts/libnrf_cc310_platform_0.9.18.a(mbedtls_hash_common.c.obj)
                0x0000000000004738                mbedtls_sha_update_internal
 .text.cc_mbedtls_sha256
                0x0000000000004924       0x50 /home/casper/golioth-ncs-workspace/nrfxlib/crypto/nrf_cc310_platform/lib/cortex-m33/soft-float/no-interrupts/libnrf_cc310_platform_0.9.18.a(sha256.c.obj)
                0x0000000000004924                cc_mbedtls_sha256
 .text.RNG_PLAT_SetUserRngParameters
                0x0000000000004974       0x74 /home/casper/golioth-ncs-workspace/nrfxlib/crypto/nrf_cc310_platform/lib/cortex-m33/soft-float/no-interrupts/libnrf_cc310_platform_0.9.18.a(cc_rng_plat.c.obj)
                0x0000000000004974                RNG_PLAT_SetUserRngParameters
 .text.CC_PalTrngParamGet
                0x00000000000049e8      0x114 /home/casper/golioth-ncs-workspace/nrfxlib/crypto/nrf_cc310_platform/lib/cortex-m33/soft-float/no-interrupts/libnrf_cc310_platform_0.9.18.a(cc_pal_trng.c.obj)
                0x00000000000049e8                CC_PalTrngParamGet
 .text.LLF_RND_WaitRngInterrupt
                0x0000000000004afc       0x20 /home/casper/golioth-ncs-workspace/nrfxlib/crypto/nrf_cc310_platform/lib/cortex-m33/soft-float/no-interrupts/libnrf_cc310_platform_0.9.18.a(llf_rnd.c.obj)
                0x0000000000004afc                LLF_RND_WaitRngInterrupt
 .text.LLF_RND_GetRoscSampleCnt
                0x0000000000004b1c       0x34 /home/casper/golioth-ncs-workspace/nrfxlib/crypto/nrf_cc310_platform/lib/cortex-m33/soft-float/no-interrupts/libnrf_cc310_platform_0.9.18.a(llf_rnd.c.obj)
                0x0000000000004b1c                LLF_RND_GetRoscSampleCnt
 .text.LLF_RND_GetFastestRosc
                0x0000000000004b50       0x20 /home/casper/golioth-ncs-workspace/nrfxlib/crypto/nrf_cc310_platform/lib/cortex-m33/soft-float/no-interrupts/libnrf_cc310_platform_0.9.18.a(llf_rnd.c.obj)
                0x0000000000004b50                LLF_RND_GetFastestRosc
 .text.LLF_RND_TurnOffTrng
                0x0000000000004b70       0x18 /home/casper/golioth-ncs-workspace/nrfxlib/crypto/nrf_cc310_platform/lib/cortex-m33/soft-float/no-interrupts/libnrf_cc310_platform_0.9.18.a(llf_rnd.c.obj)
                0x0000000000004b70                LLF_RND_TurnOffTrng
 .text.SetDataBuffersInfo
                0x0000000000004b88       0x68 /home/casper/golioth-ncs-workspace/nrfxlib/crypto/nrf_cc310_platform/lib/cortex-m33/soft-float/no-interrupts/libnrf_cc310_platform_0.9.18.a(driver_common.c.obj)
                0x0000000000004b88                SetDataBuffersInfo
 .text.InitHashDrv
                0x0000000000004bf0       0x50 /home/casper/golioth-ncs-workspace/nrfxlib/crypto/nrf_cc310_platform/lib/cortex-m33/soft-float/no-interrupts/libnrf_cc310_platform_0.9.18.a(hash_driver.c.obj)
                0x0000000000004bf0                InitHashDrv
 .text.ProcessHashDrv
                0x0000000000004c40      0x22c /home/casper/golioth-ncs-workspace/nrfxlib/crypto/nrf_cc310_platform/lib/cortex-m33/soft-float/no-interrupts/libnrf_cc310_platform_0.9.18.a(hash_driver.c.obj)
                0x0000000000004c40                ProcessHashDrv
 .text.FinishHashDrv
                0x0000000000004e6c       0x74 /home/casper/golioth-ncs-workspace/nrfxlib/crypto/nrf_cc310_platform/lib/cortex-m33/soft-float/no-interrupts/libnrf_cc310_platform_0.9.18.a(hash_driver.c.obj)
                0x0000000000004e6c                FinishHashDrv
 .text.LoadAesKey
                0x0000000000004ee0       0xe8 /home/casper/golioth-ncs-workspace/nrfxlib/crypto/nrf_cc310_platform/lib/cortex-m33/soft-float/no-interrupts/libnrf_cc310_platform_0.9.18.a(aes_driver.c.obj)
 .text.InitAes.part.0
                0x0000000000004fc8       0xe4 /home/casper/golioth-ncs-workspace/nrfxlib/crypto/nrf_cc310_platform/lib/cortex-m33/soft-float/no-interrupts/libnrf_cc310_platform_0.9.18.a(aes_driver.c.obj)
 .text.write_invalid_key
                0x00000000000050ac       0x30 /home/casper/golioth-ncs-workspace/nrfxlib/crypto/nrf_cc310_platform/lib/cortex-m33/soft-float/no-interrupts/libnrf_cc310_platform_0.9.18.a(aes_driver.c.obj)
                0x00000000000050ac                write_invalid_key
 .text.ProcessAesDrv
                0x00000000000050dc      0x368 /home/casper/golioth-ncs-workspace/nrfxlib/crypto/nrf_cc310_platform/lib/cortex-m33/soft-float/no-interrupts/libnrf_cc310_platform_0.9.18.a(aes_driver.c.obj)
                0x00000000000050dc                ProcessAesDrv
 .text.FinishAesDrv
                0x0000000000005444      0x254 /home/casper/golioth-ncs-workspace/nrfxlib/crypto/nrf_cc310_platform/lib/cortex-m33/soft-float/no-interrupts/libnrf_cc310_platform_0.9.18.a(aes_driver.c.obj)
                0x0000000000005444                FinishAesDrv
 .text.kmu_validate_slot_and_size
                0x0000000000005698       0x2c /home/casper/golioth-ncs-workspace/nrfxlib/crypto/nrf_cc310_platform/lib/cortex-m33/soft-float/no-interrupts/libnrf_cc310_platform_0.9.18.a(kmu_shared.c.obj)
                0x0000000000005698                kmu_validate_slot_and_size
 .text.kmu_validate_slot_and_size_no_kdr
                0x00000000000056c4       0x80 /home/casper/golioth-ncs-workspace/nrfxlib/crypto/nrf_cc310_platform/lib/cortex-m33/soft-float/no-interrupts/libnrf_cc310_platform_0.9.18.a(kmu_shared.c.obj)
                0x00000000000056c4                kmu_validate_slot_and_size_no_kdr
 .text.kmu_validate_kdr_slot_and_size
                0x0000000000005744       0x48 /home/casper/golioth-ncs-workspace/nrfxlib/crypto/nrf_cc310_platform/lib/cortex-m33/soft-float/no-interrupts/libnrf_cc310_platform_0.9.18.a(kmu_shared.c.obj)
                0x0000000000005744                kmu_validate_kdr_slot_and_size
 .text.kmu_use_kdr_key
                0x000000000000578c       0x14 /home/casper/golioth-ncs-workspace/nrfxlib/crypto/nrf_cc310_platform/lib/cortex-m33/soft-float/no-interrupts/libnrf_cc310_platform_0.9.18.a(kmu_shared.c.obj)
                0x000000000000578c                kmu_use_kdr_key
 .text.kmu_load_key_aes
                0x00000000000057a0       0x94 /home/casper/golioth-ncs-workspace/nrfxlib/crypto/nrf_cc310_platform/lib/cortex-m33/soft-float/no-interrupts/libnrf_cc310_platform_0.9.18.a(kmu_shared.c.obj)
                0x00000000000057a0                kmu_load_key_aes
 .text.kmu_derive_cmac
                0x0000000000005834      0x170 /home/casper/golioth-ncs-workspace/nrfxlib/crypto/nrf_cc310_platform/lib/cortex-m33/soft-float/no-interrupts/libnrf_cc310_platform_0.9.18.a(kmu_shared.c.obj)
                0x0000000000005834                kmu_derive_cmac
 .text.UtilCmacBuildDataForDerivation
                0x00000000000059a4       0xc0 /home/casper/golioth-ncs-workspace/nrfxlib/crypto/nrf_cc310_platform/lib/cortex-m33/soft-float/no-interrupts/libnrf_cc310_platform_0.9.18.a(cc_util_cmac.c.obj)
                0x00000000000059a4                UtilCmacBuildDataForDerivation
 .text.CC_PalDataBufferAttrGet
                0x0000000000005a64        0x8 /home/casper/golioth-ncs-workspace/nrfxlib/crypto/nrf_cc310_platform/lib/cortex-m33/soft-float/no-interrupts/libnrf_cc310_platform_0.9.18.a(cc_pal_buff_attr.c.obj)
                0x0000000000005a64                CC_PalDataBufferAttrGet
 .text          0x0000000000005a6c       0xc8 /home/casper/zephyr-sdk-0.16.4/arm-zephyr-eabi/bin/../lib/gcc/arm-zephyr-eabi/12.2.0/thumb/v8-m.main/nofp/libgcc.a(cmse.o)
                0x0000000000005a6c                cmse_check_address_range
 .text.exit     0x0000000000005b34       0x28 /home/casper/zephyr-sdk-0.16.4/arm-zephyr-eabi/bin/../lib/gcc/arm-zephyr-eabi/12.2.0/../../../../arm-zephyr-eabi/lib/thumb/v8-m.main/nofp/libg_nano.a(lib_a-exit.o)
                0x0000000000005b34                exit
 .text.__libc_init_array
                0x0000000000005b5c       0x48 /home/casper/zephyr-sdk-0.16.4/arm-zephyr-eabi/bin/../lib/gcc/arm-zephyr-eabi/12.2.0/../../../../arm-zephyr-eabi/lib/thumb/v8-m.main/nofp/libg_nano.a(lib_a-init.o)
                0x0000000000005b5c                __libc_init_array
 .text.memmove  0x0000000000005ba4       0x34 /home/casper/zephyr-sdk-0.16.4/arm-zephyr-eabi/bin/../lib/gcc/arm-zephyr-eabi/12.2.0/../../../../arm-zephyr-eabi/lib/thumb/v8-m.main/nofp/libg_nano.a(lib_a-memmove.o)
                0x0000000000005ba4                memmove
 .text._exit    0x0000000000005bd8        0x4 /home/casper/zephyr-sdk-0.16.4/arm-zephyr-eabi/bin/../lib/gcc/arm-zephyr-eabi/12.2.0/../../../../arm-zephyr-eabi/lib/thumb/v8-m.main/nofp/libnosys.a(_exit.o)
                0x0000000000005bd8                _exit
 *(.init)
 .init          0x0000000000005bdc        0x4 /home/casper/zephyr-sdk-0.16.4/arm-zephyr-eabi/bin/../lib/gcc/arm-zephyr-eabi/12.2.0/thumb/v8-m.main/nofp/crti.o
                0x0000000000005bdc                _init
 .init          0x0000000000005be0        0x8 /home/casper/zephyr-sdk-0.16.4/arm-zephyr-eabi/bin/../lib/gcc/arm-zephyr-eabi/12.2.0/thumb/v8-m.main/nofp/crtn.o
 *(.fini)
 .fini          0x0000000000005be8        0x4 /home/casper/zephyr-sdk-0.16.4/arm-zephyr-eabi/bin/../lib/gcc/arm-zephyr-eabi/12.2.0/thumb/v8-m.main/nofp/crti.o
                0x0000000000005be8                _fini
 .fini          0x0000000000005bec        0x8 /home/casper/zephyr-sdk-0.16.4/arm-zephyr-eabi/bin/../lib/gcc/arm-zephyr-eabi/12.2.0/thumb/v8-m.main/nofp/crtn.o
 *crtbegin.o(.ctors)
 *crtbegin?.o(.ctors)
 *(EXCLUDE_FILE(*crtend.o *crtend?.o) .ctors)
 *(SORT_BY_NAME(.ctors.*))
 *(.ctors)
 *crtbegin.o(.dtors)
 *crtbegin?.o(.dtors)
 *(EXCLUDE_FILE(*crtend.o *crtend?.o) .dtors)
 *(SORT_BY_NAME(.dtors.*))
 *(.dtors)
 *(.rodata*)
 .rodata.str1.4
                0x0000000000005bf4        0xb secure_fw/CMakeFiles/tfm_s.dir/__/generated/secure_fw/partitions/crypto/auto_generated/load_info_tfm_crypto.o
 *fill*         0x0000000000005bff        0x1 
 .rodata.str1.4
                0x0000000000005c00       0x15 secure_fw/CMakeFiles/tfm_s.dir/__/generated/secure_fw/partitions/platform/auto_generated/load_info_tfm_platform.o
 *fill*         0x0000000000005c15        0x3 
 .rodata.psa_api_cross
                0x0000000000005c18       0x2c secure_fw/partitions/lib/runtime/libtfm_sprt.a(psa_interface_cross.o)
                0x0000000000005c18                psa_api_cross
 .rodata.CSWTCH.10
                0x0000000000005c44       0x1c /home/casper/golioth-ncs-workspace/nrfxlib/crypto/nrf_cc310_platform/lib/cortex-m33/soft-float/no-interrupts/libnrf_cc310_platform_0.9.18.a(nrf_cc3xx_platform.c.obj)
 .rodata.RndStartupTest.constprop.0.str1.4
                0x0000000000005c60       0x6f /home/casper/golioth-ncs-workspace/nrfxlib/crypto/nrf_cc310_platform/lib/cortex-m33/soft-float/no-interrupts/libnrf_cc310_platform_0.9.18.a(cc_lib.c.obj)
 *fill*         0x0000000000005ccf        0x1 
 .rodata.CC_PalPowerSaveModeInit.str1.4
                0x0000000000005cd0       0x20 /home/casper/golioth-ncs-workspace/nrfxlib/crypto/nrf_cc310_platform/lib/cortex-m33/soft-float/no-interrupts/libnrf_cc310_platform_0.9.18.a(cc_pal_pm.c.obj)
 .rodata.mutex_free.str1.4
                0x0000000000005cf0       0x26 /home/casper/golioth-ncs-workspace/nrfxlib/crypto/nrf_cc310_platform/lib/cortex-m33/soft-float/no-interrupts/libnrf_cc310_platform_0.9.18.a(nrf_cc3xx_platform_mutex.c.obj)
 *fill*         0x0000000000005d16        0x2 
 .rodata.mutex_init.str1.4
                0x0000000000005d18       0x23 /home/casper/golioth-ncs-workspace/nrfxlib/crypto/nrf_cc310_platform/lib/cortex-m33/soft-float/no-interrupts/libnrf_cc310_platform_0.9.18.a(nrf_cc3xx_platform_mutex.c.obj)
 *fill*         0x0000000000005d3b        0x1 
 .rodata.mbedtls_hardware_poll.str1.4
                0x0000000000005d3c       0x16 /home/casper/golioth-ncs-workspace/nrfxlib/crypto/nrf_cc310_platform/lib/cortex-m33/soft-float/no-interrupts/libnrf_cc310_platform_0.9.18.a(trng_api.c.obj)
                                         0x6e (size before relaxing)
 *fill*         0x0000000000005d52        0x2 
 .rodata.cc_mbedtls_aes_init.str1.4
                0x0000000000005d54       0x13 /home/casper/golioth-ncs-workspace/nrfxlib/crypto/nrf_cc310_platform/lib/cortex-m33/soft-float/no-interrupts/libnrf_cc310_platform_0.9.18.a(aes_alt.c.obj)
 *fill*         0x0000000000005d67        0x1 
 .rodata.cc_mbedtls_sha256_init.str1.4
                0x0000000000005d68        0xe /home/casper/golioth-ncs-workspace/nrfxlib/crypto/nrf_cc310_platform/lib/cortex-m33/soft-float/no-interrupts/libnrf_cc310_platform_0.9.18.a(sha256_alt.c.obj)
 .rodata.ProcessHashDrv.str1.4
                0x0000000000005d76       0x6f /home/casper/golioth-ncs-workspace/nrfxlib/crypto/nrf_cc310_platform/lib/cortex-m33/soft-float/no-interrupts/libnrf_cc310_platform_0.9.18.a(hash_driver.c.obj)
 *fill*         0x0000000000005d76        0x2 
 .rodata.HASH_LARVAL_SHA256
                0x0000000000005d78       0x20 /home/casper/golioth-ncs-workspace/nrfxlib/crypto/nrf_cc310_platform/lib/cortex-m33/soft-float/no-interrupts/libnrf_cc310_platform_0.9.18.a(hash_driver.c.obj)
 .rodata.HASH_LARVAL_SHA224
                0x0000000000005d98       0x20 /home/casper/golioth-ncs-workspace/nrfxlib/crypto/nrf_cc310_platform/lib/cortex-m33/soft-float/no-interrupts/libnrf_cc310_platform_0.9.18.a(hash_driver.c.obj)
 .rodata.HASH_LARVAL_SHA1
                0x0000000000005db8       0x14 /home/casper/golioth-ncs-workspace/nrfxlib/crypto/nrf_cc310_platform/lib/cortex-m33/soft-float/no-interrupts/libnrf_cc310_platform_0.9.18.a(hash_driver.c.obj)
 .rodata.ProcessAesDrv.str1.4
                0x0000000000005dcc       0x6f /home/casper/golioth-ncs-workspace/nrfxlib/crypto/nrf_cc310_platform/lib/cortex-m33/soft-float/no-interrupts/libnrf_cc310_platform_0.9.18.a(aes_driver.c.obj)
 .rodata._global_impure_ptr
                0x0000000000005dcc        0x4 /home/casper/zephyr-sdk-0.16.4/arm-zephyr-eabi/bin/../lib/gcc/arm-zephyr-eabi/12.2.0/../../../../arm-zephyr-eabi/lib/thumb/v8-m.main/nofp/libg_nano.a(lib_a-impure.o)
                0x0000000000005dcc                _global_impure_ptr
 *(.eh_frame*)
 .eh_frame      0x0000000000005dd0        0x0 /home/casper/zephyr-sdk-0.16.4/arm-zephyr-eabi/bin/../lib/gcc/arm-zephyr-eabi/12.2.0/thumb/v8-m.main/nofp/crtbegin.o
 .eh_frame      0x0000000000005dd0        0x4 /home/casper/zephyr-sdk-0.16.4/arm-zephyr-eabi/bin/../lib/gcc/arm-zephyr-eabi/12.2.0/thumb/v8-m.main/nofp/crtend.o
                0x0000000000005e40                . = ALIGN (0x20)
 *fill*         0x0000000000005dd4        0xc 
                0x00000000000027a0                Image$$TFM_UNPRIV_CODE$$RO$$Base = ADDR (.TFM_UNPRIV_CODE)
                0x0000000000005de0                Image$$TFM_UNPRIV_CODE$$RO$$Limit = (ADDR (.TFM_UNPRIV_CODE) + SIZEOF (.TFM_UNPRIV_CODE))

.glue_7         0x0000000000005de0        0x0
 .glue_7        0x0000000000005de0        0x0 linker stubs

.glue_7t        0x0000000000005de0        0x0
 .glue_7t       0x0000000000005de0        0x0 linker stubs

.vfp11_veneer   0x0000000000005de0        0x0
 .vfp11_veneer  0x0000000000005de0        0x0 linker stubs

.v4_bx          0x0000000000005de0        0x0
 .v4_bx         0x0000000000005de0        0x0 linker stubs

.iplt           0x0000000000005de0        0x0
 .iplt          0x0000000000005de0        0x0 /home/casper/zephyr-sdk-0.16.4/arm-zephyr-eabi/bin/../lib/gcc/arm-zephyr-eabi/12.2.0/thumb/v8-m.main/nofp/crtbegin.o

.psa_interface_cross_call
                0x0000000000005de0       0x8c
 .psa_interface_cross_call
                0x0000000000005de0       0x8c secure_fw/partitions/lib/runtime/libtfm_sprt.a(psa_interface_cross.o)
                0x0000000000005de0                psa_framework_version_cross
                0x0000000000005de8                psa_version_cross
                0x0000000000005df0                tfm_psa_call_pack_cross
                0x0000000000005df8                psa_wait_cross
                0x0000000000005e00                psa_get_cross
                0x0000000000005e08                psa_read_cross
                0x0000000000005e10                psa_skip_cross
                0x0000000000005e18                psa_write_cross
                0x0000000000005e20                psa_reply_cross
                0x0000000000005e28                psa_panic_cross
                0x0000000000005e30                psa_rot_lifecycle_state_cross

.rel.dyn        0x0000000000005e6c        0x0
 .rel.iplt      0x0000000000005e6c        0x0 /home/casper/zephyr-sdk-0.16.4/arm-zephyr-eabi/bin/../lib/gcc/arm-zephyr-eabi/12.2.0/thumb/v8-m.main/nofp/crtbegin.o

.gnu.sgstubs    0x0000000000007c00       0x40
 *(.gnu.sgstubs*)
 .gnu.sgstubs.__stub
                0x0000000000007c00       0x28 linker stubs
                0x0000000000007c00                tfm_psa_framework_version_veneer
                0x0000000000007c08                tfm_psa_version_veneer